127.0.0.1 - frank [10/Nov/2019:11:37:04 +0000] "GET /api/user HTTP/1.0" 500 15
127.0.0.1 - james [10/Nov/2019:11:37:05 +0000] "GET /api/user HTTP/1.0" 300 15
127.0.0.1 - jill [10/Nov/2019:11:37:06 +0000] "POST /report HTTP/1.0" 500 656
127.0.0.1 - mary [10/Nov/2019:11:37:06 +0000] "POST /api/user HTTP/1.0" 200 656
127.0.0.1 - james [10/Nov/2019:11:37:06 +0000] "GET /report HTTP/1.0" 200 656
127.0.0.1 - jill [10/Nov/2019:11:37:07 +0000] "GET /api/user HTTP/1.0" 500 656
127.0.0.1 - mary [10/Nov/2019:11:37:07 +0000] "POST /api/user HTTP/1.0" 500 123
127.0.0.1 - jill [10/Nov/2019:11:37:08 +0000] "GET /report HTTP/1.0" 400 656
127.0.0.1 - james [10/Nov/2019:11:37:08 +0000] "POST /report HTTP/1.0" 200 15
127.0.0.1 - james [10/Nov/2019:11:37:09 +0000] "POST /report HTTP/1.0" 500 15
127.0.0.1 - frank [10/Nov/2019:11:37:09 +0000] "POST /report HTTP/1.0" 500 123
127.0.0.1 - mary [10/Nov/2019:11:37:10 +0000] "POST /report HTTP/1.0" 200 123
127.0.0.1 - jill [10/Nov/2019:11:37:10 +0000] "GET /report HTTP/1.0" 300 656
127.0.0.1 - frank [10/Nov/2019:11:37:10 +0000] "GET /report HTTP/1.0" 200 15
127.0.0.1 - frank [10/Nov/2019:11:37:10 +0000] "GET /report HTTP/1.0" 300 123
127.0.0.1 - jill [10/Nov/2019:11:37:11 +0000] "POST /report HTTP/1.0" 500 123
127.0.0.1 - jill [10/Nov/2019:11:37:11 +0000] "POST /report HTTP/1.0" 500 123
127.0.0.1 - james [10/Nov/2019:11:37:12 +0000] "GET /report HTTP/1.0" 500 656
127.0.0.1 - jill [10/Nov/2019:11:37:12 +0000] "GET /api/user HTTP/1.0" 200 656
127.0.0.1 - frank [10/Nov/2019:11:37:13 +0000] "POST /report HTTP/1.0" 200 123
127.0.0.1 - frank [10/Nov/2019:11:37:14 +0000] "GET /api/user HTTP/1.0" 200 656
127.0.0.1 - frank [10/Nov/2019:11:37:14 +0000] "GET /api/user HTTP/1.0" 500 15
127.0.0.1 - mary [10/Nov/2019:11:37:14 +0000] "GET /api/user HTTP/1.0" 500 15
127.0.0.1 - james [10/Nov/2019:11:37:15 +0000] "GET /report HTTP/1.0" 300 123
127.0.0.1 - mary [10/Nov/2019:11:37:15 +0000] "GET /report HTTP/1.0" 300 656
127.0.0.1 - frank [10/Nov/2019:11:37:15 +0000] "GET /report HTTP/1.0" 400 656
127.0.0.1 - jill [10/Nov/2019:11:37:16 +0000] "GET /report HTTP/1.0" 400 15
127.0.0.1 - frank [10/Nov/2019:11:37:16 +0000] "GET /api/user HTTP/1.0" 400 15
127.0.0.1 - james [10/Nov/2019:11:37:17 +0000] "GET /api/user HTTP/1.0" 400 656
127.0.0.1 - james [10/Nov/2019:11:37:17 +0000] "GET /report HTTP/1.0" 300 123
127.0.0.1 - jill [10/Nov/2019:11:37:18 +0000] "POST /report HTTP/1.0" 200 123
127.0.0.1 - frank [10/Nov/2019:11:37:18 +0000] "GET /report HTTP/1.0" 200 656
127.0.0.1 - james [10/Nov/2019:11:37:18 +0000] "GET /api/user HTTP/1.0" 300 123
127.0.0.1 - jill [10/Nov/2019:11:37:19 +0000] "POST /report HTTP/1.0" 300 123
127.0.0.1 - mary [10/Nov/2019:11:37:19 +0000] "GET /api/user HTTP/1.0" 500 15
127.0.0.1 - mary [10/Nov/2019:11:37:19 +0000] "GET /api/user HTTP/1.0" 300 656
127.0.0.1 - jill [10/Nov/2019:11:37:20 +0000] "POST /api/user HTTP/1.0" 200 15
127.0.0.1 - frank [10/Nov/2019:11:37:21 +0000] "GET /api/user HTTP/1.0" 500 123
127.0.0.1 - james [10/Nov/2019:11:37:21 +0000] "POST /report HTTP/1.0" 500 15
127.0.0.1 - jill [10/Nov/2019:11:37:22 +0000] "GET /api/user HTTP/1.0" 300 123
127.0.0.1 - mary [10/Nov/2019:11:37:22 +0000] "GET /api/user HTTP/1.0" 500 123
127.0.0.1 - jill [10/Nov/2019:11:37:23 +0000] "GET /api/user HTTP/1.0" 300 15
127.0.0.1 - james [10/Nov/2019:11:37:23 +0000] "GET /report HTTP/1.0" 400 656
127.0.0.1 - frank [10/Nov/2019:11:37:24 +0000] "GET /report HTTP/1.0" 200 656
127.0.0.1 - jill [10/Nov/2019:11:37:24 +0000] "POST /report HTTP/1.0" 500 123
127.0.0.1 - jill [10/Nov/2019:11:37:25 +0000] "POST /api/user HTTP/1.0" 300 123
127.0.0.1 - frank [10/Nov/2019:11:37:25 +0000] "POST /api/user HTTP/1.0" 500 656
127.0.0.1 - james [10/Nov/2019:11:37:26 +0000] "GET /report HTTP/1.0" 200 123
127.0.0.1 - frank [10/Nov/2019:11:37:26 +0000] "GET /report HTTP/1.0" 500 15
127.0.0.1 - frank [10/Nov/2019:11:37:27 +0000] "POST /api/user HTTP/1.0" 300 15
127.0.0.1 - frank [10/Nov/2019:11:37:27 +0000] "POST /api/user HTTP/1.0" 500 15
127.0.0.1 - frank [10/Nov/2019:11:37:28 +0000] "POST /report HTTP/1.0" 300 15
127.0.0.1 - james [10/Nov/2019:11:37:28 +0000] "GET /api/user HTTP/1.0" 400 123
127.0.0.1 - james [10/Nov/2019:11:37:29 +0000] "GET /api/user HTTP/1.0" 300 15
127.0.0.1 - mary [10/Nov/2019:11:37:30 +0000] "POST /report HTTP/1.0" 400 656
127.0.0.1 - mary [10/Nov/2019:11:37:30 +0000] "POST /api/user HTTP/1.0" 200 15
127.0.0.1 - jill [10/Nov/2019:11:37:30 +0000] "POST /api/user HTTP/1.0" 300 123
127.0.0.1 - mary [10/Nov/2019:11:37:31 +0000] "GET /api/user HTTP/1.0" 300 123
127.0.0.1 - mary [10/Nov/2019:11:37:32 +0000] "POST /report HTTP/1.0" 400 15
127.0.0.1 - james [10/Nov/2019:11:37:32 +0000] "POST /report HTTP/1.0" 200 15
127.0.0.1 - james [10/Nov/2019:11:37:33 +0000] "GET /report HTTP/1.0" 500 123
127.0.0.1 - frank [10/Nov/2019:11:37:33 +0000] "GET /api/user HTTP/1.0" 300 656
127.0.0.1 - frank [10/Nov/2019:11:37:34 +0000] "POST /report HTTP/1.0" 200 656
127.0.0.1 - frank [10/Nov/2019:11:37:34 +0000] "GET /report HTTP/1.0" 500 123
127.0.0.1 - mary [10/Nov/2019:11:37:35 +0000] "POST /report HTTP/1.0" 200 123
127.0.0.1 - mary [10/Nov/2019:11:37:35 +0000] "GET /api/user HTTP/1.0" 500 15
127.0.0.1 - jill [10/Nov/2019:11:37:36 +0000] "POST /api/user HTTP/1.0" 400 656
127.0.0.1 - jill [10/Nov/2019:11:37:36 +0000] "POST /api/user HTTP/1.0" 500 123
127.0.0.1 - frank [10/Nov/2019:11:37:37 +0000] "GET /api/user HTTP/1.0" 200 656
127.0.0.1 - james [10/Nov/2019:11:37:37 +0000] "GET /report HTTP/1.0" 400 15
127.0.0.1 - jill [10/Nov/2019:11:37:38 +0000] "GET /report HTTP/1.0" 400 15
127.0.0.1 - jill [10/Nov/2019:11:37:38 +0000] "POST /api/user HTTP/1.0" 400 15
127.0.0.1 - frank [10/Nov/2019:11:37:39 +0000] "GET /report HTTP/1.0" 400 15
127.0.0.1 - mary [10/Nov/2019:11:37:39 +0000] "POST /report HTTP/1.0" 400 656
127.0.0.1 - jill [10/Nov/2019:11:37:40 +0000] "GET /report HTTP/1.0" 400 15
127.0.0.1 - jill [10/Nov/2019:11:37:40 +0000] "GET /api/user HTTP/1.0" 300 15
127.0.0.1 - mary [10/Nov/2019:11:37:40 +0000] "GET /report HTTP/1.0" 500 123
127.0.0.1 - jill [10/Nov/2019:11:37:41 +0000] "GET /report HTTP/1.0" 400 656
127.0.0.1 - mary [10/Nov/2019:11:37:41 +0000] "GET /report HTTP/1.0" 200 15
127.0.0.1 - james [10/Nov/2019:11:37:42 +0000] "GET /report HTTP/1.0" 400 123
127.0.0.1 - james [10/Nov/2019:11:37:43 +0000] "POST /api/user HTTP/1.0" 500 15
127.0.0.1 - james [10/Nov/2019:11:37:43 +0000] "GET /api/user HTTP/1.0" 400 656
127.0.0.1 - jill [10/Nov/2019:11:37:43 +0000] "POST /api/user HTTP/1.0" 200 15
127.0.0.1 - james [10/Nov/2019:11:37:44 +0000] "GET /report HTTP/1.0" 500 15
127.0.0.1 - james [10/Nov/2019:11:37:44 +0000] "POST /report HTTP/1.0" 500 15
127.0.0.1 - jill [10/Nov/2019:11:37:44 +0000] "POST /report HTTP/1.0" 500 656
127.0.0.1 - james [10/Nov/2019:11:37:45 +0000] "GET /report HTTP/1.0" 300 656
127.0.0.1 - mary [10/Nov/2019:11:37:46 +0000] "GET /report HTTP/1.0" 500 123
127.0.0.1 - frank [10/Nov/2019:11:37:46 +0000] "GET /report HTTP/1.0" 400 656
127.0.0.1 - jill [10/Nov/2019:11:37:46 +0000] "GET /api/user HTTP/1.0" 300 656
127.0.0.1 - mary [10/Nov/2019:11:37:47 +0000] "GET /report HTTP/1.0" 200 15
127.0.0.1 - james [10/Nov/2019:11:37:48 +0000] "POST /api/user HTTP/1.0" 500 123
127.0.0.1 - james [10/Nov/2019:11:37:48 +0000] "GET /api/user HTTP/1.0" 500 15
127.0.0.1 - james [10/Nov/2019:11:37:48 +0000] "GET /api/user HTTP/1.0" 200 15
127.0.0.1 - jill [10/Nov/2019:11:37:49 +0000] "GET /api/user HTTP/1.0" 400 656
127.0.0.1 - frank [10/Nov/2019:11:37:49 +0000] "POST /api/user HTTP/1.0" 200 123
127.0.0.1 - james [10/Nov/2019:11:37:50 +0000] "POST /api/user HTTP/1.0" 400 123
127.0.0.1 - frank [10/Nov/2019:11:37:50 +0000] "GET /api/user HTTP/1.0" 500 123
127.0.0.1 - james [10/Nov/2019:11:37:51 +0000] "POST /report HTTP/1.0" 200 123
127.0.0.1 - jill [10/Nov/2019:11:37:51 +0000] "GET /report HTTP/1.0" 400 123
127.0.0.1 - mary [10/Nov/2019:11:37:52 +0000] "POST /api/user HTTP/1.0" 500 656
127.0.0.1 - mary [10/Nov/2019:11:37:52 +0000] "POST /api/user HTTP/1.0" 300 123
127.0.0.1 - frank [10/Nov/2019:11:37:53 +0000] "GET /api/user HTTP/1.0" 500 123
127.0.0.1 - jill [10/Nov/2019:11:37:53 +0000] "POST /report HTTP/1.0" 500 656
127.0.0.1 - james [10/Nov/2019:11:37:54 +0000] "POST /api/user HTTP/1.0" 300 656
127.0.0.1 - mary [10/Nov/2019:11:37:54 +0000] "POST /report HTTP/1.0" 300 15
127.0.0.1 - mary [10/Nov/2019:11:37:55 +0000] "GET /api/user HTTP/1.0" 400 656
127.0.0.1 - james [10/Nov/2019:11:37:55 +0000] "GET /report HTTP/1.0" 200 15
127.0.0.1 - frank [10/Nov/2019:11:37:56 +0000] "GET /report HTTP/1.0" 400 123
127.0.0.1 - frank [10/Nov/2019:11:37:57 +0000] "GET /api/user HTTP/1.0" 500 15
127.0.0.1 - mary [10/Nov/2019:11:37:57 +0000] "GET /api/user HTTP/1.0" 200 123
127.0.0.1 - jill [10/Nov/2019:11:37:58 +0000] "GET /api/user HTTP/1.0" 200 15
127.0.0.1 - frank [10/Nov/2019:11:37:58 +0000] "GET /api/user HTTP/1.0" 300 123
127.0.0.1 - james [10/Nov/2019:11:37:59 +0000] "POST /report HTTP/1.0" 400 15
127.0.0.1 - frank [10/Nov/2019:11:37:59 +0000] "POST /api/user HTTP/1.0" 200 656
127.0.0.1 - james [10/Nov/2019:11:38:00 +0000] "GET /api/user HTTP/1.0" 400 123
127.0.0.1 - james [10/Nov/2019:11:38:00 +0000] "GET /api/user HTTP/1.0" 400 123
127.0.0.1 - james [10/Nov/2019:11:38:01 +0000] "GET /report HTTP/1.0" 500 123
127.0.0.1 - james [10/Nov/2019:11:38:01 +0000] "POST /api/user HTTP/1.0" 200 15
127.0.0.1 - james [10/Nov/2019:11:38:02 +0000] "POST /report HTTP/1.0" 200 15
127.0.0.1 - frank [10/Nov/2019:11:38:02 +0000] "POST /report HTTP/1.0" 300 123
127.0.0.1 - frank [10/Nov/2019:11:38:03 +0000] "POST /api/user HTTP/1.0" 400 123
127.0.0.1 - james [10/Nov/2019:11:38:03 +0000] "GET /api/user HTTP/1.0" 500 123
127.0.0.1 - james [10/Nov/2019:11:38:04 +0000] "GET /report HTTP/1.0" 400 123
127.0.0.1 - jill [10/Nov/2019:11:38:04 +0000] "GET /api/user HTTP/1.0" 200 15
127.0.0.1 - james [10/Nov/2019:11:38:05 +0000] "POST /report HTTP/1.0" 400 123
127.0.0.1 - jill [10/Nov/2019:11:38:05 +0000] "POST /api/user HTTP/1.0" 400 656
127.0.0.1 - mary [10/Nov/2019:11:38:06 +0000] "GET /report HTTP/1.0" 200 123
127.0.0.1 - james [10/Nov/2019:11:38:07 +0000] "GET /api/user HTTP/1.0" 500 15
127.0.0.1 - james [10/Nov/2019:11:38:07 +0000] "GET /api/user HTTP/1.0" 200 656
127.0.0.1 - mary [10/Nov/2019:11:38:08 +0000] "GET /api/user HTTP/1.0" 500 15
127.0.0.1 - jill [10/Nov/2019:11:38:08 +0000] "GET /report HTTP/1.0" 300 123
127.0.0.1 - james [10/Nov/2019:11:38:09 +0000] "POST /report HTTP/1.0" 300 656
127.0.0.1 - mary [10/Nov/2019:11:38:09 +0000] "POST /report HTTP/1.0" 300 15
127.0.0.1 - jill [10/Nov/2019:11:38:09 +0000] "GET /api/user HTTP/1.0" 200 656
127.0.0.1 - frank [10/Nov/2019:11:38:10 +0000] "POST /api/user HTTP/1.0" 300 656
127.0.0.1 - james [10/Nov/2019:11:38:10 +0000] "POST /report HTTP/1.0" 400 123
127.0.0.1 - james [10/Nov/2019:11:38:11 +0000] "POST /api/user HTTP/1.0" 200 15
127.0.0.1 - james [10/Nov/2019:11:38:11 +0000] "GET /report HTTP/1.0" 500 123
127.0.0.1 - james [10/Nov/2019:11:38:12 +0000] "GET /report HTTP/1.0" 500 656
127.0.0.1 - james [10/Nov/2019:11:38:12 +0000] "POST /api/user HTTP/1.0" 500 15
127.0.0.1 - frank [10/Nov/2019:11:38:13 +0000] "GET /api/user HTTP/1.0" 500 656
127.0.0.1 - mary [10/Nov/2019:11:38:13 +0000] "GET /api/user HTTP/1.0" 400 15
127.0.0.1 - frank [10/Nov/2019:11:38:14 +0000] "POST /api/user HTTP/1.0" 200 656
127.0.0.1 - james [10/Nov/2019:11:38:14 +0000] "POST /api/user HTTP/1.0" 500 123
127.0.0.1 - mary [10/Nov/2019:11:38:15 +0000] "POST /api/user HTTP/1.0" 500 15
127.0.0.1 - jill [10/Nov/2019:11:38:15 +0000] "POST /api/user HTTP/1.0" 200 656
127.0.0.1 - frank [10/Nov/2019:11:38:16 +0000] "GET /report HTTP/1.0" 200 123
127.0.0.1 - mary [10/Nov/2019:11:38:17 +0000] "GET /api/user HTTP/1.0" 400 656
127.0.0.1 - james [10/Nov/2019:11:38:17 +0000] "POST /report HTTP/1.0" 200 656
127.0.0.1 - jill [10/Nov/2019:11:38:17 +0000] "GET /report HTTP/1.0" 500 656
127.0.0.1 - mary [10/Nov/2019:11:38:18 +0000] "GET /report HTTP/1.0" 400 15
127.0.0.1 - jill [10/Nov/2019:11:38:18 +0000] "GET /api/user HTTP/1.0" 400 656
127.0.0.1 - jill [10/Nov/2019:11:38:19 +0000] "GET /report HTTP/1.0" 400 656
127.0.0.1 - james [10/Nov/2019:11:38:19 +0000] "POST /report HTTP/1.0" 200 656
127.0.0.1 - james [10/Nov/2019:11:38:20 +0000] "GET /report HTTP/1.0" 500 656
127.0.0.1 - jill [10/Nov/2019:11:38:20 +0000] "GET /report HTTP/1.0" 400 15
127.0.0.1 - james [10/Nov/2019:11:38:21 +0000] "POST /report HTTP/1.0" 500 15
127.0.0.1 - james [10/Nov/2019:11:38:21 +0000] "POST /report HTTP/1.0" 300 656
127.0.0.1 - frank [10/Nov/2019:11:38:22 +0000] "POST /report HTTP/1.0" 400 15
127.0.0.1 - mary [10/Nov/2019:11:38:23 +0000] "POST /report HTTP/1.0" 400 656
127.0.0.1 - james [10/Nov/2019:11:38:24 +0000] "GET /report HTTP/1.0" 200 123
127.0.0.1 - jill [10/Nov/2019:11:38:24 +0000] "POST /report HTTP/1.0" 300 15
127.0.0.1 - frank [10/Nov/2019:11:38:25 +0000] "GET /report HTTP/1.0" 300 123
127.0.0.1 - mary [10/Nov/2019:11:38:25 +0000] "GET /api/user HTTP/1.0" 200 656
127.0.0.1 - jill [10/Nov/2019:11:38:25 +0000] "POST /api/user HTTP/1.0" 200 15
127.0.0.1 - mary [10/Nov/2019:11:38:26 +0000] "POST /api/user HTTP/1.0" 400 656
127.0.0.1 - frank [10/Nov/2019:11:38:26 +0000] "POST /report HTTP/1.0" 500 123
127.0.0.1 - jill [10/Nov/2019:11:38:27 +0000] "POST /report HTTP/1.0" 500 15
127.0.0.1 - frank [10/Nov/2019:11:38:27 +0000] "GET /report HTTP/1.0" 500 15
127.0.0.1 - jill [10/Nov/2019:11:38:28 +0000] "GET /report HTTP/1.0" 200 656
127.0.0.1 - frank [10/Nov/2019:11:38:28 +0000] "GET /report HTTP/1.0" 400 15
127.0.0.1 - james [10/Nov/2019:11:38:29 +0000] "GET /report HTTP/1.0" 500 15
127.0.0.1 - mary [10/Nov/2019:11:38:29 +0000] "GET /report HTTP/1.0" 500 15
127.0.0.1 - james [10/Nov/2019:11:38:30 +0000] "GET /report HTTP/1.0" 400 656
127.0.0.1 - mary [10/Nov/2019:11:38:30 +0000] "POST /api/user HTTP/1.0" 300 123
127.0.0.1 - mary [10/Nov/2019:11:38:31 +0000] "GET /api/user HTTP/1.0" 500 123
127.0.0.1 - james [10/Nov/2019:11:38:31 +0000] "POST /api/user HTTP/1.0" 400 15
127.0.0.1 - james [10/Nov/2019:11:38:32 +0000] "POST /api/user HTTP/1.0" 500 15
127.0.0.1 - jill [10/Nov/2019:11:38:32 +0000] "POST /api/user HTTP/1.0" 400 15
127.0.0.1 - frank [10/Nov/2019:11:38:33 +0000] "GET /api/user HTTP/1.0" 500 123
127.0.0.1 - james [10/Nov/2019:11:38:33 +0000] "POST /api/user HTTP/1.0" 400 123
127.0.0.1 - james [10/Nov/2019:11:38:34 +0000] "POST /api/user HTTP/1.0" 200 123
127.0.0.1 - frank [10/Nov/2019:11:38:34 +0000] "POST /api/user HTTP/1.0" 300 656
127.0.0.1 - james [10/Nov/2019:11:38:34 +0000] "GET /api/user HTTP/1.0" 500 15
127.0.0.1 - jill [10/Nov/2019:11:38:35 +0000] "GET /api/user HTTP/1.0" 500 656
127.0.0.1 - frank [10/Nov/2019:11:38:35 +0000] "GET /api/user HTTP/1.0" 300 123
127.0.0.1 - james [10/Nov/2019:11:38:36 +0000] "GET /api/user HTTP/1.0" 500 15
127.0.0.1 - jill [10/Nov/2019:11:38:36 +0000] "GET /report HTTP/1.0" 300 15
127.0.0.1 - james [10/Nov/2019:11:38:37 +0000] "GET /report HTTP/1.0" 400 123
127.0.0.1 - frank [10/Nov/2019:11:38:37 +0000] "GET /report HTTP/1.0" 200 15
127.0.0.1 - frank [10/Nov/2019:11:38:38 +0000] "POST /report HTTP/1.0" 300 656
127.0.0.1 - mary [10/Nov/2019:11:38:39 +0000] "GET /api/user HTTP/1.0" 500 123
127.0.0.1 - mary [10/Nov/2019:11:38:39 +0000] "GET /report HTTP/1.0" 300 656
127.0.0.1 - frank [10/Nov/2019:11:38:40 +0000] "POST /report HTTP/1.0" 400 123
127.0.0.1 - james [10/Nov/2019:11:38:40 +0000] "POST /report HTTP/1.0" 500 656
127.0.0.1 - frank [10/Nov/2019:11:38:41 +0000] "POST /api/user HTTP/1.0" 500 656
127.0.0.1 - mary [10/Nov/2019:11:38:42 +0000] "POST /api/user HTTP/1.0" 400 656
127.0.0.1 - frank [10/Nov/2019:11:38:42 +0000] "POST /report HTTP/1.0" 500 15
127.0.0.1 - james [10/Nov/2019:11:38:43 +0000] "GET /report HTTP/1.0" 500 15
127.0.0.1 - james [10/Nov/2019:11:38:43 +0000] "POST /api/user HTTP/1.0" 300 15
127.0.0.1 - james [10/Nov/2019:11:38:44 +0000] "GET /api/user HTTP/1.0" 500 123
127.0.0.1 - mary [10/Nov/2019:11:38:44 +0000] "POST /api/user HTTP/1.0" 500 15
127.0.0.1 - james [10/Nov/2019:11:38:45 +0000] "POST /report HTTP/1.0" 500 123
127.0.0.1 - jill [10/Nov/2019:11:38:45 +0000] "GET /api/user HTTP/1.0" 300 656
127.0.0.1 - mary [10/Nov/2019:11:38:46 +0000] "GET /report HTTP/1.0" 300 15
127.0.0.1 - mary [10/Nov/2019:11:38:46 +0000] "GET /api/user HTTP/1.0" 400 123
127.0.0.1 - mary [10/Nov/2019:11:38:47 +0000] "POST /api/user HTTP/1.0" 200 123
127.0.0.1 - frank [10/Nov/2019:11:38:47 +0000] "POST /report HTTP/1.0" 400 123
127.0.0.1 - mary [10/Nov/2019:11:38:48 +0000] "GET /report HTTP/1.0" 400 15
127.0.0.1 - james [10/Nov/2019:11:38:48 +0000] "GET /report HTTP/1.0" 200 656
127.0.0.1 - james [10/Nov/2019:11:38:49 +0000] "POST /report HTTP/1.0" 300 15
127.0.0.1 - james [10/Nov/2019:11:38:50 +0000] "POST /report HTTP/1.0" 200 15
127.0.0.1 - jill [10/Nov/2019:11:38:50 +0000] "GET /report HTTP/1.0" 200 123
127.0.0.1 - james [10/Nov/2019:11:38:50 +0000] "POST /report HTTP/1.0" 200 123
127.0.0.1 - jill [10/Nov/2019:11:38:51 +0000] "POST /api/user HTTP/1.0" 400 15
127.0.0.1 - frank [10/Nov/2019:11:38:51 +0000] "POST /report HTTP/1.0" 200 123
127.0.0.1 - frank [10/Nov/2019:11:38:52 +0000] "POST /api/user HTTP/1.0" 300 15
127.0.0.1 - jill [10/Nov/2019:11:38:52 +0000] "GET /report HTTP/1.0" 500 656
127.0.0.1 - james [10/Nov/2019:11:38:52 +0000] "GET /report HTTP/1.0" 300 123
127.0.0.1 - jill [10/Nov/2019:11:38:53 +0000] "POST /api/user HTTP/1.0" 400 123
127.0.0.1 - mary [10/Nov/2019:11:38:54 +0000] "GET /api/user HTTP/1.0" 500 15
127.0.0.1 - jill [10/Nov/2019:11:38:54 +0000] "GET /api/user HTTP/1.0" 200 656
127.0.0.1 - mary [10/Nov/2019:11:38:54 +0000] "GET /api/user HTTP/1.0" 300 123
127.0.0.1 - jill [10/Nov/2019:11:38:55 +0000] "POST /report HTTP/1.0" 200 123
127.0.0.1 - mary [10/Nov/2019:11:38:56 +0000] "POST /report HTTP/1.0" 300 656
127.0.0.1 - jill [10/Nov/2019:11:38:56 +0000] "POST /api/user HTTP/1.0" 500 656
127.0.0.1 - jill [10/Nov/2019:11:38:57 +0000] "GET /report HTTP/1.0" 300 123
127.0.0.1 - frank [10/Nov/2019:11:38:57 +0000] "GET /api/user HTTP/1.0" 300 123
127.0.0.1 - mary [10/Nov/2019:11:38:57 +0000] "GET /api/user HTTP/1.0" 500 656
127.0.0.1 - james [10/Nov/2019:11:38:58 +0000] "POST /report HTTP/1.0" 300 123
127.0.0.1 - james [10/Nov/2019:11:38:58 +0000] "GET /api/user HTTP/1.0" 200 123
127.0.0.1 - james [10/Nov/2019:11:38:59 +0000] "GET /report HTTP/1.0" 500 15
127.0.0.1 - jill [10/Nov/2019:11:38:59 +0000] "GET /api/user HTTP/1.0" 300 15
127.0.0.1 - james [10/Nov/2019:11:39:00 +0000] "POST /report HTTP/1.0" 200 656
127.0.0.1 - james [10/Nov/2019:11:39:00 +0000] "GET /api/user HTTP/1.0" 400 15
127.0.0.1 - james [10/Nov/2019:11:39:00 +0000] "POST /report HTTP/1.0" 500 656
127.0.0.1 - jill [10/Nov/2019:11:39:01 +0000] "GET /report HTTP/1.0" 300 15
127.0.0.1 - frank [10/Nov/2019:11:39:01 +0000] "POST /api/user HTTP/1.0" 500 123
127.0.0.1 - frank [10/Nov/2019:11:39:02 +0000] "POST /api/user HTTP/1.0" 400 656
127.0.0.1 - jill [10/Nov/2019:11:39:02 +0000] "POST /api/user HTTP/1.0" 300 15
127.0.0.1 - james [10/Nov/2019:11:39:03 +0000] "POST /api/user HTTP/1.0" 400 123
127.0.0.1 - jill [10/Nov/2019:11:39:03 +0000] "GET /report HTTP/1.0" 300 123
127.0.0.1 - james [10/Nov/2019:11:39:04 +0000] "POST /report HTTP/1.0" 500 15
127.0.0.1 - mary [10/Nov/2019:11:39:04 +0000] "POST /report HTTP/1.0" 300 15
127.0.0.1 - james [10/Nov/2019:11:39:05 +0000] "POST /report HTTP/1.0" 200 123
127.0.0.1 - james [10/Nov/2019:11:39:05 +0000] "GET /report HTTP/1.0" 200 656
127.0.0.1 - mary [10/Nov/2019:11:39:06 +0000] "POST /api/user HTTP/1.0" 500 15
127.0.0.1 - jill [10/Nov/2019:11:39:06 +0000] "POST /api/user HTTP/1.0" 200 656
127.0.0.1 - mary [10/Nov/2019:11:39:07 +0000] "POST /report HTTP/1.0" 500 123
127.0.0.1 - mary [10/Nov/2019:11:39:07 +0000] "POST /api/user HTTP/1.0" 500 656
127.0.0.1 - mary [10/Nov/2019:11:39:08 +0000] "POST /report HTTP/1.0" 500 15
127.0.0.1 - mary [10/Nov/2019:11:39:08 +0000] "GET /report HTTP/1.0" 400 123
127.0.0.1 - mary [10/Nov/2019:11:39:09 +0000] "POST /api/user HTTP/1.0" 400 656
127.0.0.1 - frank [10/Nov/2019:11:39:09 +0000] "GET /report HTTP/1.0" 500 15
127.0.0.1 - jill [10/Nov/2019:11:39:10 +0000] "POST /api/user HTTP/1.0" 200 656
127.0.0.1 - james [10/Nov/2019:11:39:10 +0000] "GET /report HTTP/1.0" 400 656
127.0.0.1 - frank [10/Nov/2019:11:39:11 +0000] "POST /api/user HTTP/1.0" 300 15
127.0.0.1 - james [10/Nov/2019:11:39:11 +0000] "GET /report HTTP/1.0" 200 656
127.0.0.1 - james [10/Nov/2019:11:39:12 +0000] "POST /report HTTP/1.0" 400 656
127.0.0.1 - jill [10/Nov/2019:11:39:12 +0000] "GET /api/user HTTP/1.0" 500 656
127.0.0.1 - mary [10/Nov/2019:11:39:12 +0000] "GET /report HTTP/1.0" 400 656
127.0.0.1 - frank [10/Nov/2019:11:39:13 +0000] "GET /report HTTP/1.0" 200 123
127.0.0.1 - jill [10/Nov/2019:11:39:13 +0000] "POST /report HTTP/1.0" 300 123
127.0.0.1 - james [10/Nov/2019:11:39:13 +0000] "POST /report HTTP/1.0" 400 656
127.0.0.1 - frank [10/Nov/2019:11:39:14 +0000] "GET /report HTTP/1.0" 400 123
127.0.0.1 - frank [10/Nov/2019:11:39:14 +0000] "GET /report HTTP/1.0" 400 656
127.0.0.1 - jill [10/Nov/2019:11:39:15 +0000] "POST /report HTTP/1.0" 400 15
127.0.0.1 - frank [10/Nov/2019:11:39:16 +0000] "GET /api/user HTTP/1.0" 300 123
127.0.0.1 - mary [10/Nov/2019:11:39:16 +0000] "POST /api/user HTTP/1.0" 500 656
127.0.0.1 - mary [10/Nov/2019:11:39:16 +0000] "GET /api/user HTTP/1.0" 200 15
127.0.0.1 - frank [10/Nov/2019:11:39:17 +0000] "GET /api/user HTTP/1.0" 400 15
127.0.0.1 - mary [10/Nov/2019:11:39:18 +0000] "POST /report HTTP/1.0" 200 15
127.0.0.1 - james [10/Nov/2019:11:39:18 +0000] "POST /report HTTP/1.0" 300 656
127.0.0.1 - jill [10/Nov/2019:11:39:19 +0000] "GET /api/user HTTP/1.0" 200 656
127.0.0.1 - james [10/Nov/2019:11:39:19 +0000] "GET /api/user HTTP/1.0" 400 123
127.0.0.1 - james [10/Nov/2019:11:39:20 +0000] "GET /report HTTP/1.0" 200 123
127.0.0.1 - frank [10/Nov/2019:11:39:20 +0000] "GET /api/user HTTP/1.0" 400 123
127.0.0.1 - james [10/Nov/2019:11:39:21 +0000] "GET /api/user HTTP/1.0" 200 123
127.0.0.1 - frank [10/Nov/2019:11:39:21 +0000] "GET /report HTTP/1.0" 400 123
127.0.0.1 - frank [10/Nov/2019:11:39:22 +0000] "GET /report HTTP/1.0" 300 123
127.0.0.1 - jill [10/Nov/2019:11:39:22 +0000] "POST /report HTTP/1.0" 300 123
127.0.0.1 - mary [10/Nov/2019:11:39:23 +0000] "GET /report HTTP/1.0" 200 123
127.0.0.1 - james [10/Nov/2019:11:39:23 +0000] "GET /report HTTP/1.0" 200 123
127.0.0.1 - frank [10/Nov/2019:11:39:23 +0000] "POST /report HTTP/1.0" 500 656
127.0.0.1 - frank [10/Nov/2019:11:39:24 +0000] "POST /report HTTP/1.0" 500 15
127.0.0.1 - mary [10/Nov/2019:11:39:25 +0000] "GET /api/user HTTP/1.0" 300 656
127.0.0.1 - frank [10/Nov/2019:11:39:25 +0000] "POST /api/user HTTP/1.0" 200 15
127.0.0.1 - frank [10/Nov/2019:11:39:26 +0000] "GET /report HTTP/1.0" 200 656
127.0.0.1 - mary [10/Nov/2019:11:39:26 +0000] "POST /report HTTP/1.0" 300 15
127.0.0.1 - james [10/Nov/2019:11:39:27 +0000] "GET /api/user HTTP/1.0" 400 123
127.0.0.1 - james [10/Nov/2019:11:39:28 +0000] "POST /api/user HTTP/1.0" 400 123
127.0.0.1 - frank [10/Nov/2019:11:39:28 +0000] "GET /report HTTP/1.0" 200 123
127.0.0.1 - jill [10/Nov/2019:11:39:29 +0000] "POST /report HTTP/1.0" 200 656
127.0.0.1 - james [10/Nov/2019:11:39:29 +0000] "GET /api/user HTTP/1.0" 500 656
127.0.0.1 - frank [10/Nov/2019:11:39:29 +0000] "GET /api/user HTTP/1.0" 200 123
127.0.0.1 - jill [10/Nov/2019:11:39:30 +0000] "POST /api/user HTTP/1.0" 300 15
127.0.0.1 - mary [10/Nov/2019:11:39:31 +0000] "GET /report HTTP/1.0" 500 15
127.0.0.1 - mary [10/Nov/2019:11:39:31 +0000] "GET /report HTTP/1.0" 300 123
127.0.0.1 - mary [10/Nov/2019:11:39:32 +0000] "POST /api/user HTTP/1.0" 500 656
127.0.0.1 - jill [10/Nov/2019:11:39:32 +0000] "POST /report HTTP/1.0" 400 15
127.0.0.1 - mary [10/Nov/2019:11:39:33 +0000] "GET /report HTTP/1.0" 200 656
127.0.0.1 - james [10/Nov/2019:11:39:33 +0000] "POST /api/user HTTP/1.0" 500 656
127.0.0.1 - mary [10/Nov/2019:11:39:34 +0000] "POST /api/user HTTP/1.0" 500 15
127.0.0.1 - mary [10/Nov/2019:11:39:34 +0000] "POST /report HTTP/1.0" 400 15
127.0.0.1 - mary [10/Nov/2019:11:39:35 +0000] "POST /report HTTP/1.0" 200 123
127.0.0.1 - jill [10/Nov/2019:11:39:35 +0000] "POST /report HTTP/1.0" 400 656
127.0.0.1 - james [10/Nov/2019:11:39:36 +0000] "POST /api/user HTTP/1.0" 400 656
127.0.0.1 - mary [10/Nov/2019:11:39:36 +0000] "POST /report HTTP/1.0" 400 15
127.0.0.1 - frank [10/Nov/2019:11:39:37 +0000] "POST /report HTTP/1.0" 500 15
127.0.0.1 - mary [10/Nov/2019:11:39:37 +0000] "POST /api/user HTTP/1.0" 500 123
127.0.0.1 - frank [10/Nov/2019:11:39:38 +0000] "POST /report HTTP/1.0" 400 123
127.0.0.1 - james [10/Nov/2019:11:39:38 +0000] "POST /api/user HTTP/1.0" 300 123
127.0.0.1 - james [10/Nov/2019:11:39:38 +0000] "GET /report HTTP/1.0" 400 15
127.0.0.1 - james [10/Nov/2019:11:39:39 +0000] "GET /report HTTP/1.0" 300 15
127.0.0.1 - james [10/Nov/2019:11:39:39 +0000] "GET /report HTTP/1.0" 300 123
127.0.0.1 - mary [10/Nov/2019:11:39:40 +0000] "GET /report HTTP/1.0" 400 656
127.0.0.1 - frank [10/Nov/2019:11:39:40 +0000] "GET /api/user HTTP/1.0" 300 15
127.0.0.1 - jill [10/Nov/2019:11:39:41 +0000] "GET /api/user HTTP/1.0" 200 15
127.0.0.1 - frank [10/Nov/2019:11:39:41 +0000] "POST /api/user HTTP/1.0" 300 656
127.0.0.1 - mary [10/Nov/2019:11:39:42 +0000] "POST /api/user HTTP/1.0" 300 123
127.0.0.1 - james [10/Nov/2019:11:39:42 +0000] "GET /api/user HTTP/1.0" 400 656
127.0.0.1 - mary [10/Nov/2019:11:39:43 +0000] "GET /api/user HTTP/1.0" 500 123
127.0.0.1 - james [10/Nov/2019:11:39:43 +0000] "GET /report HTTP/1.0" 400 656
127.0.0.1 - mary [10/Nov/2019:11:39:43 +0000] "POST /api/user HTTP/1.0" 500 123
127.0.0.1 - frank [10/Nov/2019:11:39:44 +0000] "POST /report HTTP/1.0" 500 656
127.0.0.1 - james [10/Nov/2019:11:39:44 +0000] "POST /api/user HTTP/1.0" 500 656
127.0.0.1 - james [10/Nov/2019:11:39:45 +0000] "POST /api/user HTTP/1.0" 500 15
127.0.0.1 - james [10/Nov/2019:11:39:45 +0000] "POST /report HTTP/1.0" 200 15
127.0.0.1 - jill [10/Nov/2019:11:39:46 +0000] "GET /report HTTP/1.0" 500 123
127.0.0.1 - mary [10/Nov/2019:11:39:46 +0000] "GET /report HTTP/1.0" 400 656
127.0.0.1 - mary [10/Nov/2019:11:39:47 +0000] "GET /api/user HTTP/1.0" 300 15
127.0.0.1 - james [10/Nov/2019:11:39:47 +0000] "GET /report HTTP/1.0" 400 656
127.0.0.1 - mary [10/Nov/2019:11:39:48 +0000] "POST /report HTTP/1.0" 500 15
127.0.0.1 - mary [10/Nov/2019:11:39:48 +0000] "GET /report HTTP/1.0" 400 656
127.0.0.1 - frank [10/Nov/2019:11:39:48 +0000] "POST /api/user HTTP/1.0" 300 123
127.0.0.1 - jill [10/Nov/2019:11:39:49 +0000] "GET /report HTTP/1.0" 300 15
127.0.0.1 - james [10/Nov/2019:11:39:49 +0000] "POST /report HTTP/1.0" 500 123
127.0.0.1 - mary [10/Nov/2019:11:39:50 +0000] "POST /api/user HTTP/1.0" 500 656
127.0.0.1 - mary [10/Nov/2019:11:39:50 +0000] "GET /report HTTP/1.0" 400 123
127.0.0.1 - jill [10/Nov/2019:11:39:50 +0000] "GET /report HTTP/1.0" 200 123
127.0.0.1 - jill [10/Nov/2019:11:39:51 +0000] "POST /api/user HTTP/1.0" 200 123
127.0.0.1 - jill [10/Nov/2019:11:39:52 +0000] "GET /report HTTP/1.0" 200 656
127.0.0.1 - jill [10/Nov/2019:11:39:52 +0000] "GET /api/user HTTP/1.0" 200 15
127.0.0.1 - frank [10/Nov/2019:11:39:53 +0000] "POST /api/user HTTP/1.0" 300 656
127.0.0.1 - mary [10/Nov/2019:11:39:53 +0000] "GET /api/user HTTP/1.0" 300 15
127.0.0.1 - mary [10/Nov/2019:11:39:54 +0000] "GET /api/user HTTP/1.0" 300 15
127.0.0.1 - james [10/Nov/2019:11:39:54 +0000] "GET /report HTTP/1.0" 500 15
127.0.0.1 - james [10/Nov/2019:11:39:55 +0000] "POST /report HTTP/1.0" 300 656
127.0.0.1 - jill [10/Nov/2019:11:39:55 +0000] "GET /report HTTP/1.0" 500 656
127.0.0.1 - james [10/Nov/2019:11:39:56 +0000] "POST /api/user HTTP/1.0" 400 123
127.0.0.1 - jill [10/Nov/2019:11:39:56 +0000] "POST /report HTTP/1.0" 400 656
127.0.0.1 - james [10/Nov/2019:11:39:57 +0000] "GET /api/user HTTP/1.0" 200 15
127.0.0.1 - mary [10/Nov/2019:11:39:57 +0000] "GET /api/user HTTP/1.0" 200 15
127.0.0.1 - jill [10/Nov/2019:11:39:58 +0000] "GET /api/user HTTP/1.0" 400 656
127.0.0.1 - jill [10/Nov/2019:11:39:58 +0000] "POST /api/user HTTP/1.0" 300 123
127.0.0.1 - mary [10/Nov/2019:11:39:59 +0000] "POST /api/user HTTP/1.0" 200 123
127.0.0.1 - frank [10/Nov/2019:11:39:59 +0000] "GET /api/user HTTP/1.0" 400 123
127.0.0.1 - james [10/Nov/2019:11:40:00 +0000] "GET /api/user HTTP/1.0" 300 656
127.0.0.1 - james [10/Nov/2019:11:40:00 +0000] "GET /report HTTP/1.0" 300 15
127.0.0.1 - frank [10/Nov/2019:11:40:01 +0000] "POST /report HTTP/1.0" 500 656
127.0.0.1 - jill [10/Nov/2019:11:40:01 +0000] "POST /api/user HTTP/1.0" 300 15
127.0.0.1 - frank [10/Nov/2019:11:40:02 +0000] "POST /report HTTP/1.0" 300 15
127.0.0.1 - james [10/Nov/2019:11:40:02 +0000] "GET /report HTTP/1.0" 300 15
127.0.0.1 - frank [10/Nov/2019:11:40:03 +0000] "GET /report HTTP/1.0" 500 15
127.0.0.1 - mary [10/Nov/2019:11:40:03 +0000] "GET /report HTTP/1.0" 300 15
127.0.0.1 - james [10/Nov/2019:11:40:04 +0000] "POST /report HTTP/1.0" 400 656
127.0.0.1 - mary [10/Nov/2019:11:40:05 +0000] "POST /api/user HTTP/1.0" 300 15
127.0.0.1 - james [10/Nov/2019:11:40:05 +0000] "GET /report HTTP/1.0" 300 123
127.0.0.1 - james [10/Nov/2019:11:40:05 +0000] "POST /report HTTP/1.0" 300 123
127.0.0.1 - frank [10/Nov/2019:11:40:06 +0000] "GET /report HTTP/1.0" 500 656
127.0.0.1 - mary [10/Nov/2019:11:40:06 +0000] "GET /report HTTP/1.0" 300 123
127.0.0.1 - jill [10/Nov/2019:11:40:07 +0000] "POST /api/user HTTP/1.0" 400 656
127.0.0.1 - mary [10/Nov/2019:11:40:07 +0000] "POST /report HTTP/1.0" 300 656
127.0.0.1 - jill [10/Nov/2019:11:40:08 +0000] "POST /report HTTP/1.0" 400 123
127.0.0.1 - jill [10/Nov/2019:11:40:08 +0000] "POST /report HTTP/1.0" 300 123
127.0.0.1 - frank [10/Nov/2019:11:40:09 +0000] "POST /report HTTP/1.0" 300 15
127.0.0.1 - jill [10/Nov/2019:11:40:09 +0000] "GET /report HTTP/1.0" 400 123
127.0.0.1 - mary [10/Nov/2019:11:40:10 +0000] "GET /api/user HTTP/1.0" 500 15
127.0.0.1 - frank [10/Nov/2019:11:40:10 +0000] "GET /report HTTP/1.0" 300 123
127.0.0.1 - frank [10/Nov/2019:11:40:11 +0000] "GET /api/user HTTP/1.0" 500 123
127.0.0.1 - frank [10/Nov/2019:11:40:11 +0000] "GET /report HTTP/1.0" 400 15
127.0.0.1 - jill [10/Nov/2019:11:40:12 +0000] "GET /api/user HTTP/1.0" 400 123
127.0.0.1 - frank [10/Nov/2019:11:40:13 +0000] "POST /api/user HTTP/1.0" 400 656
127.0.0.1 - james [10/Nov/2019:11:40:13 +0000] "GET /report HTTP/1.0" 300 123
127.0.0.1 - jill [10/Nov/2019:11:40:14 +0000] "POST /api/user HTTP/1.0" 500 656
127.0.0.1 - frank [10/Nov/2019:11:40:14 +0000] "GET /api/user HTTP/1.0" 300 123
127.0.0.1 - mary [10/Nov/2019:11:40:14 +0000] "GET /api/user HTTP/1.0" 500 123
127.0.0.1 - frank [10/Nov/2019:11:40:15 +0000] "GET /api/user HTTP/1.0" 200 656
127.0.0.1 - james [10/Nov/2019:11:40:16 +0000] "GET /api/user HTTP/1.0" 500 123
127.0.0.1 - frank [10/Nov/2019:11:40:16 +0000] "GET /api/user HTTP/1.0" 200 123
127.0.0.1 - mary [10/Nov/2019:11:40:17 +0000] "GET /report HTTP/1.0" 500 656
127.0.0.1 - frank [10/Nov/2019:11:40:17 +0000] "GET /api/user HTTP/1.0" 200 656
127.0.0.1 - james [10/Nov/2019:11:40:18 +0000] "POST /api/user HTTP/1.0" 300 656
127.0.0.1 - mary [10/Nov/2019:11:40:18 +0000] "POST /api/user HTTP/1.0" 500 656
127.0.0.1 - james [10/Nov/2019:11:40:19 +0000] "GET /api/user HTTP/1.0" 200 656
127.0.0.1 - jill [10/Nov/2019:11:40:19 +0000] "POST /report HTTP/1.0" 300 15
127.0.0.1 - mary [10/Nov/2019:11:40:20 +0000] "POST /api/user HTTP/1.0" 300 15
127.0.0.1 - james [10/Nov/2019:11:40:20 +0000] "POST /api/user HTTP/1.0" 400 15
127.0.0.1 - mary [10/Nov/2019:11:40:20 +0000] "GET /report HTTP/1.0" 500 123
127.0.0.1 - mary [10/Nov/2019:11:40:21 +0000] "GET /report HTTP/1.0" 400 656
127.0.0.1 - james [10/Nov/2019:11:40:22 +0000] "POST /api/user HTTP/1.0" 200 656
127.0.0.1 - frank [10/Nov/2019:11:40:22 +0000] "POST /api/user HTTP/1.0" 300 15
127.0.0.1 - jill [10/Nov/2019:11:40:22 +0000] "GET /report HTTP/1.0" 200 15
127.0.0.1 - frank [10/Nov/2019:11:40:23 +0000] "GET /api/user HTTP/1.0" 400 123
127.0.0.1 - mary [10/Nov/2019:11:40:24 +0000] "GET /api/user HTTP/1.0" 500 656
127.0.0.1 - james [10/Nov/2019:11:40:24 +0000] "POST /report HTTP/1.0" 200 656
127.0.0.1 - frank [10/Nov/2019:11:40:24 +0000] "GET /api/user HTTP/1.0" 400 123
127.0.0.1 - james [10/Nov/2019:11:40:25 +0000] "POST /api/user HTTP/1.0" 400 656
127.0.0.1 - frank [10/Nov/2019:11:40:26 +0000] "GET /report HTTP/1.0" 300 15
127.0.0.1 - mary [10/Nov/2019:11:40:26 +0000] "POST /api/user HTTP/1.0" 200 15
127.0.0.1 - mary [10/Nov/2019:11:40:27 +0000] "GET /report HTTP/1.0" 200 15
127.0.0.1 - james [10/Nov/2019:11:40:27 +0000] "POST /api/user HTTP/1.0" 500 123
127.0.0.1 - mary [10/Nov/2019:11:40:28 +0000] "GET /report HTTP/1.0" 500 123
127.0.0.1 - frank [10/Nov/2019:11:40:28 +0000] "POST /report HTTP/1.0" 500 656
127.0.0.1 - frank [10/Nov/2019:11:40:29 +0000] "GET /report HTTP/1.0" 200 656
127.0.0.1 - frank [10/Nov/2019:11:40:29 +0000] "POST /api/user HTTP/1.0" 500 656
127.0.0.1 - jill [10/Nov/2019:11:40:30 +0000] "POST /report HTTP/1.0" 200 123
127.0.0.1 - jill [10/Nov/2019:11:40:31 +0000] "GET /api/user HTTP/1.0" 200 123
127.0.0.1 - james [10/Nov/2019:11:40:31 +0000] "POST /api/user HTTP/1.0" 200 123
127.0.0.1 - frank [10/Nov/2019:11:40:31 +0000] "GET /report HTTP/1.0" 400 15
127.0.0.1 - jill [10/Nov/2019:11:40:32 +0000] "POST /api/user HTTP/1.0" 300 656
127.0.0.1 - james [10/Nov/2019:11:40:32 +0000] "POST /report HTTP/1.0" 200 15
127.0.0.1 - jill [10/Nov/2019:11:40:33 +0000] "POST /report HTTP/1.0" 500 15
127.0.0.1 - jill [10/Nov/2019:11:40:33 +0000] "GET /report HTTP/1.0" 200 656
127.0.0.1 - jill [10/Nov/2019:11:40:33 +0000] "GET /report HTTP/1.0" 400 656
127.0.0.1 - jill [10/Nov/2019:11:40:34 +0000] "GET /api/user HTTP/1.0" 300 123
127.0.0.1 - frank [10/Nov/2019:11:40:35 +0000] "GET /api/user HTTP/1.0" 400 656
127.0.0.1 - frank [10/Nov/2019:11:40:36 +0000] "GET /report HTTP/1.0" 200 656
127.0.0.1 - mary [10/Nov/2019:11:40:36 +0000] "POST /api/user HTTP/1.0" 400 656
127.0.0.1 - mary [10/Nov/2019:11:40:37 +0000] "POST /api/user HTTP/1.0" 300 656
127.0.0.1 - james [10/Nov/2019:11:40:37 +0000] "POST /report HTTP/1.0" 300 15
127.0.0.1 - mary [10/Nov/2019:11:40:38 +0000] "POST /report HTTP/1.0" 500 15
127.0.0.1 - jill [10/Nov/2019:11:40:38 +0000] "POST /api/user HTTP/1.0" 500 15
127.0.0.1 - james [10/Nov/2019:11:40:39 +0000] "GET /report HTTP/1.0" 500 15
127.0.0.1 - jill [10/Nov/2019:11:40:39 +0000] "POST /api/user HTTP/1.0" 300 15
127.0.0.1 - mary [10/Nov/2019:11:40:40 +0000] "GET /api/user HTTP/1.0" 200 123
127.0.0.1 - jill [10/Nov/2019:11:40:40 +0000] "POST /report HTTP/1.0" 200 15
127.0.0.1 - james [10/Nov/2019:11:40:41 +0000] "POST /report HTTP/1.0" 200 15
127.0.0.1 - mary [10/Nov/2019:11:40:41 +0000] "GET /report HTTP/1.0" 400 123
127.0.0.1 - jill [10/Nov/2019:11:40:41 +0000] "POST /report HTTP/1.0" 500 656
127.0.0.1 - james [10/Nov/2019:11:40:42 +0000] "POST /report HTTP/1.0" 200 656
127.0.0.1 - jill [10/Nov/2019:11:40:42 +0000] "POST /api/user HTTP/1.0" 300 123
127.0.0.1 - jill [10/Nov/2019:11:40:43 +0000] "POST /report HTTP/1.0" 500 15
127.0.0.1 - frank [10/Nov/2019:11:40:43 +0000] "POST /report HTTP/1.0" 300 123
127.0.0.1 - james [10/Nov/2019:11:40:44 +0000] "GET /api/user HTTP/1.0" 500 123
127.0.0.1 - mary [10/Nov/2019:11:40:44 +0000] "GET /api/user HTTP/1.0" 500 656
127.0.0.1 - jill [10/Nov/2019:11:40:45 +0000] "POST /report HTTP/1.0" 400 15
127.0.0.1 - james [10/Nov/2019:11:40:45 +0000] "GET /report HTTP/1.0" 300 656
127.0.0.1 - jill [10/Nov/2019:11:40:46 +0000] "POST /report HTTP/1.0" 500 123
127.0.0.1 - james [10/Nov/2019:11:40:47 +0000] "GET /api/user HTTP/1.0" 300 123
127.0.0.1 - james [10/Nov/2019:11:40:47 +0000] "GET /report HTTP/1.0" 200 656
127.0.0.1 - frank [10/Nov/2019:11:40:48 +0000] "POST /report HTTP/1.0" 500 656
127.0.0.1 - mary [10/Nov/2019:11:40:48 +0000] "GET /api/user HTTP/1.0" 200 15
127.0.0.1 - jill [10/Nov/2019:11:40:49 +0000] "POST /report HTTP/1.0" 200 656
127.0.0.1 - mary [10/Nov/2019:11:40:49 +0000] "GET /api/user HTTP/1.0" 200 656
127.0.0.1 - frank [10/Nov/2019:11:40:50 +0000] "POST /report HTTP/1.0" 500 123
127.0.0.1 - james [10/Nov/2019:11:40:50 +0000] "POST /report HTTP/1.0" 400 656
127.0.0.1 - mary [10/Nov/2019:11:40:51 +0000] "POST /report HTTP/1.0" 500 123
127.0.0.1 - mary [10/Nov/2019:11:40:51 +0000] "POST /api/user HTTP/1.0" 500 15
127.0.0.1 - james [10/Nov/2019:11:40:52 +0000] "POST /report HTTP/1.0" 300 15
127.0.0.1 - mary [10/Nov/2019:11:40:53 +0000] "GET /report HTTP/1.0" 200 123
127.0.0.1 - mary [10/Nov/2019:11:40:53 +0000] "POST /api/user HTTP/1.0" 200 15
127.0.0.1 - mary [10/Nov/2019:11:40:54 +0000] "POST /api/user HTTP/1.0" 300 15
127.0.0.1 - mary [10/Nov/2019:11:40:54 +0000] "POST /api/user HTTP/1.0" 500 656
127.0.0.1 - frank [10/Nov/2019:11:40:55 +0000] "POST /api/user HTTP/1.0" 400 656
127.0.0.1 - frank [10/Nov/2019:11:40:55 +0000] "POST /report HTTP/1.0" 300 123
127.0.0.1 - frank [10/Nov/2019:11:40:56 +0000] "POST /api/user HTTP/1.0" 500 123
127.0.0.1 - james [10/Nov/2019:11:40:56 +0000] "POST /report HTTP/1.0" 400 123
127.0.0.1 - james [10/Nov/2019:11:40:57 +0000] "POST /report HTTP/1.0" 400 656
127.0.0.1 - frank [10/Nov/2019:11:40:57 +0000] "POST /api/user HTTP/1.0" 300 15
127.0.0.1 - james [10/Nov/2019:11:40:58 +0000] "POST /report HTTP/1.0" 500 123
127.0.0.1 - frank [10/Nov/2019:11:40:58 +0000] "GET /report HTTP/1.0" 400 123
127.0.0.1 - jill [10/Nov/2019:11:40:59 +0000] "POST /api/user HTTP/1.0" 400 656
127.0.0.1 - frank [10/Nov/2019:11:40:59 +0000] "GET /api/user HTTP/1.0" 500 15
127.0.0.1 - james [10/Nov/2019:11:41:00 +0000] "GET /api/user HTTP/1.0" 400 15
127.0.0.1 - james [10/Nov/2019:11:41:01 +0000] "POST /report HTTP/1.0" 400 15
127.0.0.1 - james [10/Nov/2019:11:41:01 +0000] "POST /api/user HTTP/1.0" 400 15
127.0.0.1 - jill [10/Nov/2019:11:41:02 +0000] "GET /api/user HTTP/1.0" 300 656
127.0.0.1 - frank [10/Nov/2019:11:41:02 +0000] "POST /report HTTP/1.0" 400 123
127.0.0.1 - mary [10/Nov/2019:11:41:03 +0000] "POST /api/user HTTP/1.0" 500 15
127.0.0.1 - frank [10/Nov/2019:11:41:03 +0000] "GET /report HTTP/1.0" 300 15
127.0.0.1 - jill [10/Nov/2019:11:41:04 +0000] "POST /api/user HTTP/1.0" 500 656
127.0.0.1 - jill [10/Nov/2019:11:41:04 +0000] "GET /report HTTP/1.0" 300 123
127.0.0.1 - james [10/Nov/2019:11:41:05 +0000] "POST /report HTTP/1.0" 300 123
127.0.0.1 - frank [10/Nov/2019:11:41:05 +0000] "GET /api/user HTTP/1.0" 300 123
127.0.0.1 - frank [10/Nov/2019:11:41:06 +0000] "GET /api/user HTTP/1.0" 200 656
127.0.0.1 - james [10/Nov/2019:11:41:06 +0000] "GET /api/user HTTP/1.0" 500 123
127.0.0.1 - frank [10/Nov/2019:11:41:07 +0000] "POST /api/user HTTP/1.0" 200 123
127.0.0.1 - frank [10/Nov/2019:11:41:07 +0000] "GET /report HTTP/1.0" 400 15
127.0.0.1 - mary [10/Nov/2019:11:41:08 +0000] "GET /report HTTP/1.0" 500 123
127.0.0.1 - frank [10/Nov/2019:11:41:08 +0000] "GET /report HTTP/1.0" 400 15
127.0.0.1 - james [10/Nov/2019:11:41:09 +0000] "POST /report HTTP/1.0" 300 15
127.0.0.1 - jill [10/Nov/2019:11:41:09 +0000] "POST /report HTTP/1.0" 500 15
127.0.0.1 - mary [10/Nov/2019:11:41:10 +0000] "POST /report HTTP/1.0" 300 123
127.0.0.1 - frank [10/Nov/2019:11:41:10 +0000] "GET /report HTTP/1.0" 500 123
127.0.0.1 - jill [10/Nov/2019:11:41:11 +0000] "GET /report HTTP/1.0" 200 15
127.0.0.1 - mary [10/Nov/2019:11:41:11 +0000] "GET /report HTTP/1.0" 200 15
127.0.0.1 - jill [10/Nov/2019:11:41:11 +0000] "POST /api/user HTTP/1.0" 300 15
127.0.0.1 - mary [10/Nov/2019:11:41:12 +0000] "GET /report HTTP/1.0" 300 15
127.0.0.1 - frank [10/Nov/2019:11:41:13 +0000] "GET /api/user HTTP/1.0" 200 15
127.0.0.1 - james [10/Nov/2019:11:41:13 +0000] "GET /report HTTP/1.0" 300 656
127.0.0.1 - james [10/Nov/2019:11:41:13 +0000] "GET /report HTTP/1.0" 500 123
127.0.0.1 - jill [10/Nov/2019:11:41:14 +0000] "GET /report HTTP/1.0" 300 656
127.0.0.1 - james [10/Nov/2019:11:41:14 +0000] "GET /api/user HTTP/1.0" 500 123
127.0.0.1 - frank [10/Nov/2019:11:41:14 +0000] "GET /report HTTP/1.0" 500 123
127.0.0.1 - mary [10/Nov/2019:11:41:15 +0000] "GET /report HTTP/1.0" 200 123
127.0.0.1 - jill [10/Nov/2019:11:41:16 +0000] "POST /report HTTP/1.0" 500 656
127.0.0.1 - frank [10/Nov/2019:11:41:16 +0000] "GET /api/user HTTP/1.0" 200 123
127.0.0.1 - james [10/Nov/2019:11:41:17 +0000] "GET /api/user HTTP/1.0" 300 656
127.0.0.1 - jill [10/Nov/2019:11:41:17 +0000] "GET /api/user HTTP/1.0" 200 15
127.0.0.1 - james [10/Nov/2019:11:41:17 +0000] "POST /report HTTP/1.0" 200 656
127.0.0.1 - frank [10/Nov/2019:11:41:17 +0000] "GET /api/user HTTP/1.0" 400 123
127.0.0.1 - mary [10/Nov/2019:11:41:18 +0000] "GET /api/user HTTP/1.0" 300 123
127.0.0.1 - mary [10/Nov/2019:11:41:18 +0000] "GET /report HTTP/1.0" 200 656
127.0.0.1 - frank [10/Nov/2019:11:41:19 +0000] "GET /api/user HTTP/1.0" 300 15
127.0.0.1 - mary [10/Nov/2019:11:41:19 +0000] "POST /api/user HTTP/1.0" 500 656
127.0.0.1 - james [10/Nov/2019:11:41:20 +0000] "GET /report HTTP/1.0" 200 123
127.0.0.1 - james [10/Nov/2019:11:41:20 +0000] "GET /report HTTP/1.0" 300 656
127.0.0.1 - frank [10/Nov/2019:11:41:21 +0000] "POST /api/user HTTP/1.0" 300 656
127.0.0.1 - mary [10/Nov/2019:11:41:22 +0000] "POST /api/user HTTP/1.0" 200 15
127.0.0.1 - james [10/Nov/2019:11:41:22 +0000] "GET /api/user HTTP/1.0" 400 15
127.0.0.1 - james [10/Nov/2019:11:41:23 +0000] "GET /report HTTP/1.0" 200 123
127.0.0.1 - mary [10/Nov/2019:11:41:23 +0000] "GET /report HTTP/1.0" 500 15
127.0.0.1 - james [10/Nov/2019:11:41:24 +0000] "POST /api/user HTTP/1.0" 400 123
127.0.0.1 - james [10/Nov/2019:11:41:25 +0000] "GET /api/user HTTP/1.0" 500 656
127.0.0.1 - mary [10/Nov/2019:11:41:25 +0000] "POST /api/user HTTP/1.0" 300 15
127.0.0.1 - james [10/Nov/2019:11:41:26 +0000] "GET /report HTTP/1.0" 400 123
127.0.0.1 - mary [10/Nov/2019:11:41:26 +0000] "POST /report HTTP/1.0" 400 15
127.0.0.1 - mary [10/Nov/2019:11:41:26 +0000] "GET /api/user HTTP/1.0" 500 15
127.0.0.1 - jill [10/Nov/2019:11:41:27 +0000] "POST /report HTTP/1.0" 400 123
127.0.0.1 - jill [10/Nov/2019:11:41:27 +0000] "GET /api/user HTTP/1.0" 300 15
127.0.0.1 - mary [10/Nov/2019:11:41:28 +0000] "GET /report HTTP/1.0" 300 15
127.0.0.1 - frank [10/Nov/2019:11:41:28 +0000] "GET /report HTTP/1.0" 200 15
127.0.0.1 - frank [10/Nov/2019:11:41:29 +0000] "POST /api/user HTTP/1.0" 400 15
127.0.0.1 - james [10/Nov/2019:11:41:29 +0000] "GET /report HTTP/1.0" 300 123
127.0.0.1 - jill [10/Nov/2019:11:41:30 +0000] "GET /api/user HTTP/1.0" 300 656
127.0.0.1 - frank [10/Nov/2019:11:41:30 +0000] "GET /report HTTP/1.0" 500 123
127.0.0.1 - frank [10/Nov/2019:11:41:30 +0000] "POST /report HTTP/1.0" 400 15
127.0.0.1 - mary [10/Nov/2019:11:41:31 +0000] "GET /report HTTP/1.0" 400 656
127.0.0.1 - frank [10/Nov/2019:11:41:31 +0000] "GET /api/user HTTP/1.0" 400 656
127.0.0.1 - jill [10/Nov/2019:11:41:32 +0000] "POST /report HTTP/1.0" 400 656
127.0.0.1 - mary [10/Nov/2019:11:41:32 +0000] "POST /report HTTP/1.0" 300 123
127.0.0.1 - james [10/Nov/2019:11:41:32 +0000] "POST /report HTTP/1.0" 200 15
127.0.0.1 - frank [10/Nov/2019:11:41:33 +0000] "GET /report HTTP/1.0" 500 15
127.0.0.1 - jill [10/Nov/2019:11:41:33 +0000] "POST /report HTTP/1.0" 500 123
127.0.0.1 - mary [10/Nov/2019:11:41:33 +0000] "POST /report HTTP/1.0" 500 15
127.0.0.1 - james [10/Nov/2019:11:41:34 +0000] "GET /report HTTP/1.0" 400 656
127.0.0.1 - jill [10/Nov/2019:11:41:34 +0000] "GET /api/user HTTP/1.0" 300 656
127.0.0.1 - james [10/Nov/2019:11:41:35 +0000] "GET /api/user HTTP/1.0" 200 15
127.0.0.1 - jill [10/Nov/2019:11:41:35 +0000] "GET /api/user HTTP/1.0" 300 656
127.0.0.1 - mary [10/Nov/2019:11:41:36 +0000] "GET /report HTTP/1.0" 500 656
127.0.0.1 - frank [10/Nov/2019:11:41:36 +0000] "GET /api/user HTTP/1.0" 200 656
127.0.0.1 - mary [10/Nov/2019:11:41:37 +0000] "POST /api/user HTTP/1.0" 200 15
127.0.0.1 - frank [10/Nov/2019:11:41:37 +0000] "POST /api/user HTTP/1.0" 400 15
127.0.0.1 - james [10/Nov/2019:11:41:38 +0000] "GET /api/user HTTP/1.0" 500 15
127.0.0.1 - mary [10/Nov/2019:11:41:39 +0000] "POST /api/user HTTP/1.0" 400 123
127.0.0.1 - jill [10/Nov/2019:11:41:39 +0000] "POST /report HTTP/1.0" 400 123
127.0.0.1 - mary [10/Nov/2019:11:41:40 +0000] "POST /report HTTP/1.0" 500 656
127.0.0.1 - james [10/Nov/2019:11:41:40 +0000] "POST /report HTTP/1.0" 400 656
127.0.0.1 - frank [10/Nov/2019:11:41:41 +0000] "GET /report HTTP/1.0" 500 15
127.0.0.1 - mary [10/Nov/2019:11:41:41 +0000] "GET /api/user HTTP/1.0" 500 15
127.0.0.1 - frank [10/Nov/2019:11:41:42 +0000] "POST /api/user HTTP/1.0" 300 15
127.0.0.1 - james [10/Nov/2019:11:41:42 +0000] "POST /api/user HTTP/1.0" 400 656
127.0.0.1 - mary [10/Nov/2019:11:41:42 +0000] "GET /report HTTP/1.0" 300 656
127.0.0.1 - frank [10/Nov/2019:11:41:43 +0000] "GET /report HTTP/1.0" 300 123
127.0.0.1 - james [10/Nov/2019:11:41:43 +0000] "GET /api/user HTTP/1.0" 200 656
127.0.0.1 - mary [10/Nov/2019:11:41:44 +0000] "POST /report HTTP/1.0" 400 15
127.0.0.1 - james [10/Nov/2019:11:41:44 +0000] "POST /api/user HTTP/1.0" 200 123
127.0.0.1 - james [10/Nov/2019:11:41:45 +0000] "GET /api/user HTTP/1.0" 300 656
127.0.0.1 - james [10/Nov/2019:11:41:45 +0000] "POST /api/user HTTP/1.0" 400 656
127.0.0.1 - jill [10/Nov/2019:11:41:46 +0000] "GET /report HTTP/1.0" 200 656
127.0.0.1 - jill [10/Nov/2019:11:41:47 +0000] "POST /api/user HTTP/1.0" 400 123
127.0.0.1 - james [10/Nov/2019:11:41:47 +0000] "POST /report HTTP/1.0" 300 123
127.0.0.1 - mary [10/Nov/2019:11:41:48 +0000] "GET /report HTTP/1.0" 400 123
127.0.0.1 - mary [10/Nov/2019:11:41:48 +0000] "GET /report HTTP/1.0" 500 656
127.0.0.1 - jill [10/Nov/2019:11:41:49 +0000] "POST /api/user HTTP/1.0" 200 123
127.0.0.1 - mary [10/Nov/2019:11:41:49 +0000] "POST /report HTTP/1.0" 500 656
127.0.0.1 - jill [10/Nov/2019:11:41:49 +0000] "GET /report HTTP/1.0" 200 656
127.0.0.1 - frank [10/Nov/2019:11:41:50 +0000] "POST /report HTTP/1.0" 300 656
127.0.0.1 - jill [10/Nov/2019:11:41:50 +0000] "POST /report HTTP/1.0" 300 656
127.0.0.1 - mary [10/Nov/2019:11:41:50 +0000] "POST /api/user HTTP/1.0" 500 656
127.0.0.1 - jill [10/Nov/2019:11:41:51 +0000] "GET /report HTTP/1.0" 300 656
127.0.0.1 - james [10/Nov/2019:11:41:51 +0000] "POST /report HTTP/1.0" 500 656
127.0.0.1 - frank [10/Nov/2019:11:41:52 +0000] "GET /report HTTP/1.0" 400 656
127.0.0.1 - frank [10/Nov/2019:11:41:52 +0000] "GET /api/user HTTP/1.0" 500 15
127.0.0.1 - james [10/Nov/2019:11:41:53 +0000] "POST /report HTTP/1.0" 400 15
127.0.0.1 - frank [10/Nov/2019:11:41:53 +0000] "GET /report HTTP/1.0" 200 123
127.0.0.1 - frank [10/Nov/2019:11:41:54 +0000] "POST /api/user HTTP/1.0" 400 15
127.0.0.1 - james [10/Nov/2019:11:41:54 +0000] "GET /report HTTP/1.0" 300 123
127.0.0.1 - mary [10/Nov/2019:11:41:55 +0000] "GET /report HTTP/1.0" 500 15
127.0.0.1 - jill [10/Nov/2019:11:41:55 +0000] "POST /report HTTP/1.0" 300 656
127.0.0.1 - jill [10/Nov/2019:11:41:56 +0000] "POST /api/user HTTP/1.0" 300 123
127.0.0.1 - jill [10/Nov/2019:11:41:56 +0000] "POST /report HTTP/1.0" 300 15
127.0.0.1 - james [10/Nov/2019:11:41:57 +0000] "POST /api/user HTTP/1.0" 400 15
127.0.0.1 - mary [10/Nov/2019:11:41:57 +0000] "GET /report HTTP/1.0" 300 15
127.0.0.1 - jill [10/Nov/2019:11:41:58 +0000] "POST /api/user HTTP/1.0" 200 15
127.0.0.1 - jill [10/Nov/2019:11:41:58 +0000] "GET /api/user HTTP/1.0" 500 656
127.0.0.1 - james [10/Nov/2019:11:41:59 +0000] "POST /report HTTP/1.0" 300 15
127.0.0.1 - frank [10/Nov/2019:11:41:59 +0000] "GET /report HTTP/1.0" 400 123
127.0.0.1 - jill [10/Nov/2019:11:42:00 +0000] "GET /report HTTP/1.0" 200 656
127.0.0.1 - mary [10/Nov/2019:11:42:00 +0000] "POST /api/user HTTP/1.0" 200 656
127.0.0.1 - frank [10/Nov/2019:11:42:01 +0000] "GET /api/user HTTP/1.0" 500 15
127.0.0.1 - james [10/Nov/2019:11:42:02 +0000] "POST /api/user HTTP/1.0" 200 15
127.0.0.1 - mary [10/Nov/2019:11:42:02 +0000] "GET /api/user HTTP/1.0" 200 656
127.0.0.1 - mary [10/Nov/2019:11:42:03 +0000] "POST /api/user HTTP/1.0" 200 656
127.0.0.1 - mary [10/Nov/2019:11:42:03 +0000] "POST /report HTTP/1.0" 500 656
127.0.0.1 - james [10/Nov/2019:11:45:29 +0000] "POST /report HTTP/1.0" 500 123
127.0.0.1 - frank [10/Nov/2019:11:45:30 +0000] "POST /api/user HTTP/1.0" 200 15
127.0.0.1 - mary [10/Nov/2019:11:45:31 +0000] "GET /report HTTP/1.0" 400 15
127.0.0.1 - jill [10/Nov/2019:11:45:31 +0000] "POST /report HTTP/1.0" 400 15
127.0.0.1 - mary [10/Nov/2019:11:45:32 +0000] "GET /report HTTP/1.0" 300 656
127.0.0.1 - frank [10/Nov/2019:11:45:32 +0000] "GET /api/user HTTP/1.0" 200 15
127.0.0.1 - mary [10/Nov/2019:11:45:33 +0000] "GET /api/user HTTP/1.0" 200 123
127.0.0.1 - james [10/Nov/2019:11:45:33 +0000] "POST /api/user HTTP/1.0" 500 15
127.0.0.1 - frank [10/Nov/2019:11:45:33 +0000] "GET /api/user HTTP/1.0" 500 656
127.0.0.1 - frank [10/Nov/2019:11:45:34 +0000] "GET /report HTTP/1.0" 300 656
127.0.0.1 - james [10/Nov/2019:11:45:34 +0000] "GET /report HTTP/1.0" 200 15
127.0.0.1 - mary [10/Nov/2019:11:45:35 +0000] "GET /api/user HTTP/1.0" 500 123
127.0.0.1 - jill [10/Nov/2019:11:45:35 +0000] "POST /report HTTP/1.0" 300 123
127.0.0.1 - mary [10/Nov/2019:11:45:36 +0000] "POST /report HTTP/1.0" 200 656
127.0.0.1 - mary [10/Nov/2019:11:45:36 +0000] "GET /report HTTP/1.0" 200 15
127.0.0.1 - frank [10/Nov/2019:11:45:37 +0000] "POST /api/user HTTP/1.0" 500 656
127.0.0.1 - jill [10/Nov/2019:11:45:38 +0000] "POST /api/user HTTP/1.0" 500 656
127.0.0.1 - james [10/Nov/2019:11:45:38 +0000] "GET /report HTTP/1.0" 300 656
127.0.0.1 - james [10/Nov/2019:11:45:39 +0000] "POST /api/user HTTP/1.0" 300 15
127.0.0.1 - mary [10/Nov/2019:11:45:39 +0000] "POST /report HTTP/1.0" 300 15
127.0.0.1 - james [10/Nov/2019:11:45:39 +0000] "POST /api/user HTTP/1.0" 200 656
127.0.0.1 - mary [10/Nov/2019:11:45:40 +0000] "GET /report HTTP/1.0" 500 15
127.0.0.1 - frank [10/Nov/2019:11:45:41 +0000] "GET /api/user HTTP/1.0" 500 656
127.0.0.1 - jill [10/Nov/2019:11:45:41 +0000] "POST /report HTTP/1.0" 500 123
127.0.0.1 - jill [10/Nov/2019:11:45:42 +0000] "GET /report HTTP/1.0" 200 123
127.0.0.1 - james [10/Nov/2019:11:45:42 +0000] "GET /api/user HTTP/1.0" 500 123
127.0.0.1 - jill [10/Nov/2019:11:45:42 +0000] "POST /report HTTP/1.0" 400 123
127.0.0.1 - james [10/Nov/2019:11:45:43 +0000] "GET /api/user HTTP/1.0" 500 15
127.0.0.1 - james [10/Nov/2019:11:45:43 +0000] "POST /report HTTP/1.0" 200 123
127.0.0.1 - frank [10/Nov/2019:11:45:44 +0000] "POST /report HTTP/1.0" 500 123
127.0.0.1 - james [10/Nov/2019:11:45:45 +0000] "POST /report HTTP/1.0" 500 123
127.0.0.1 - james [10/Nov/2019:11:45:45 +0000] "POST /report HTTP/1.0" 300 123
127.0.0.1 - jill [10/Nov/2019:11:45:45 +0000] "POST /api/user HTTP/1.0" 300 656
127.0.0.1 - jill [10/Nov/2019:11:45:46 +0000] "GET /report HTTP/1.0" 300 656
127.0.0.1 - james [10/Nov/2019:11:45:46 +0000] "POST /api/user HTTP/1.0" 400 15
127.0.0.1 - frank [10/Nov/2019:11:45:47 +0000] "GET /report HTTP/1.0" 300 656
127.0.0.1 - mary [10/Nov/2019:11:45:47 +0000] "POST /api/user HTTP/1.0" 300 656
127.0.0.1 - frank [10/Nov/2019:11:45:48 +0000] "POST /api/user HTTP/1.0" 200 15
127.0.0.1 - jill [10/Nov/2019:11:45:49 +0000] "GET /report HTTP/1.0" 300 15
127.0.0.1 - frank [10/Nov/2019:11:45:49 +0000] "POST /report HTTP/1.0" 300 15
127.0.0.1 - jill [10/Nov/2019:11:45:50 +0000] "GET /report HTTP/1.0" 300 123
127.0.0.1 - frank [10/Nov/2019:11:45:50 +0000] "GET /report HTTP/1.0" 500 15
127.0.0.1 - james [10/Nov/2019:11:45:50 +0000] "GET /api/user HTTP/1.0" 400 123
127.0.0.1 - frank [10/Nov/2019:11:45:51 +0000] "GET /api/user HTTP/1.0" 500 123
127.0.0.1 - mary [10/Nov/2019:11:45:52 +0000] "POST /report HTTP/1.0" 200 123
127.0.0.1 - james [10/Nov/2019:11:45:52 +0000] "GET /report HTTP/1.0" 200 15
127.0.0.1 - james [10/Nov/2019:11:45:53 +0000] "GET /report HTTP/1.0" 400 123
127.0.0.1 - jill [10/Nov/2019:11:45:53 +0000] "POST /report HTTP/1.0" 500 15
127.0.0.1 - jill [10/Nov/2019:11:45:54 +0000] "GET /api/user HTTP/1.0" 500 656
127.0.0.1 - mary [10/Nov/2019:11:45:54 +0000] "POST /api/user HTTP/1.0" 400 656
127.0.0.1 - mary [10/Nov/2019:11:45:54 +0000] "GET /api/user HTTP/1.0" 500 123
127.0.0.1 - james [10/Nov/2019:11:45:55 +0000] "GET /api/user HTTP/1.0" 200 123
127.0.0.1 - frank [10/Nov/2019:11:45:56 +0000] "GET /api/user HTTP/1.0" 300 123
127.0.0.1 - jill [10/Nov/2019:11:45:56 +0000] "GET /report HTTP/1.0" 400 15
127.0.0.1 - jill [10/Nov/2019:11:45:56 +0000] "POST /report HTTP/1.0" 500 123
127.0.0.1 - jill [10/Nov/2019:11:45:56 +0000] "GET /api/user HTTP/1.0" 500 656
127.0.0.1 - james [10/Nov/2019:11:45:57 +0000] "GET /api/user HTTP/1.0" 400 15
127.0.0.1 - frank [10/Nov/2019:11:45:58 +0000] "GET /api/user HTTP/1.0" 200 15
127.0.0.1 - jill [10/Nov/2019:11:45:58 +0000] "POST /api/user HTTP/1.0" 400 656
127.0.0.1 - jill [10/Nov/2019:11:45:59 +0000] "GET /api/user HTTP/1.0" 400 15
127.0.0.1 - james [10/Nov/2019:11:45:59 +0000] "POST /api/user HTTP/1.0" 200 123
127.0.0.1 - frank [10/Nov/2019:11:46:00 +0000] "POST /report HTTP/1.0" 400 123
127.0.0.1 - mary [10/Nov/2019:11:46:00 +0000] "POST /report HTTP/1.0" 400 656
127.0.0.1 - james [10/Nov/2019:11:46:01 +0000] "GET /api/user HTTP/1.0" 400 123
127.0.0.1 - mary [10/Nov/2019:11:46:02 +0000] "POST /report HTTP/1.0" 400 656
127.0.0.1 - mary [10/Nov/2019:11:46:02 +0000] "GET /report HTTP/1.0" 300 656
127.0.0.1 - jill [10/Nov/2019:11:46:03 +0000] "POST /api/user HTTP/1.0" 300 15
127.0.0.1 - james [10/Nov/2019:11:46:03 +0000] "POST /api/user HTTP/1.0" 500 123
127.0.0.1 - mary [10/Nov/2019:11:46:04 +0000] "GET /report HTTP/1.0" 200 123
127.0.0.1 - james [10/Nov/2019:11:46:04 +0000] "POST /api/user HTTP/1.0" 500 123
127.0.0.1 - jill [10/Nov/2019:11:46:05 +0000] "GET /report HTTP/1.0" 400 15
127.0.0.1 - mary [10/Nov/2019:11:46:05 +0000] "POST /report HTTP/1.0" 400 15
127.0.0.1 - jill [10/Nov/2019:11:46:06 +0000] "POST /report HTTP/1.0" 400 15
127.0.0.1 - james [10/Nov/2019:11:46:06 +0000] "GET /report HTTP/1.0" 400 123
127.0.0.1 - frank [10/Nov/2019:11:46:07 +0000] "GET /api/user HTTP/1.0" 400 123
127.0.0.1 - frank [10/Nov/2019:11:46:07 +0000] "GET /report HTTP/1.0" 500 15
127.0.0.1 - jill [10/Nov/2019:11:46:08 +0000] "GET /report HTTP/1.0" 500 656
127.0.0.1 - jill [10/Nov/2019:11:46:08 +0000] "GET /api/user HTTP/1.0" 200 123
127.0.0.1 - jill [10/Nov/2019:11:46:08 +0000] "POST /report HTTP/1.0" 400 123
127.0.0.1 - james [10/Nov/2019:11:46:09 +0000] "GET /api/user HTTP/1.0" 300 123
127.0.0.1 - james [10/Nov/2019:11:46:09 +0000] "POST /report HTTP/1.0" 200 656
127.0.0.1 - james [10/Nov/2019:11:46:10 +0000] "POST /report HTTP/1.0" 200 123
127.0.0.1 - jill [10/Nov/2019:11:46:10 +0000] "POST /api/user HTTP/1.0" 500 15
127.0.0.1 - mary [10/Nov/2019:11:46:11 +0000] "POST /api/user HTTP/1.0" 300 656
127.0.0.1 - frank [10/Nov/2019:11:46:11 +0000] "POST /report HTTP/1.0" 400 123
127.0.0.1 - frank [10/Nov/2019:11:46:11 +0000] "GET /api/user HTTP/1.0" 500 15
127.0.0.1 - mary [10/Nov/2019:11:46:12 +0000] "POST /api/user HTTP/1.0" 500 15
127.0.0.1 - james [10/Nov/2019:11:46:13 +0000] "GET /api/user HTTP/1.0" 300 15
127.0.0.1 - james [10/Nov/2019:11:46:13 +0000] "POST /api/user HTTP/1.0" 400 656
127.0.0.1 - james [10/Nov/2019:11:46:14 +0000] "POST /report HTTP/1.0" 400 656
127.0.0.1 - frank [10/Nov/2019:11:46:14 +0000] "GET /api/user HTTP/1.0" 200 123
127.0.0.1 - mary [10/Nov/2019:11:46:15 +0000] "POST /report HTTP/1.0" 400 123
127.0.0.1 - frank [10/Nov/2019:11:46:15 +0000] "GET /api/user HTTP/1.0" 400 123
127.0.0.1 - james [10/Nov/2019:11:46:16 +0000] "POST /report HTTP/1.0" 500 15
127.0.0.1 - frank [10/Nov/2019:11:46:16 +0000] "POST /api/user HTTP/1.0" 500 15
127.0.0.1 - mary [10/Nov/2019:11:46:17 +0000] "GET /report HTTP/1.0" 400 123
127.0.0.1 - frank [10/Nov/2019:11:46:17 +0000] "POST /report HTTP/1.0" 400 15
127.0.0.1 - frank [10/Nov/2019:11:46:18 +0000] "GET /report HTTP/1.0" 500 656
127.0.0.1 - frank [10/Nov/2019:11:46:18 +0000] "GET /report HTTP/1.0" 300 15
127.0.0.1 - jill [10/Nov/2019:11:46:19 +0000] "POST /api/user HTTP/1.0" 500 123
127.0.0.1 - james [10/Nov/2019:11:46:19 +0000] "POST /report HTTP/1.0" 400 656
127.0.0.1 - jill [10/Nov/2019:11:46:20 +0000] "POST /api/user HTTP/1.0" 400 123
127.0.0.1 - jill [10/Nov/2019:11:46:20 +0000] "GET /report HTTP/1.0" 200 123
127.0.0.1 - mary [10/Nov/2019:11:46:21 +0000] "GET /api/user HTTP/1.0" 200 123
127.0.0.1 - frank [10/Nov/2019:11:46:21 +0000] "GET /report HTTP/1.0" 500 656
127.0.0.1 - jill [10/Nov/2019:11:46:21 +0000] "GET /report HTTP/1.0" 200 123
127.0.0.1 - mary [10/Nov/2019:11:46:22 +0000] "POST /report HTTP/1.0" 400 656
127.0.0.1 - jill [10/Nov/2019:11:46:22 +0000] "POST /api/user HTTP/1.0" 400 123
127.0.0.1 - james [10/Nov/2019:11:46:23 +0000] "GET /api/user HTTP/1.0" 400 15
127.0.0.1 - frank [10/Nov/2019:11:46:23 +0000] "GET /api/user HTTP/1.0" 300 15
127.0.0.1 - james [10/Nov/2019:11:46:24 +0000] "GET /api/user HTTP/1.0" 500 123
127.0.0.1 - jill [10/Nov/2019:11:46:24 +0000] "GET /report HTTP/1.0" 300 15
127.0.0.1 - frank [10/Nov/2019:11:46:25 +0000] "GET /api/user HTTP/1.0" 400 15
127.0.0.1 - frank [10/Nov/2019:11:46:25 +0000] "GET /report HTTP/1.0" 400 656
127.0.0.1 - mary [10/Nov/2019:11:46:25 +0000] "POST /api/user HTTP/1.0" 300 656
127.0.0.1 - jill [10/Nov/2019:11:46:26 +0000] "POST /report HTTP/1.0" 400 123
127.0.0.1 - mary [10/Nov/2019:11:46:26 +0000] "POST /report HTTP/1.0" 400 656
127.0.0.1 - frank [10/Nov/2019:11:46:27 +0000] "POST /report HTTP/1.0" 300 15
127.0.0.1 - james [10/Nov/2019:11:46:27 +0000] "POST /report HTTP/1.0" 200 15
127.0.0.1 - frank [10/Nov/2019:11:46:28 +0000] "GET /report HTTP/1.0" 500 656
127.0.0.1 - mary [10/Nov/2019:11:46:28 +0000] "POST /report HTTP/1.0" 400 123
127.0.0.1 - frank [10/Nov/2019:11:46:29 +0000] "POST /api/user HTTP/1.0" 300 123
127.0.0.1 - mary [10/Nov/2019:11:46:29 +0000] "POST /report HTTP/1.0" 200 656
127.0.0.1 - james [10/Nov/2019:11:46:30 +0000] "GET /report HTTP/1.0" 300 15
127.0.0.1 - frank [10/Nov/2019:11:46:30 +0000] "POST /report HTTP/1.0" 400 15
127.0.0.1 - mary [10/Nov/2019:11:46:31 +0000] "POST /api/user HTTP/1.0" 500 123
127.0.0.1 - frank [10/Nov/2019:11:46:31 +0000] "POST /api/user HTTP/1.0" 300 123
127.0.0.1 - james [10/Nov/2019:11:46:32 +0000] "POST /api/user HTTP/1.0" 500 123
127.0.0.1 - jill [10/Nov/2019:11:46:32 +0000] "GET /report HTTP/1.0" 200 15
127.0.0.1 - jill [10/Nov/2019:11:46:33 +0000] "GET /report HTTP/1.0" 300 15
127.0.0.1 - mary [10/Nov/2019:11:46:34 +0000] "POST /api/user HTTP/1.0" 500 656
127.0.0.1 - mary [10/Nov/2019:11:46:34 +0000] "POST /api/user HTTP/1.0" 300 15
127.0.0.1 - frank [10/Nov/2019:11:46:34 +0000] "GET /api/user HTTP/1.0" 300 656
127.0.0.1 - jill [10/Nov/2019:11:46:35 +0000] "GET /report HTTP/1.0" 400 15
127.0.0.1 - mary [10/Nov/2019:11:46:35 +0000] "GET /report HTTP/1.0" 400 15
127.0.0.1 - mary [10/Nov/2019:11:46:36 +0000] "POST /report HTTP/1.0" 200 123
127.0.0.1 - james [10/Nov/2019:11:46:36 +0000] "POST /api/user HTTP/1.0" 200 123
127.0.0.1 - frank [10/Nov/2019:11:46:37 +0000] "GET /report HTTP/1.0" 400 123
127.0.0.1 - james [10/Nov/2019:11:46:37 +0000] "GET /api/user HTTP/1.0" 300 123
127.0.0.1 - james [10/Nov/2019:11:46:38 +0000] "POST /report HTTP/1.0" 500 656
127.0.0.1 - james [10/Nov/2019:11:46:38 +0000] "GET /report HTTP/1.0" 300 656
127.0.0.1 - jill [10/Nov/2019:11:46:39 +0000] "GET /report HTTP/1.0" 500 123
127.0.0.1 - frank [10/Nov/2019:11:46:40 +0000] "POST /api/user HTTP/1.0" 300 656
127.0.0.1 - mary [10/Nov/2019:11:46:40 +0000] "POST /api/user HTTP/1.0" 500 15
127.0.0.1 - jill [10/Nov/2019:11:46:40 +0000] "GET /report HTTP/1.0" 400 123
127.0.0.1 - james [10/Nov/2019:11:46:41 +0000] "POST /api/user HTTP/1.0" 400 15
127.0.0.1 - mary [10/Nov/2019:11:46:41 +0000] "GET /report HTTP/1.0" 300 15
127.0.0.1 - mary [10/Nov/2019:11:46:42 +0000] "POST /api/user HTTP/1.0" 500 123
127.0.0.1 - jill [10/Nov/2019:11:46:42 +0000] "POST /api/user HTTP/1.0" 300 123
127.0.0.1 - james [10/Nov/2019:11:46:43 +0000] "POST /report HTTP/1.0" 200 15
127.0.0.1 - james [10/Nov/2019:11:46:43 +0000] "GET /report HTTP/1.0" 500 15
127.0.0.1 - frank [10/Nov/2019:11:46:43 +0000] "GET /api/user HTTP/1.0" 200 15
127.0.0.1 - frank [10/Nov/2019:11:46:44 +0000] "POST /api/user HTTP/1.0" 200 123
127.0.0.1 - james [10/Nov/2019:11:46:44 +0000] "GET /report HTTP/1.0" 500 656
127.0.0.1 - james [10/Nov/2019:11:46:45 +0000] "POST /api/user HTTP/1.0" 300 656
127.0.0.1 - frank [10/Nov/2019:11:46:45 +0000] "POST /report HTTP/1.0" 300 15
127.0.0.1 - frank [10/Nov/2019:11:46:46 +0000] "GET /report HTTP/1.0" 200 123
127.0.0.1 - frank [10/Nov/2019:11:46:46 +0000] "POST /report HTTP/1.0" 400 15
127.0.0.1 - frank [10/Nov/2019:11:46:47 +0000] "POST /api/user HTTP/1.0" 300 15
127.0.0.1 - frank [10/Nov/2019:11:46:48 +0000] "POST /report HTTP/1.0" 300 123
127.0.0.1 - jill [10/Nov/2019:11:46:48 +0000] "POST /api/user HTTP/1.0" 300 15
127.0.0.1 - frank [10/Nov/2019:11:46:49 +0000] "GET /report HTTP/1.0" 400 656
127.0.0.1 - frank [10/Nov/2019:11:46:49 +0000] "GET /api/user HTTP/1.0" 300 123
127.0.0.1 - jill [10/Nov/2019:11:46:50 +0000] "POST /api/user HTTP/1.0" 400 123
127.0.0.1 - frank [10/Nov/2019:11:46:50 +0000] "POST /report HTTP/1.0" 200 15
127.0.0.1 - mary [10/Nov/2019:11:46:51 +0000] "GET /report HTTP/1.0" 300 656
127.0.0.1 - frank [10/Nov/2019:11:46:52 +0000] "GET /report HTTP/1.0" 400 123
127.0.0.1 - james [10/Nov/2019:11:46:52 +0000] "GET /report HTTP/1.0" 200 15
127.0.0.1 - mary [10/Nov/2019:11:46:53 +0000] "POST /report HTTP/1.0" 500 656
127.0.0.1 - jill [10/Nov/2019:11:46:53 +0000] "POST /api/user HTTP/1.0" 500 15
127.0.0.1 - jill [10/Nov/2019:11:46:54 +0000] "GET /report HTTP/1.0" 300 123
127.0.0.1 - frank [10/Nov/2019:11:46:54 +0000] "POST /api/user HTTP/1.0" 200 656
127.0.0.1 - jill [10/Nov/2019:11:46:55 +0000] "POST /report HTTP/1.0" 200 123
127.0.0.1 - frank [10/Nov/2019:11:46:55 +0000] "GET /report HTTP/1.0" 300 123
127.0.0.1 - frank [10/Nov/2019:11:46:56 +0000] "GET /api/user HTTP/1.0" 300 123
127.0.0.1 - jill [10/Nov/2019:11:46:56 +0000] "POST /api/user HTTP/1.0" 200 123
127.0.0.1 - jill [10/Nov/2019:11:46:57 +0000] "POST /report HTTP/1.0" 300 123
127.0.0.1 - james [10/Nov/2019:11:46:57 +0000] "POST /report HTTP/1.0" 300 656
127.0.0.1 - james [10/Nov/2019:11:46:58 +0000] "POST /report HTTP/1.0" 500 123
127.0.0.1 - jill [10/Nov/2019:11:46:59 +0000] "POST /api/user HTTP/1.0" 300 656
127.0.0.1 - frank [10/Nov/2019:11:46:59 +0000] "POST /api/user HTTP/1.0" 400 123
127.0.0.1 - mary [10/Nov/2019:11:47:00 +0000] "POST /api/user HTTP/1.0" 200 656
127.0.0.1 - james [10/Nov/2019:11:47:00 +0000] "GET /api/user HTTP/1.0" 400 656
127.0.0.1 - frank [10/Nov/2019:11:47:00 +0000] "GET /api/user HTTP/1.0" 200 123
127.0.0.1 - james [10/Nov/2019:11:47:01 +0000] "GET /report HTTP/1.0" 300 15
127.0.0.1 - frank [10/Nov/2019:11:47:01 +0000] "GET /report HTTP/1.0" 400 656
127.0.0.1 - frank [10/Nov/2019:11:47:02 +0000] "POST /api/user HTTP/1.0" 200 123
127.0.0.1 - james [10/Nov/2019:11:47:02 +0000] "GET /api/user HTTP/1.0" 400 123
127.0.0.1 - james [10/Nov/2019:11:47:03 +0000] "GET /api/user HTTP/1.0" 500 656
127.0.0.1 - james [10/Nov/2019:11:47:03 +0000] "GET /report HTTP/1.0" 200 15
127.0.0.1 - mary [10/Nov/2019:11:47:04 +0000] "POST /report HTTP/1.0" 200 656
127.0.0.1 - jill [10/Nov/2019:11:47:04 +0000] "POST /report HTTP/1.0" 200 15
127.0.0.1 - frank [10/Nov/2019:11:47:05 +0000] "GET /report HTTP/1.0" 400 656
127.0.0.1 - frank [10/Nov/2019:11:47:05 +0000] "POST /report HTTP/1.0" 500 123
127.0.0.1 - mary [10/Nov/2019:11:47:06 +0000] "POST /report HTTP/1.0" 200 656
127.0.0.1 - jill [10/Nov/2019:11:47:06 +0000] "POST /report HTTP/1.0" 300 656
127.0.0.1 - james [10/Nov/2019:11:47:07 +0000] "POST /api/user HTTP/1.0" 400 15
127.0.0.1 - jill [10/Nov/2019:11:47:07 +0000] "POST /api/user HTTP/1.0" 200 656
127.0.0.1 - james [10/Nov/2019:11:47:08 +0000] "GET /api/user HTTP/1.0" 500 656
127.0.0.1 - mary [10/Nov/2019:11:47:08 +0000] "POST /api/user HTTP/1.0" 200 656
127.0.0.1 - james [10/Nov/2019:11:47:09 +0000] "GET /api/user HTTP/1.0" 200 656
127.0.0.1 - jill [10/Nov/2019:11:47:09 +0000] "POST /api/user HTTP/1.0" 300 656
127.0.0.1 - frank [10/Nov/2019:11:47:10 +0000] "POST /api/user HTTP/1.0" 500 15
127.0.0.1 - jill [10/Nov/2019:11:47:10 +0000] "GET /api/user HTTP/1.0" 400 15
127.0.0.1 - mary [10/Nov/2019:11:47:10 +0000] "POST /report HTTP/1.0" 300 656
127.0.0.1 - mary [10/Nov/2019:11:47:11 +0000] "GET /report HTTP/1.0" 500 656
127.0.0.1 - jill [10/Nov/2019:11:47:11 +0000] "GET /api/user HTTP/1.0" 500 656
127.0.0.1 - frank [10/Nov/2019:11:47:12 +0000] "GET /report HTTP/1.0" 200 656
127.0.0.1 - jill [10/Nov/2019:11:47:12 +0000] "POST /report HTTP/1.0" 300 15
127.0.0.1 - mary [10/Nov/2019:11:47:13 +0000] "GET /report HTTP/1.0" 200 123
127.0.0.1 - james [10/Nov/2019:11:47:13 +0000] "GET /api/user HTTP/1.0" 200 15
127.0.0.1 - james [10/Nov/2019:11:47:13 +0000] "POST /api/user HTTP/1.0" 500 123
127.0.0.1 - mary [10/Nov/2019:11:47:14 +0000] "GET /report HTTP/1.0" 200 123
127.0.0.1 - mary [10/Nov/2019:11:47:14 +0000] "GET /api/user HTTP/1.0" 400 15
127.0.0.1 - frank [10/Nov/2019:11:53:15 +0000] "GET /report HTTP/1.0" 400 656
127.0.0.1 - frank [10/Nov/2019:11:53:16 +0000] "POST /api/user HTTP/1.0" 200 123
127.0.0.1 - james [10/Nov/2019:11:53:16 +0000] "GET /api/user HTTP/1.0" 200 15
127.0.0.1 - frank [10/Nov/2019:11:53:17 +0000] "POST /report HTTP/1.0" 400 123
127.0.0.1 - mary [10/Nov/2019:11:53:17 +0000] "POST /api/user HTTP/1.0" 400 15
127.0.0.1 - james [10/Nov/2019:11:53:18 +0000] "POST /api/user HTTP/1.0" 400 656
127.0.0.1 - frank [10/Nov/2019:11:53:19 +0000] "POST /api/user HTTP/1.0" 300 123
127.0.0.1 - frank [10/Nov/2019:11:53:19 +0000] "POST /api/user HTTP/1.0" 200 656
127.0.0.1 - jill [10/Nov/2019:11:53:19 +0000] "GET /api/user HTTP/1.0" 500 15
127.0.0.1 - mary [10/Nov/2019:11:53:20 +0000] "GET /report HTTP/1.0" 300 15
127.0.0.1 - james [10/Nov/2019:11:53:20 +0000] "POST /report HTTP/1.0" 200 656
127.0.0.1 - jill [10/Nov/2019:11:53:21 +0000] "POST /report HTTP/1.0" 400 15
127.0.0.1 - james [10/Nov/2019:12:18:43 +0000] "POST /api/user HTTP/1.0" 300 15
127.0.0.1 - mary [10/Nov/2019:12:18:43 +0000] "GET /report HTTP/1.0" 500 656
127.0.0.1 - mary [10/Nov/2019:12:18:44 +0000] "GET /report HTTP/1.0" 200 15
127.0.0.1 - mary [10/Nov/2019:12:18:45 +0000] "POST /report HTTP/1.0" 500 15
127.0.0.1 - mary [10/Nov/2019:12:18:45 +0000] "GET /report HTTP/1.0" 200 15
127.0.0.1 - mary [10/Nov/2019:12:18:46 +0000] "POST /api/user HTTP/1.0" 400 656
127.0.0.1 - jill [10/Nov/2019:12:18:46 +0000] "POST /report HTTP/1.0" 500 15
127.0.0.1 - jill [10/Nov/2019:12:18:47 +0000] "POST /api/user HTTP/1.0" 300 123
127.0.0.1 - james [10/Nov/2019:12:18:48 +0000] "POST /api/user HTTP/1.0" 300 656
127.0.0.1 - james [10/Nov/2019:12:18:48 +0000] "GET /report HTTP/1.0" 200 123
127.0.0.1 - frank [10/Nov/2019:12:18:48 +0000] "POST /report HTTP/1.0" 200 123
127.0.0.1 - jill [10/Nov/2019:12:18:49 +0000] "GET /api/user HTTP/1.0" 200 656
127.0.0.1 - frank [10/Nov/2019:12:18:49 +0000] "POST /report HTTP/1.0" 500 656
127.0.0.1 - james [10/Nov/2019:12:18:50 +0000] "GET /report HTTP/1.0" 300 123
127.0.0.1 - frank [10/Nov/2019:12:18:50 +0000] "GET /report HTTP/1.0" 200 656
127.0.0.1 - mary [10/Nov/2019:12:18:51 +0000] "GET /report HTTP/1.0" 300 15
127.0.0.1 - mary [10/Nov/2019:12:18:51 +0000] "POST /api/user HTTP/1.0" 200 123
127.0.0.1 - jill [10/Nov/2019:12:18:52 +0000] "POST /report HTTP/1.0" 400 123
127.0.0.1 - frank [10/Nov/2019:12:18:52 +0000] "POST /api/user HTTP/1.0" 500 123
127.0.0.1 - mary [10/Nov/2019:12:18:53 +0000] "POST /report HTTP/1.0" 400 656
127.0.0.1 - frank [10/Nov/2019:12:18:53 +0000] "GET /report HTTP/1.0" 400 15
127.0.0.1 - james [10/Nov/2019:12:18:54 +0000] "GET /report HTTP/1.0" 200 15
127.0.0.1 - james [10/Nov/2019:12:18:54 +0000] "POST /report HTTP/1.0" 200 15
127.0.0.1 - mary [10/Nov/2019:12:18:54 +0000] "GET /api/user HTTP/1.0" 400 15
127.0.0.1 - jill [10/Nov/2019:12:18:55 +0000] "GET /report HTTP/1.0" 200 123
127.0.0.1 - james [10/Nov/2019:12:18:56 +0000] "POST /report HTTP/1.0" 500 656
127.0.0.1 - mary [10/Nov/2019:12:18:56 +0000] "GET /api/user HTTP/1.0" 300 656
127.0.0.1 - mary [10/Nov/2019:12:18:57 +0000] "POST /report HTTP/1.0" 300 15
127.0.0.1 - james [10/Nov/2019:12:18:57 +0000] "POST /api/user HTTP/1.0" 500 656
127.0.0.1 - mary [10/Nov/2019:12:18:58 +0000] "POST /api/user HTTP/1.0" 300 15
127.0.0.1 - jill [10/Nov/2019:12:18:58 +0000] "GET /report HTTP/1.0" 200 123
127.0.0.1 - james [10/Nov/2019:12:18:59 +0000] "GET /report HTTP/1.0" 300 656
127.0.0.1 - james [10/Nov/2019:12:18:59 +0000] "POST /api/user HTTP/1.0" 400 15
127.0.0.1 - mary [10/Nov/2019:12:19:00 +0000] "GET /report HTTP/1.0" 400 123
127.0.0.1 - james [10/Nov/2019:12:19:00 +0000] "POST /api/user HTTP/1.0" 300 123
127.0.0.1 - james [10/Nov/2019:12:19:00 +0000] "GET /api/user HTTP/1.0" 500 15
127.0.0.1 - frank [10/Nov/2019:12:19:01 +0000] "POST /report HTTP/1.0" 200 15
127.0.0.1 - james [10/Nov/2019:12:19:01 +0000] "GET /report HTTP/1.0" 500 123
127.0.0.1 - jill [10/Nov/2019:12:19:02 +0000] "POST /api/user HTTP/1.0" 400 656
127.0.0.1 - mary [10/Nov/2019:12:19:02 +0000] "GET /report HTTP/1.0" 500 123
127.0.0.1 - james [10/Nov/2019:12:19:03 +0000] "GET /api/user HTTP/1.0" 400 656
127.0.0.1 - mary [10/Nov/2019:12:19:03 +0000] "GET /report HTTP/1.0" 200 123
127.0.0.1 - james [10/Nov/2019:12:19:04 +0000] "GET /api/user HTTP/1.0" 400 123
127.0.0.1 - james [10/Nov/2019:12:19:04 +0000] "POST /report HTTP/1.0" 300 15
127.0.0.1 - frank [10/Nov/2019:12:19:05 +0000] "GET /api/user HTTP/1.0" 200 656
127.0.0.1 - jill [10/Nov/2019:12:19:05 +0000] "GET /api/user HTTP/1.0" 200 15
127.0.0.1 - james [10/Nov/2019:12:19:06 +0000] "GET /report HTTP/1.0" 400 656
127.0.0.1 - james [10/Nov/2019:12:19:06 +0000] "GET /report HTTP/1.0" 200 15
127.0.0.1 - frank [10/Nov/2019:12:19:06 +0000] "GET /api/user HTTP/1.0" 500 15
127.0.0.1 - mary [10/Nov/2019:12:19:07 +0000] "GET /api/user HTTP/1.0" 200 123
127.0.0.1 - james [10/Nov/2019:12:19:07 +0000] "POST /report HTTP/1.0" 300 15
127.0.0.1 - jill [10/Nov/2019:12:19:08 +0000] "GET /report HTTP/1.0" 300 123
127.0.0.1 - james [10/Nov/2019:12:19:08 +0000] "POST /report HTTP/1.0" 500 123
127.0.0.1 - james [10/Nov/2019:12:19:09 +0000] "GET /api/user HTTP/1.0" 200 15
127.0.0.1 - james [10/Nov/2019:12:19:10 +0000] "GET /report HTTP/1.0" 500 123
127.0.0.1 - jill [10/Nov/2019:12:19:10 +0000] "GET /report HTTP/1.0" 400 123
127.0.0.1 - frank [10/Nov/2019:12:19:11 +0000] "GET /report HTTP/1.0" 500 15
127.0.0.1 - jill [10/Nov/2019:12:19:11 +0000] "POST /report HTTP/1.0" 400 656
127.0.0.1 - mary [10/Nov/2019:12:19:12 +0000] "GET /report HTTP/1.0" 200 123
127.0.0.1 - frank [10/Nov/2019:12:19:12 +0000] "POST /api/user HTTP/1.0" 500 123
127.0.0.1 - james [10/Nov/2019:12:19:13 +0000] "GET /report HTTP/1.0" 500 656
127.0.0.1 - frank [10/Nov/2019:12:19:13 +0000] "POST /report HTTP/1.0" 500 123
127.0.0.1 - frank [10/Nov/2019:12:19:14 +0000] "POST /report HTTP/1.0" 500 656
127.0.0.1 - mary [10/Nov/2019:12:19:14 +0000] "POST /api/user HTTP/1.0" 200 656
127.0.0.1 - jill [10/Nov/2019:12:19:15 +0000] "POST /report HTTP/1.0" 500 656
127.0.0.1 - frank [10/Nov/2019:12:19:15 +0000] "GET /api/user HTTP/1.0" 500 656
127.0.0.1 - james [10/Nov/2019:12:19:16 +0000] "GET /report HTTP/1.0" 300 15
127.0.0.1 - mary [10/Nov/2019:12:19:16 +0000] "POST /report HTTP/1.0" 500 656
127.0.0.1 - jill [10/Nov/2019:12:19:16 +0000] "GET /report HTTP/1.0" 500 15
127.0.0.1 - jill [10/Nov/2019:12:19:17 +0000] "GET /api/user HTTP/1.0" 200 15
127.0.0.1 - jill [10/Nov/2019:12:19:17 +0000] "POST /api/user HTTP/1.0" 400 123
127.0.0.1 - mary [10/Nov/2019:12:19:18 +0000] "GET /api/user HTTP/1.0" 300 123
127.0.0.1 - frank [10/Nov/2019:12:19:19 +0000] "POST /api/user HTTP/1.0" 400 15
127.0.0.1 - jill [10/Nov/2019:12:19:19 +0000] "GET /report HTTP/1.0" 200 656
127.0.0.1 - james [10/Nov/2019:12:19:20 +0000] "GET /report HTTP/1.0" 300 656
127.0.0.1 - jill [10/Nov/2019:12:19:20 +0000] "GET /report HTTP/1.0" 500 123
127.0.0.1 - james [10/Nov/2019:12:19:21 +0000] "POST /api/user HTTP/1.0" 300 656
127.0.0.1 - james [10/Nov/2019:12:19:21 +0000] "GET /report HTTP/1.0" 500 123
127.0.0.1 - mary [10/Nov/2019:12:19:22 +0000] "GET /api/user HTTP/1.0" 400 656
127.0.0.1 - james [10/Nov/2019:12:19:23 +0000] "POST /api/user HTTP/1.0" 400 15
127.0.0.1 - frank [10/Nov/2019:12:19:23 +0000] "GET /report HTTP/1.0" 500 15
127.0.0.1 - james [10/Nov/2019:12:19:24 +0000] "POST /report HTTP/1.0" 400 656
127.0.0.1 - mary [10/Nov/2019:12:19:24 +0000] "GET /report HTTP/1.0" 500 123
127.0.0.1 - mary [10/Nov/2019:12:19:25 +0000] "POST /api/user HTTP/1.0" 300 656
127.0.0.1 - james [10/Nov/2019:12:19:25 +0000] "POST /report HTTP/1.0" 400 656
127.0.0.1 - james [10/Nov/2019:12:19:26 +0000] "GET /api/user HTTP/1.0" 300 15
127.0.0.1 - jill [10/Nov/2019:12:19:26 +0000] "POST /api/user HTTP/1.0" 200 123
127.0.0.1 - mary [10/Nov/2019:12:19:26 +0000] "POST /api/user HTTP/1.0" 200 123
127.0.0.1 - mary [10/Nov/2019:12:19:27 +0000] "GET /report HTTP/1.0" 300 15
127.0.0.1 - mary [10/Nov/2019:12:19:28 +0000] "GET /api/user HTTP/1.0" 300 656
127.0.0.1 - jill [10/Nov/2019:12:19:28 +0000] "POST /api/user HTTP/1.0" 300 123
127.0.0.1 - jill [10/Nov/2019:12:19:29 +0000] "POST /api/user HTTP/1.0" 300 15
127.0.0.1 - jill [10/Nov/2019:12:19:30 +0000] "POST /api/user HTTP/1.0" 500 656
127.0.0.1 - jill [10/Nov/2019:12:19:30 +0000] "POST /report HTTP/1.0" 400 656
127.0.0.1 - jill [10/Nov/2019:12:19:31 +0000] "POST /api/user HTTP/1.0" 400 656
127.0.0.1 - jill [10/Nov/2019:12:19:31 +0000] "GET /api/user HTTP/1.0" 300 123
127.0.0.1 - mary [10/Nov/2019:12:19:32 +0000] "GET /api/user HTTP/1.0" 300 15
127.0.0.1 - jill [10/Nov/2019:12:19:33 +0000] "POST /api/user HTTP/1.0" 300 15
127.0.0.1 - mary [10/Nov/2019:12:19:33 +0000] "POST /report HTTP/1.0" 400 15
127.0.0.1 - mary [10/Nov/2019:12:19:34 +0000] "GET /api/user HTTP/1.0" 500 656
127.0.0.1 - frank [10/Nov/2019:12:19:34 +0000] "POST /report HTTP/1.0" 300 15
127.0.0.1 - james [10/Nov/2019:12:19:35 +0000] "POST /api/user HTTP/1.0" 300 15
127.0.0.1 - frank [10/Nov/2019:12:19:36 +0000] "GET /report HTTP/1.0" 200 123
127.0.0.1 - mary [10/Nov/2019:12:19:36 +0000] "GET /report HTTP/1.0" 300 15
127.0.0.1 - jill [10/Nov/2019:12:19:36 +0000] "POST /api/user HTTP/1.0" 300 15
127.0.0.1 - mary [10/Nov/2019:12:19:37 +0000] "POST /api/user HTTP/1.0" 400 123
127.0.0.1 - jill [10/Nov/2019:12:19:38 +0000] "POST /api/user HTTP/1.0" 200 15
127.0.0.1 - james [10/Nov/2019:12:19:38 +0000] "GET /api/user HTTP/1.0" 200 656
127.0.0.1 - mary [10/Nov/2019:12:19:38 +0000] "POST /report HTTP/1.0" 200 656
127.0.0.1 - jill [10/Nov/2019:12:19:39 +0000] "POST /api/user HTTP/1.0" 400 15
127.0.0.1 - jill [10/Nov/2019:12:19:39 +0000] "GET /report HTTP/1.0" 300 656
127.0.0.1 - mary [10/Nov/2019:12:19:40 +0000] "GET /report HTTP/1.0" 300 15
127.0.0.1 - mary [10/Nov/2019:12:19:41 +0000] "POST /report HTTP/1.0" 200 656
127.0.0.1 - mary [10/Nov/2019:12:19:41 +0000] "GET /api/user HTTP/1.0" 400 656
127.0.0.1 - james [10/Nov/2019:12:19:42 +0000] "POST /api/user HTTP/1.0" 200 15
127.0.0.1 - james [10/Nov/2019:12:19:43 +0000] "GET /api/user HTTP/1.0" 300 656
127.0.0.1 - jill [10/Nov/2019:12:19:43 +0000] "GET /api/user HTTP/1.0" 400 123
127.0.0.1 - jill [10/Nov/2019:12:19:43 +0000] "POST /report HTTP/1.0" 200 15
127.0.0.1 - mary [10/Nov/2019:12:19:44 +0000] "POST /report HTTP/1.0" 200 123
127.0.0.1 - frank [10/Nov/2019:12:19:44 +0000] "POST /report HTTP/1.0" 500 123
127.0.0.1 - jill [10/Nov/2019:12:19:45 +0000] "GET /api/user HTTP/1.0" 200 15
127.0.0.1 - james [10/Nov/2019:12:19:45 +0000] "POST /api/user HTTP/1.0" 500 123
127.0.0.1 - james [10/Nov/2019:12:19:46 +0000] "GET /api/user HTTP/1.0" 500 123
127.0.0.1 - mary [10/Nov/2019:12:19:47 +0000] "POST /api/user HTTP/1.0" 300 656
127.0.0.1 - frank [10/Nov/2019:12:19:47 +0000] "POST /report HTTP/1.0" 500 656
127.0.0.1 - james [10/Nov/2019:12:19:48 +0000] "POST /report HTTP/1.0" 400 123
127.0.0.1 - jill [10/Nov/2019:12:19:48 +0000] "POST /report HTTP/1.0" 400 15
127.0.0.1 - mary [10/Nov/2019:12:19:49 +0000] "GET /api/user HTTP/1.0" 200 656
127.0.0.1 - jill [10/Nov/2019:12:19:49 +0000] "POST /api/user HTTP/1.0" 500 15
127.0.0.1 - jill [10/Nov/2019:12:19:50 +0000] "POST /api/user HTTP/1.0" 400 15
127.0.0.1 - james [10/Nov/2019:12:19:50 +0000] "POST /report HTTP/1.0" 200 123
127.0.0.1 - jill [10/Nov/2019:12:19:51 +0000] "GET /report HTTP/1.0" 300 123
127.0.0.1 - james [10/Nov/2019:12:19:51 +0000] "GET /report HTTP/1.0" 300 15
127.0.0.1 - james [10/Nov/2019:12:19:52 +0000] "POST /report HTTP/1.0" 500 656
127.0.0.1 - jill [10/Nov/2019:12:19:52 +0000] "GET /api/user HTTP/1.0" 300 15
127.0.0.1 - jill [10/Nov/2019:12:19:53 +0000] "POST /report HTTP/1.0" 500 15
127.0.0.1 - mary [10/Nov/2019:12:19:54 +0000] "GET /api/user HTTP/1.0" 400 15
127.0.0.1 - mary [10/Nov/2019:12:19:54 +0000] "POST /api/user HTTP/1.0" 500 656
127.0.0.1 - jill [10/Nov/2019:12:19:55 +0000] "GET /api/user HTTP/1.0" 300 656
127.0.0.1 - frank [10/Nov/2019:12:19:55 +0000] "POST /api/user HTTP/1.0" 400 15
127.0.0.1 - mary [10/Nov/2019:12:19:56 +0000] "GET /api/user HTTP/1.0" 400 123
127.0.0.1 - frank [10/Nov/2019:12:19:56 +0000] "GET /api/user HTTP/1.0" 500 656
127.0.0.1 - mary [10/Nov/2019:12:19:57 +0000] "GET /report HTTP/1.0" 300 123
127.0.0.1 - frank [10/Nov/2019:12:19:58 +0000] "GET /report HTTP/1.0" 200 15
127.0.0.1 - jill [10/Nov/2019:12:19:58 +0000] "POST /report HTTP/1.0" 500 123
127.0.0.1 - james [10/Nov/2019:12:19:58 +0000] "POST /api/user HTTP/1.0" 300 656
127.0.0.1 - james [10/Nov/2019:12:19:59 +0000] "GET /report HTTP/1.0" 500 123
127.0.0.1 - frank [10/Nov/2019:12:19:59 +0000] "GET /report HTTP/1.0" 500 123
127.0.0.1 - mary [10/Nov/2019:12:20:00 +0000] "POST /report HTTP/1.0" 500 15
127.0.0.1 - frank [10/Nov/2019:12:20:00 +0000] "GET /api/user HTTP/1.0" 500 656
127.0.0.1 - frank [10/Nov/2019:12:20:01 +0000] "GET /report HTTP/1.0" 500 656
127.0.0.1 - james [10/Nov/2019:12:20:01 +0000] "GET /api/user HTTP/1.0" 300 656
127.0.0.1 - frank [10/Nov/2019:12:20:02 +0000] "POST /report HTTP/1.0" 300 123
127.0.0.1 - frank [10/Nov/2019:12:20:02 +0000] "GET /report HTTP/1.0" 300 123
127.0.0.1 - jill [10/Nov/2019:12:20:03 +0000] "POST /report HTTP/1.0" 200 15
127.0.0.1 - frank [10/Nov/2019:12:20:03 +0000] "GET /report HTTP/1.0" 500 123
127.0.0.1 - james [10/Nov/2019:12:20:03 +0000] "GET /report HTTP/1.0" 500 15
127.0.0.1 - mary [10/Nov/2019:12:20:04 +0000] "POST /report HTTP/1.0" 500 123
127.0.0.1 - james [10/Nov/2019:12:20:04 +0000] "POST /report HTTP/1.0" 400 656
127.0.0.1 - jill [10/Nov/2019:12:20:05 +0000] "GET /report HTTP/1.0" 400 656
127.0.0.1 - james [10/Nov/2019:12:20:05 +0000] "GET /api/user HTTP/1.0" 400 123
127.0.0.1 - mary [10/Nov/2019:12:20:06 +0000] "GET /api/user HTTP/1.0" 300 656
127.0.0.1 - james [10/Nov/2019:12:20:06 +0000] "GET /api/user HTTP/1.0" 200 656
127.0.0.1 - frank [10/Nov/2019:12:20:07 +0000] "POST /report HTTP/1.0" 400 656
127.0.0.1 - frank [10/Nov/2019:12:20:08 +0000] "GET /report HTTP/1.0" 500 123
127.0.0.1 - frank [10/Nov/2019:12:20:08 +0000] "GET /report HTTP/1.0" 500 15
127.0.0.1 - frank [10/Nov/2019:12:20:08 +0000] "GET /report HTTP/1.0" 400 123
127.0.0.1 - jill [10/Nov/2019:12:20:09 +0000] "GET /api/user HTTP/1.0" 200 15
127.0.0.1 - frank [10/Nov/2019:12:20:09 +0000] "POST /api/user HTTP/1.0" 500 15
127.0.0.1 - jill [10/Nov/2019:12:20:10 +0000] "POST /report HTTP/1.0" 200 15
127.0.0.1 - james [10/Nov/2019:12:20:10 +0000] "GET /report HTTP/1.0" 300 123
127.0.0.1 - mary [10/Nov/2019:12:20:11 +0000] "GET /report HTTP/1.0" 300 656
127.0.0.1 - james [10/Nov/2019:12:20:11 +0000] "GET /api/user HTTP/1.0" 500 656
127.0.0.1 - jill [10/Nov/2019:12:20:12 +0000] "GET /report HTTP/1.0" 500 15
127.0.0.1 - mary [10/Nov/2019:12:20:12 +0000] "GET /report HTTP/1.0" 200 15
127.0.0.1 - james [10/Nov/2019:12:20:13 +0000] "POST /report HTTP/1.0" 500 656
127.0.0.1 - james [10/Nov/2019:12:20:14 +0000] "POST /api/user HTTP/1.0" 500 656
127.0.0.1 - jill [10/Nov/2019:12:20:14 +0000] "POST /report HTTP/1.0" 500 656
127.0.0.1 - james [10/Nov/2019:12:24:50 +0000] "POST /report HTTP/1.0" 300 15
127.0.0.1 - frank [10/Nov/2019:12:24:50 +0000] "GET /api/user HTTP/1.0" 200 15
127.0.0.1 - james [10/Nov/2019:12:24:51 +0000] "POST /api/user HTTP/1.0" 300 123
127.0.0.1 - frank [10/Nov/2019:12:24:51 +0000] "GET /report HTTP/1.0" 400 15
127.0.0.1 - mary [10/Nov/2019:12:24:52 +0000] "GET /report HTTP/1.0" 500 15
127.0.0.1 - james [10/Nov/2019:12:24:52 +0000] "GET /api/user HTTP/1.0" 400 123
127.0.0.1 - frank [10/Nov/2019:12:24:53 +0000] "POST /api/user HTTP/1.0" 500 656
127.0.0.1 - james [10/Nov/2019:12:24:53 +0000] "GET /api/user HTTP/1.0" 500 656
127.0.0.1 - james [10/Nov/2019:12:24:54 +0000] "GET /api/user HTTP/1.0" 300 656
127.0.0.1 - james [10/Nov/2019:12:24:54 +0000] "POST /report HTTP/1.0" 300 123
127.0.0.1 - jill [10/Nov/2019:12:24:55 +0000] "POST /report HTTP/1.0" 300 123
127.0.0.1 - frank [10/Nov/2019:12:24:55 +0000] "GET /report HTTP/1.0" 400 656
127.0.0.1 - mary [10/Nov/2019:12:24:56 +0000] "GET /report HTTP/1.0" 500 123
127.0.0.1 - mary [10/Nov/2019:12:24:57 +0000] "GET /api/user HTTP/1.0" 200 656
127.0.0.1 - jill [10/Nov/2019:12:29:15 +0000] "GET /report HTTP/1.0" 300 123
127.0.0.1 - frank [10/Nov/2019:12:29:16 +0000] "GET /api/user HTTP/1.0" 200 656
127.0.0.1 - frank [10/Nov/2019:12:29:16 +0000] "GET /report HTTP/1.0" 200 123
127.0.0.1 - james [10/Nov/2019:12:29:17 +0000] "POST /report HTTP/1.0" 200 15
127.0.0.1 - frank [10/Nov/2019:12:29:17 +0000] "POST /api/user HTTP/1.0" 200 15
127.0.0.1 - frank [10/Nov/2019:12:29:18 +0000] "GET /api/user HTTP/1.0" 400 15
127.0.0.1 - jill [10/Nov/2019:12:29:18 +0000] "GET /report HTTP/1.0" 300 15
127.0.0.1 - frank [10/Nov/2019:12:29:19 +0000] "GET /api/user HTTP/1.0" 400 15
127.0.0.1 - frank [10/Nov/2019:12:29:19 +0000] "POST /report HTTP/1.0" 400 123
127.0.0.1 - jill [10/Nov/2019:12:29:20 +0000] "GET /api/user HTTP/1.0" 300 123
127.0.0.1 - james [10/Nov/2019:12:29:20 +0000] "GET /report HTTP/1.0" 500 656
127.0.0.1 - mary [10/Nov/2019:12:29:20 +0000] "GET /report HTTP/1.0" 300 15
127.0.0.1 - jill [10/Nov/2019:12:29:21 +0000] "POST /report HTTP/1.0" 200 123
127.0.0.1 - mary [10/Nov/2019:12:29:21 +0000] "GET /api/user HTTP/1.0" 400 15
127.0.0.1 - mary [10/Nov/2019:12:29:21 +0000] "GET /api/user HTTP/1.0" 300 123
127.0.0.1 - james [10/Nov/2019:12:29:22 +0000] "GET /report HTTP/1.0" 200 656
127.0.0.1 - jill [10/Nov/2019:12:29:22 +0000] "GET /report HTTP/1.0" 400 123
127.0.0.1 - james [10/Nov/2019:12:29:23 +0000] "GET /report HTTP/1.0" 400 123
127.0.0.1 - frank [10/Nov/2019:12:29:23 +0000] "POST /report HTTP/1.0" 500 123
127.0.0.1 - james [10/Nov/2019:12:29:24 +0000] "GET /api/user HTTP/1.0" 500 656
127.0.0.1 - frank [10/Nov/2019:12:29:24 +0000] "POST /report HTTP/1.0" 300 656
127.0.0.1 - james [10/Nov/2019:12:29:24 +0000] "GET /report HTTP/1.0" 200 656
127.0.0.1 - mary [10/Nov/2019:12:29:25 +0000] "GET /report HTTP/1.0" 200 123
127.0.0.1 - frank [10/Nov/2019:12:29:26 +0000] "POST /report HTTP/1.0" 500 123
127.0.0.1 - jill [10/Nov/2019:12:29:26 +0000] "GET /api/user HTTP/1.0" 300 656
127.0.0.1 - frank [10/Nov/2019:12:29:27 +0000] "GET /api/user HTTP/1.0" 500 123
127.0.0.1 - james [10/Nov/2019:12:29:27 +0000] "POST /report HTTP/1.0" 400 123
127.0.0.1 - frank [10/Nov/2019:12:29:28 +0000] "POST /api/user HTTP/1.0" 300 123
127.0.0.1 - jill [10/Nov/2019:12:29:28 +0000] "GET /report HTTP/1.0" 500 656
127.0.0.1 - jill [10/Nov/2019:12:29:29 +0000] "POST /api/user HTTP/1.0" 500 123
127.0.0.1 - frank [10/Nov/2019:12:29:29 +0000] "POST /api/user HTTP/1.0" 300 123
127.0.0.1 - jill [10/Nov/2019:12:29:30 +0000] "POST /api/user HTTP/1.0" 300 123
127.0.0.1 - jill [10/Nov/2019:12:29:30 +0000] "POST /api/user HTTP/1.0" 500 123
127.0.0.1 - frank [10/Nov/2019:12:29:31 +0000] "POST /report HTTP/1.0" 400 15
127.0.0.1 - james [10/Nov/2019:12:29:31 +0000] "POST /report HTTP/1.0" 500 123
127.0.0.1 - frank [10/Nov/2019:12:29:32 +0000] "POST /report HTTP/1.0" 500 123
127.0.0.1 - frank [10/Nov/2019:12:29:32 +0000] "POST /report HTTP/1.0" 200 15
127.0.0.1 - james [10/Nov/2019:12:29:33 +0000] "POST /api/user HTTP/1.0" 300 15
127.0.0.1 - jill [10/Nov/2019:12:29:33 +0000] "POST /report HTTP/1.0" 200 15
127.0.0.1 - frank [10/Nov/2019:12:29:34 +0000] "GET /report HTTP/1.0" 400 123
127.0.0.1 - james [10/Nov/2019:12:29:34 +0000] "POST /api/user HTTP/1.0" 500 656
127.0.0.1 - frank [10/Nov/2019:12:29:35 +0000] "POST /report HTTP/1.0" 300 15
127.0.0.1 - mary [10/Nov/2019:12:29:35 +0000] "GET /api/user HTTP/1.0" 400 656
127.0.0.1 - james [10/Nov/2019:12:29:36 +0000] "POST /report HTTP/1.0" 300 656
127.0.0.1 - mary [10/Nov/2019:12:29:36 +0000] "POST /report HTTP/1.0" 200 656
127.0.0.1 - jill [10/Nov/2019:12:29:37 +0000] "POST /report HTTP/1.0" 500 123
127.0.0.1 - mary [10/Nov/2019:12:29:37 +0000] "POST /report HTTP/1.0" 400 15
127.0.0.1 - james [10/Nov/2019:12:29:38 +0000] "GET /api/user HTTP/1.0" 400 656
127.0.0.1 - mary [10/Nov/2019:12:29:38 +0000] "GET /api/user HTTP/1.0" 200 123
127.0.0.1 - jill [10/Nov/2019:12:29:39 +0000] "POST /report HTTP/1.0" 200 656
127.0.0.1 - james [10/Nov/2019:12:29:40 +0000] "GET /api/user HTTP/1.0" 200 15
127.0.0.1 - jill [10/Nov/2019:12:29:40 +0000] "GET /api/user HTTP/1.0" 200 15
127.0.0.1 - jill [10/Nov/2019:12:29:41 +0000] "GET /report HTTP/1.0" 400 123
127.0.0.1 - mary [10/Nov/2019:12:29:41 +0000] "GET /api/user HTTP/1.0" 400 123
127.0.0.1 - james [10/Nov/2019:12:29:42 +0000] "GET /api/user HTTP/1.0" 400 123
127.0.0.1 - frank [10/Nov/2019:12:29:42 +0000] "POST /api/user HTTP/1.0" 200 123
127.0.0.1 - mary [10/Nov/2019:12:29:43 +0000] "GET /api/user HTTP/1.0" 300 15
127.0.0.1 - james [10/Nov/2019:12:29:43 +0000] "POST /report HTTP/1.0" 200 656
127.0.0.1 - james [10/Nov/2019:12:29:44 +0000] "GET /api/user HTTP/1.0" 300 656
127.0.0.1 - jill [10/Nov/2019:12:29:45 +0000] "POST /report HTTP/1.0" 400 15
127.0.0.1 - james [10/Nov/2019:12:29:45 +0000] "POST /report HTTP/1.0" 400 15
127.0.0.1 - james [10/Nov/2019:12:29:46 +0000] "POST /report HTTP/1.0" 200 15
127.0.0.1 - mary [10/Nov/2019:12:29:46 +0000] "GET /report HTTP/1.0" 400 15
127.0.0.1 - frank [10/Nov/2019:12:29:47 +0000] "GET /api/user HTTP/1.0" 500 15
127.0.0.1 - mary [10/Nov/2019:12:29:48 +0000] "POST /report HTTP/1.0" 400 656
127.0.0.1 - mary [10/Nov/2019:12:29:48 +0000] "POST /report HTTP/1.0" 500 656
127.0.0.1 - jill [10/Nov/2019:12:29:49 +0000] "POST /api/user HTTP/1.0" 300 656
127.0.0.1 - mary [10/Nov/2019:12:29:49 +0000] "POST /report HTTP/1.0" 200 656
127.0.0.1 - mary [10/Nov/2019:12:29:50 +0000] "GET /report HTTP/1.0" 500 15
127.0.0.1 - mary [10/Nov/2019:12:29:50 +0000] "POST /api/user HTTP/1.0" 200 656
127.0.0.1 - mary [10/Nov/2019:12:29:51 +0000] "POST /report HTTP/1.0" 400 123
127.0.0.1 - frank [10/Nov/2019:12:29:51 +0000] "POST /api/user HTTP/1.0" 400 123
127.0.0.1 - james [10/Nov/2019:12:29:52 +0000] "POST /report HTTP/1.0" 400 123
127.0.0.1 - james [10/Nov/2019:12:29:52 +0000] "GET /api/user HTTP/1.0" 300 656
127.0.0.1 - frank [10/Nov/2019:12:29:53 +0000] "POST /api/user HTTP/1.0" 300 123
127.0.0.1 - frank [10/Nov/2019:12:29:53 +0000] "POST /api/user HTTP/1.0" 400 123
127.0.0.1 - frank [10/Nov/2019:12:29:54 +0000] "GET /report HTTP/1.0" 500 656
127.0.0.1 - jill [10/Nov/2019:12:29:54 +0000] "POST /api/user HTTP/1.0" 200 656
127.0.0.1 - mary [10/Nov/2019:12:29:54 +0000] "GET /report HTTP/1.0" 300 656
127.0.0.1 - mary [10/Nov/2019:12:29:55 +0000] "GET /report HTTP/1.0" 200 15
127.0.0.1 - jill [10/Nov/2019:12:29:56 +0000] "GET /api/user HTTP/1.0" 300 656
127.0.0.1 - james [10/Nov/2019:12:29:56 +0000] "GET /report HTTP/1.0" 500 656
127.0.0.1 - james [10/Nov/2019:12:29:56 +0000] "POST /api/user HTTP/1.0" 500 656
127.0.0.1 - frank [10/Nov/2019:12:29:57 +0000] "GET /report HTTP/1.0" 200 15
127.0.0.1 - frank [10/Nov/2019:12:29:57 +0000] "POST /report HTTP/1.0" 200 656
127.0.0.1 - mary [10/Nov/2019:12:29:58 +0000] "POST /report HTTP/1.0" 300 15
127.0.0.1 - mary [10/Nov/2019:12:29:58 +0000] "POST /api/user HTTP/1.0" 200 123
127.0.0.1 - james [10/Nov/2019:12:29:59 +0000] "GET /report HTTP/1.0" 300 656
127.0.0.1 - frank [10/Nov/2019:12:29:59 +0000] "GET /report HTTP/1.0" 300 123
127.0.0.1 - frank [10/Nov/2019:12:29:59 +0000] "POST /report HTTP/1.0" 400 15
127.0.0.1 - frank [10/Nov/2019:12:30:00 +0000] "GET /api/user HTTP/1.0" 300 656
127.0.0.1 - frank [10/Nov/2019:12:30:00 +0000] "POST /api/user HTTP/1.0" 500 15
127.0.0.1 - jill [10/Nov/2019:12:30:00 +0000] "POST /api/user HTTP/1.0" 200 15
127.0.0.1 - frank [10/Nov/2019:12:30:01 +0000] "GET /api/user HTTP/1.0" 500 123
127.0.0.1 - james [10/Nov/2019:12:30:01 +0000] "GET /report HTTP/1.0" 300 656
127.0.0.1 - frank [10/Nov/2019:12:30:02 +0000] "GET /report HTTP/1.0" 200 123
127.0.0.1 - frank [10/Nov/2019:12:30:03 +0000] "GET /report HTTP/1.0" 300 656
127.0.0.1 - jill [10/Nov/2019:12:30:03 +0000] "POST /api/user HTTP/1.0" 500 15
127.0.0.1 - james [10/Nov/2019:12:30:04 +0000] "GET /report HTTP/1.0" 300 656
127.0.0.1 - frank [10/Nov/2019:12:30:04 +0000] "GET /report HTTP/1.0" 200 15
127.0.0.1 - frank [10/Nov/2019:12:30:04 +0000] "GET /report HTTP/1.0" 500 15
127.0.0.1 - james [10/Nov/2019:12:30:05 +0000] "GET /api/user HTTP/1.0" 200 656
127.0.0.1 - jill [10/Nov/2019:12:30:06 +0000] "GET /report HTTP/1.0" 400 15
127.0.0.1 - mary [10/Nov/2019:12:30:06 +0000] "GET /report HTTP/1.0" 500 656
127.0.0.1 - james [10/Nov/2019:12:30:07 +0000] "GET /api/user HTTP/1.0" 500 656
127.0.0.1 - jill [10/Nov/2019:12:30:07 +0000] "POST /report HTTP/1.0" 200 123
127.0.0.1 - frank [10/Nov/2019:12:30:08 +0000] "GET /api/user HTTP/1.0" 500 656
127.0.0.1 - james [10/Nov/2019:12:30:08 +0000] "POST /api/user HTTP/1.0" 300 656
127.0.0.1 - james [10/Nov/2019:12:30:09 +0000] "POST /api/user HTTP/1.0" 400 123
127.0.0.1 - frank [10/Nov/2019:12:30:09 +0000] "POST /api/user HTTP/1.0" 400 656
127.0.0.1 - jill [10/Nov/2019:12:30:10 +0000] "POST /report HTTP/1.0" 200 656
127.0.0.1 - frank [10/Nov/2019:12:30:10 +0000] "GET /api/user HTTP/1.0" 400 15
127.0.0.1 - james [10/Nov/2019:12:30:11 +0000] "POST /report HTTP/1.0" 300 123
127.0.0.1 - james [10/Nov/2019:12:30:12 +0000] "POST /report HTTP/1.0" 400 15
127.0.0.1 - frank [10/Nov/2019:12:30:12 +0000] "GET /report HTTP/1.0" 500 15
127.0.0.1 - james [10/Nov/2019:12:30:12 +0000] "GET /report HTTP/1.0" 200 123
127.0.0.1 - jill [10/Nov/2019:12:30:13 +0000] "POST /report HTTP/1.0" 200 123
127.0.0.1 - mary [10/Nov/2019:12:30:13 +0000] "POST /report HTTP/1.0" 200 123
127.0.0.1 - jill [10/Nov/2019:12:30:14 +0000] "GET /report HTTP/1.0" 300 15
127.0.0.1 - jill [10/Nov/2019:12:30:14 +0000] "POST /report HTTP/1.0" 200 123
127.0.0.1 - jill [10/Nov/2019:12:30:15 +0000] "POST /api/user HTTP/1.0" 200 123
127.0.0.1 - mary [10/Nov/2019:12:30:15 +0000] "GET /api/user HTTP/1.0" 300 123
127.0.0.1 - jill [10/Nov/2019:12:30:16 +0000] "POST /report HTTP/1.0" 500 15
127.0.0.1 - mary [10/Nov/2019:12:30:16 +0000] "POST /api/user HTTP/1.0" 200 656
127.0.0.1 - mary [10/Nov/2019:12:30:17 +0000] "GET /report HTTP/1.0" 500 656
127.0.0.1 - james [10/Nov/2019:12:30:17 +0000] "GET /api/user HTTP/1.0" 500 123
127.0.0.1 - jill [10/Nov/2019:12:30:18 +0000] "POST /api/user HTTP/1.0" 400 123
127.0.0.1 - frank [10/Nov/2019:12:30:19 +0000] "GET /api/user HTTP/1.0" 300 15
127.0.0.1 - james [10/Nov/2019:12:30:19 +0000] "POST /report HTTP/1.0" 400 656
127.0.0.1 - jill [10/Nov/2019:12:30:19 +0000] "POST /report HTTP/1.0" 500 123
127.0.0.1 - frank [10/Nov/2019:12:30:21 +0000] "GET /report HTTP/1.0" 400 656
127.0.0.1 - mary [10/Nov/2019:12:30:21 +0000] "POST /api/user HTTP/1.0" 500 656
127.0.0.1 - frank [10/Nov/2019:12:30:22 +0000] "GET /report HTTP/1.0" 400 656
127.0.0.1 - james [10/Nov/2019:12:30:23 +0000] "GET /api/user HTTP/1.0" 200 15
127.0.0.1 - james [10/Nov/2019:12:30:23 +0000] "GET /api/user HTTP/1.0" 300 15
127.0.0.1 - frank [10/Nov/2019:12:30:23 +0000] "GET /report HTTP/1.0" 300 15
127.0.0.1 - james [10/Nov/2019:12:30:24 +0000] "GET /report HTTP/1.0" 300 15
127.0.0.1 - james [10/Nov/2019:12:30:25 +0000] "POST /report HTTP/1.0" 200 656
127.0.0.1 - jill [10/Nov/2019:12:30:25 +0000] "POST /api/user HTTP/1.0" 200 123
127.0.0.1 - mary [10/Nov/2019:12:30:26 +0000] "GET /api/user HTTP/1.0" 200 15
127.0.0.1 - frank [10/Nov/2019:12:30:26 +0000] "GET /report HTTP/1.0" 500 123
127.0.0.1 - mary [10/Nov/2019:12:30:27 +0000] "GET /report HTTP/1.0" 400 656
127.0.0.1 - mary [10/Nov/2019:12:30:27 +0000] "POST /api/user HTTP/1.0" 400 656
127.0.0.1 - james [10/Nov/2019:12:30:27 +0000] "GET /report HTTP/1.0" 200 15
127.0.0.1 - james [10/Nov/2019:12:30:28 +0000] "POST /report HTTP/1.0" 200 15
127.0.0.1 - james [10/Nov/2019:12:30:28 +0000] "GET /api/user HTTP/1.0" 400 123
127.0.0.1 - frank [10/Nov/2019:12:30:29 +0000] "GET /api/user HTTP/1.0" 500 656
127.0.0.1 - jill [10/Nov/2019:12:30:29 +0000] "GET /api/user HTTP/1.0" 500 123
127.0.0.1 - jill [10/Nov/2019:12:30:30 +0000] "GET /api/user HTTP/1.0" 200 656
127.0.0.1 - james [10/Nov/2019:12:30:30 +0000] "GET /report HTTP/1.0" 300 123
127.0.0.1 - jill [10/Nov/2019:12:30:30 +0000] "POST /api/user HTTP/1.0" 300 656
127.0.0.1 - jill [10/Nov/2019:12:30:31 +0000] "GET /api/user HTTP/1.0" 200 15
127.0.0.1 - jill [10/Nov/2019:12:30:32 +0000] "GET /api/user HTTP/1.0" 300 123
127.0.0.1 - jill [10/Nov/2019:12:30:32 +0000] "GET /api/user HTTP/1.0" 200 123
127.0.0.1 - jill [10/Nov/2019:12:30:33 +0000] "GET /report HTTP/1.0" 300 123
127.0.0.1 - mary [10/Nov/2019:12:30:33 +0000] "GET /api/user HTTP/1.0" 400 123
127.0.0.1 - frank [10/Nov/2019:12:30:34 +0000] "POST /report HTTP/1.0" 300 15
127.0.0.1 - jill [10/Nov/2019:12:30:34 +0000] "GET /api/user HTTP/1.0" 200 656
127.0.0.1 - james [10/Nov/2019:12:30:35 +0000] "GET /report HTTP/1.0" 300 123
127.0.0.1 - jill [10/Nov/2019:12:30:36 +0000] "GET /report HTTP/1.0" 500 15
127.0.0.1 - jill [10/Nov/2019:12:30:36 +0000] "GET /api/user HTTP/1.0" 300 15
127.0.0.1 - mary [10/Nov/2019:12:30:37 +0000] "GET /api/user HTTP/1.0" 500 656
127.0.0.1 - frank [10/Nov/2019:12:30:37 +0000] "POST /report HTTP/1.0" 400 123
127.0.0.1 - frank [10/Nov/2019:12:30:38 +0000] "GET /report HTTP/1.0" 400 123
127.0.0.1 - jill [10/Nov/2019:12:30:39 +0000] "POST /report HTTP/1.0" 200 123
127.0.0.1 - mary [10/Nov/2019:12:30:39 +0000] "POST /report HTTP/1.0" 500 656
127.0.0.1 - jill [10/Nov/2019:12:30:40 +0000] "GET /api/user HTTP/1.0" 400 15
127.0.0.1 - mary [10/Nov/2019:12:30:40 +0000] "GET /report HTTP/1.0" 200 15
127.0.0.1 - jill [10/Nov/2019:12:30:40 +0000] "POST /report HTTP/1.0" 200 123
127.0.0.1 - james [10/Nov/2019:12:30:41 +0000] "POST /api/user HTTP/1.0" 400 15
127.0.0.1 - james [10/Nov/2019:12:30:41 +0000] "GET /api/user HTTP/1.0" 400 15
127.0.0.1 - frank [10/Nov/2019:12:30:42 +0000] "POST /report HTTP/1.0" 400 15
127.0.0.1 - james [10/Nov/2019:12:30:42 +0000] "POST /report HTTP/1.0" 400 656
127.0.0.1 - james [10/Nov/2019:12:30:43 +0000] "POST /report HTTP/1.0" 400 123
127.0.0.1 - frank [10/Nov/2019:12:30:44 +0000] "POST /api/user HTTP/1.0" 200 656
127.0.0.1 - james [10/Nov/2019:12:30:44 +0000] "GET /report HTTP/1.0" 300 656
127.0.0.1 - frank [10/Nov/2019:12:30:45 +0000] "POST /api/user HTTP/1.0" 200 656
127.0.0.1 - jill [10/Nov/2019:12:30:45 +0000] "GET /api/user HTTP/1.0" 200 15
127.0.0.1 - jill [10/Nov/2019:12:30:46 +0000] "GET /api/user HTTP/1.0" 400 15
127.0.0.1 - mary [10/Nov/2019:12:30:47 +0000] "POST /api/user HTTP/1.0" 500 656
127.0.0.1 - james [10/Nov/2019:12:30:47 +0000] "GET /report HTTP/1.0" 200 123
127.0.0.1 - jill [10/Nov/2019:12:30:47 +0000] "GET /report HTTP/1.0" 200 656
127.0.0.1 - frank [10/Nov/2019:12:30:48 +0000] "GET /api/user HTTP/1.0" 500 123
127.0.0.1 - jill [10/Nov/2019:12:30:48 +0000] "GET /report HTTP/1.0" 400 123
127.0.0.1 - jill [10/Nov/2019:12:30:49 +0000] "GET /report HTTP/1.0" 200 15
127.0.0.1 - frank [10/Nov/2019:12:30:50 +0000] "GET /report HTTP/1.0" 400 123
127.0.0.1 - mary [10/Nov/2019:12:30:50 +0000] "GET /report HTTP/1.0" 200 656
127.0.0.1 - mary [10/Nov/2019:12:30:50 +0000] "GET /api/user HTTP/1.0" 500 656
127.0.0.1 - mary [10/Nov/2019:12:30:51 +0000] "POST /report HTTP/1.0" 500 656
127.0.0.1 - jill [10/Nov/2019:12:30:51 +0000] "GET /report HTTP/1.0" 500 123
127.0.0.1 - james [10/Nov/2019:12:30:52 +0000] "POST /api/user HTTP/1.0" 400 656
127.0.0.1 - frank [10/Nov/2019:12:30:52 +0000] "GET /report HTTP/1.0" 200 656
127.0.0.1 - james [10/Nov/2019:12:30:52 +0000] "GET /api/user HTTP/1.0" 200 15
127.0.0.1 - frank [10/Nov/2019:12:30:53 +0000] "GET /api/user HTTP/1.0" 500 123
127.0.0.1 - jill [10/Nov/2019:12:30:53 +0000] "GET /report HTTP/1.0" 200 123
127.0.0.1 - frank [10/Nov/2019:12:30:54 +0000] "POST /report HTTP/1.0" 200 123
127.0.0.1 - frank [10/Nov/2019:12:30:54 +0000] "POST /api/user HTTP/1.0" 400 656
127.0.0.1 - frank [10/Nov/2019:12:30:55 +0000] "GET /api/user HTTP/1.0" 200 656
127.0.0.1 - jill [10/Nov/2019:12:30:56 +0000] "GET /report HTTP/1.0" 500 656
127.0.0.1 - jill [10/Nov/2019:12:30:56 +0000] "GET /api/user HTTP/1.0" 200 123
127.0.0.1 - mary [10/Nov/2019:12:30:57 +0000] "POST /report HTTP/1.0" 500 123
127.0.0.1 - jill [10/Nov/2019:12:30:57 +0000] "GET /api/user HTTP/1.0" 200 15
127.0.0.1 - jill [10/Nov/2019:12:30:58 +0000] "GET /api/user HTTP/1.0" 300 123
127.0.0.1 - jill [10/Nov/2019:12:30:58 +0000] "GET /report HTTP/1.0" 500 123
127.0.0.1 - mary [10/Nov/2019:12:30:59 +0000] "GET /report HTTP/1.0" 200 656
127.0.0.1 - frank [10/Nov/2019:12:31:00 +0000] "GET /report HTTP/1.0" 300 123
127.0.0.1 - james [10/Nov/2019:12:31:00 +0000] "GET /api/user HTTP/1.0" 500 656
127.0.0.1 - mary [10/Nov/2019:12:31:01 +0000] "GET /report HTTP/1.0" 300 15
127.0.0.1 - mary [10/Nov/2019:12:31:01 +0000] "GET /api/user HTTP/1.0" 400 123
127.0.0.1 - frank [10/Nov/2019:12:31:02 +0000] "POST /api/user HTTP/1.0" 300 15
127.0.0.1 - frank [10/Nov/2019:12:31:02 +0000] "GET /api/user HTTP/1.0" 500 123
127.0.0.1 - frank [10/Nov/2019:12:31:03 +0000] "POST /api/user HTTP/1.0" 200 123
127.0.0.1 - frank [10/Nov/2019:12:31:03 +0000] "POST /api/user HTTP/1.0" 500 123
127.0.0.1 - frank [10/Nov/2019:12:31:04 +0000] "GET /api/user HTTP/1.0" 400 123
127.0.0.1 - james [10/Nov/2019:12:31:05 +0000] "GET /report HTTP/1.0" 500 123
127.0.0.1 - mary [10/Nov/2019:12:31:05 +0000] "POST /api/user HTTP/1.0" 400 656
127.0.0.1 - jill [10/Nov/2019:12:31:05 +0000] "GET /api/user HTTP/1.0" 200 15
127.0.0.1 - mary [10/Nov/2019:12:31:06 +0000] "POST /api/user HTTP/1.0" 400 656
127.0.0.1 - james [10/Nov/2019:12:31:06 +0000] "POST /report HTTP/1.0" 200 123
127.0.0.1 - mary [10/Nov/2019:12:31:07 +0000] "POST /report HTTP/1.0" 500 15
127.0.0.1 - frank [10/Nov/2019:12:31:07 +0000] "POST /report HTTP/1.0" 500 15
127.0.0.1 - james [10/Nov/2019:12:31:08 +0000] "GET /report HTTP/1.0" 400 123
127.0.0.1 - mary [10/Nov/2019:12:31:08 +0000] "POST /report HTTP/1.0" 200 656
127.0.0.1 - mary [10/Nov/2019:12:31:09 +0000] "GET /report HTTP/1.0" 500 656
127.0.0.1 - mary [10/Nov/2019:12:31:09 +0000] "GET /api/user HTTP/1.0" 200 656
127.0.0.1 - frank [10/Nov/2019:12:31:10 +0000] "GET /report HTTP/1.0" 200 656
127.0.0.1 - frank [10/Nov/2019:12:31:10 +0000] "GET /report HTTP/1.0" 500 656
127.0.0.1 - james [10/Nov/2019:12:31:10 +0000] "POST /api/user HTTP/1.0" 300 656
127.0.0.1 - mary [10/Nov/2019:12:31:11 +0000] "GET /api/user HTTP/1.0" 200 123
127.0.0.1 - mary [10/Nov/2019:12:31:11 +0000] "GET /api/user HTTP/1.0" 400 123
127.0.0.1 - frank [10/Nov/2019:12:31:12 +0000] "GET /report HTTP/1.0" 200 123
127.0.0.1 - jill [10/Nov/2019:12:31:12 +0000] "POST /report HTTP/1.0" 400 123
127.0.0.1 - mary [10/Nov/2019:12:31:13 +0000] "POST /report HTTP/1.0" 400 656
127.0.0.1 - mary [10/Nov/2019:12:31:13 +0000] "POST /api/user HTTP/1.0" 500 656
127.0.0.1 - james [10/Nov/2019:12:31:14 +0000] "POST /report HTTP/1.0" 200 123
127.0.0.1 - mary [10/Nov/2019:12:31:14 +0000] "POST /api/user HTTP/1.0" 500 15
127.0.0.1 - frank [10/Nov/2019:12:31:15 +0000] "GET /api/user HTTP/1.0" 500 15
127.0.0.1 - frank [10/Nov/2019:12:31:15 +0000] "POST /report HTTP/1.0" 500 656
127.0.0.1 - jill [10/Nov/2019:12:31:15 +0000] "GET /report HTTP/1.0" 200 656
127.0.0.1 - frank [10/Nov/2019:12:31:16 +0000] "POST /api/user HTTP/1.0" 500 656
127.0.0.1 - mary [10/Nov/2019:12:31:17 +0000] "GET /report HTTP/1.0" 200 123
127.0.0.1 - james [10/Nov/2019:12:31:17 +0000] "GET /report HTTP/1.0" 200 123
127.0.0.1 - jill [10/Nov/2019:12:31:18 +0000] "POST /report HTTP/1.0" 400 656
127.0.0.1 - frank [10/Nov/2019:12:31:19 +0000] "GET /api/user HTTP/1.0" 200 656
127.0.0.1 - james [10/Nov/2019:12:31:19 +0000] "GET /api/user HTTP/1.0" 500 123
127.0.0.1 - james [10/Nov/2019:12:31:19 +0000] "POST /api/user HTTP/1.0" 500 15
127.0.0.1 - frank [10/Nov/2019:12:31:20 +0000] "POST /report HTTP/1.0" 200 15
127.0.0.1 - jill [10/Nov/2019:12:31:20 +0000] "GET /report HTTP/1.0" 300 123
127.0.0.1 - frank [10/Nov/2019:12:31:21 +0000] "POST /api/user HTTP/1.0" 500 656
127.0.0.1 - frank [10/Nov/2019:12:31:21 +0000] "POST /api/user HTTP/1.0" 200 123
127.0.0.1 - jill [10/Nov/2019:12:31:21 +0000] "POST /api/user HTTP/1.0" 200 656
127.0.0.1 - mary [10/Nov/2019:12:31:22 +0000] "GET /report HTTP/1.0" 500 656
127.0.0.1 - james [10/Nov/2019:12:31:22 +0000] "POST /api/user HTTP/1.0" 500 656
127.0.0.1 - jill [10/Nov/2019:12:31:23 +0000] "POST /report HTTP/1.0" 400 15
127.0.0.1 - frank [10/Nov/2019:12:31:23 +0000] "POST /api/user HTTP/1.0" 500 15
127.0.0.1 - mary [10/Nov/2019:12:31:24 +0000] "POST /report HTTP/1.0" 500 15
127.0.0.1 - mary [10/Nov/2019:12:31:24 +0000] "GET /report HTTP/1.0" 400 656
127.0.0.1 - james [10/Nov/2019:12:31:25 +0000] "GET /api/user HTTP/1.0" 400 123
127.0.0.1 - mary [10/Nov/2019:12:31:26 +0000] "POST /api/user HTTP/1.0" 500 15
127.0.0.1 - mary [10/Nov/2019:12:31:26 +0000] "POST /report HTTP/1.0" 300 656
127.0.0.1 - james [10/Nov/2019:12:31:27 +0000] "GET /api/user HTTP/1.0" 200 123
127.0.0.1 - mary [10/Nov/2019:12:31:28 +0000] "POST /api/user HTTP/1.0" 300 123
127.0.0.1 - jill [10/Nov/2019:12:31:28 +0000] "GET /report HTTP/1.0" 500 656
127.0.0.1 - frank [10/Nov/2019:12:31:29 +0000] "POST /report HTTP/1.0" 400 656
127.0.0.1 - james [10/Nov/2019:12:31:29 +0000] "GET /report HTTP/1.0" 500 656
127.0.0.1 - mary [10/Nov/2019:12:31:29 +0000] "GET /api/user HTTP/1.0" 400 123
127.0.0.1 - frank [10/Nov/2019:12:31:30 +0000] "POST /api/user HTTP/1.0" 400 656
127.0.0.1 - mary [10/Nov/2019:12:31:30 +0000] "GET /api/user HTTP/1.0" 300 15
127.0.0.1 - jill [10/Nov/2019:12:31:31 +0000] "GET /report HTTP/1.0" 200 15
127.0.0.1 - james [10/Nov/2019:12:31:31 +0000] "GET /report HTTP/1.0" 400 15
127.0.0.1 - jill [10/Nov/2019:12:31:32 +0000] "POST /api/user HTTP/1.0" 400 15
127.0.0.1 - frank [10/Nov/2019:12:31:32 +0000] "POST /report HTTP/1.0" 300 656
127.0.0.1 - frank [10/Nov/2019:12:31:33 +0000] "GET /api/user HTTP/1.0" 200 656
127.0.0.1 - james [10/Nov/2019:12:31:34 +0000] "GET /report HTTP/1.0" 400 656
127.0.0.1 - james [10/Nov/2019:12:31:34 +0000] "GET /api/user HTTP/1.0" 500 123
127.0.0.1 - mary [10/Nov/2019:12:31:35 +0000] "GET /api/user HTTP/1.0" 400 123
127.0.0.1 - mary [10/Nov/2019:12:31:35 +0000] "GET /report HTTP/1.0" 300 656
127.0.0.1 - jill [10/Nov/2019:12:31:35 +0000] "POST /api/user HTTP/1.0" 300 15
127.0.0.1 - jill [10/Nov/2019:12:31:36 +0000] "POST /api/user HTTP/1.0" 200 123
127.0.0.1 - jill [10/Nov/2019:12:31:36 +0000] "GET /api/user HTTP/1.0" 500 15
127.0.0.1 - mary [10/Nov/2019:12:31:37 +0000] "GET /api/user HTTP/1.0" 300 15
127.0.0.1 - jill [10/Nov/2019:12:31:37 +0000] "POST /api/user HTTP/1.0" 300 123
127.0.0.1 - jill [10/Nov/2019:12:31:38 +0000] "GET /api/user HTTP/1.0" 300 656
127.0.0.1 - mary [10/Nov/2019:12:31:38 +0000] "POST /report HTTP/1.0" 300 656
127.0.0.1 - mary [10/Nov/2019:12:31:39 +0000] "POST /report HTTP/1.0" 300 15
127.0.0.1 - james [10/Nov/2019:12:31:39 +0000] "POST /api/user HTTP/1.0" 500 656
127.0.0.1 - mary [10/Nov/2019:12:31:40 +0000] "GET /report HTTP/1.0" 500 15
127.0.0.1 - jill [10/Nov/2019:12:31:40 +0000] "GET /api/user HTTP/1.0" 500 123
127.0.0.1 - james [10/Nov/2019:12:31:41 +0000] "GET /api/user HTTP/1.0" 500 656
127.0.0.1 - frank [10/Nov/2019:12:31:41 +0000] "POST /api/user HTTP/1.0" 200 15
127.0.0.1 - james [10/Nov/2019:12:31:42 +0000] "POST /api/user HTTP/1.0" 300 123
127.0.0.1 - mary [10/Nov/2019:12:31:42 +0000] "GET /api/user HTTP/1.0" 300 123
127.0.0.1 - jill [10/Nov/2019:12:31:42 +0000] "POST /api/user HTTP/1.0" 200 656
127.0.0.1 - james [10/Nov/2019:12:31:43 +0000] "GET /api/user HTTP/1.0" 300 15
127.0.0.1 - jill [10/Nov/2019:12:31:43 +0000] "POST /report HTTP/1.0" 400 123
127.0.0.1 - jill [10/Nov/2019:12:31:44 +0000] "GET /api/user HTTP/1.0" 200 656
127.0.0.1 - frank [10/Nov/2019:12:31:44 +0000] "POST /api/user HTTP/1.0" 300 123
127.0.0.1 - frank [10/Nov/2019:12:31:45 +0000] "POST /api/user HTTP/1.0" 200 123
127.0.0.1 - jill [10/Nov/2019:12:31:45 +0000] "GET /api/user HTTP/1.0" 400 15
127.0.0.1 - frank [10/Nov/2019:12:31:46 +0000] "POST /api/user HTTP/1.0" 500 656
127.0.0.1 - frank [10/Nov/2019:12:31:46 +0000] "GET /report HTTP/1.0" 200 123
127.0.0.1 - mary [10/Nov/2019:12:31:47 +0000] "GET /api/user HTTP/1.0" 400 656
127.0.0.1 - mary [10/Nov/2019:12:31:47 +0000] "POST /api/user HTTP/1.0" 300 123
127.0.0.1 - frank [10/Nov/2019:12:31:48 +0000] "GET /api/user HTTP/1.0" 500 656
127.0.0.1 - jill [10/Nov/2019:12:31:48 +0000] "GET /api/user HTTP/1.0" 400 123
127.0.0.1 - mary [10/Nov/2019:12:31:49 +0000] "GET /report HTTP/1.0" 200 123
127.0.0.1 - frank [10/Nov/2019:12:31:49 +0000] "POST /api/user HTTP/1.0" 300 15
127.0.0.1 - frank [10/Nov/2019:12:31:50 +0000] "POST /api/user HTTP/1.0" 300 656
127.0.0.1 - jill [10/Nov/2019:12:31:50 +0000] "GET /api/user HTTP/1.0" 200 15
127.0.0.1 - frank [10/Nov/2019:12:31:51 +0000] "POST /report HTTP/1.0" 400 15
127.0.0.1 - james [10/Nov/2019:12:31:51 +0000] "GET /api/user HTTP/1.0" 200 656
127.0.0.1 - james [10/Nov/2019:12:31:52 +0000] "POST /report HTTP/1.0" 400 656
127.0.0.1 - james [10/Nov/2019:12:31:52 +0000] "GET /api/user HTTP/1.0" 300 15
127.0.0.1 - james [10/Nov/2019:12:31:53 +0000] "GET /api/user HTTP/1.0" 400 656
127.0.0.1 - james [10/Nov/2019:12:31:53 +0000] "GET /api/user HTTP/1.0" 300 123
127.0.0.1 - jill [10/Nov/2019:12:31:54 +0000] "GET /report HTTP/1.0" 400 656
127.0.0.1 - mary [10/Nov/2019:12:31:55 +0000] "GET /api/user HTTP/1.0" 400 123
127.0.0.1 - mary [10/Nov/2019:12:33:38 +0000] "POST /api/user HTTP/1.0" 300 656
127.0.0.1 - james [10/Nov/2019:12:33:38 +0000] "POST /api/user HTTP/1.0" 200 123
127.0.0.1 - mary [10/Nov/2019:12:33:39 +0000] "POST /api/user HTTP/1.0" 300 656
127.0.0.1 - james [10/Nov/2019:12:33:39 +0000] "POST /api/user HTTP/1.0" 500 123
127.0.0.1 - jill [10/Nov/2019:12:33:40 +0000] "POST /report HTTP/1.0" 200 123
127.0.0.1 - frank [10/Nov/2019:12:33:41 +0000] "GET /report HTTP/1.0" 400 123
127.0.0.1 - jill [10/Nov/2019:12:33:41 +0000] "POST /api/user HTTP/1.0" 500 123
127.0.0.1 - frank [10/Nov/2019:12:33:41 +0000] "POST /api/user HTTP/1.0" 300 656
127.0.0.1 - jill [10/Nov/2019:12:33:42 +0000] "POST /report HTTP/1.0" 400 123
127.0.0.1 - frank [10/Nov/2019:12:33:43 +0000] "GET /api/user HTTP/1.0" 500 15
127.0.0.1 - frank [10/Nov/2019:12:33:43 +0000] "POST /report HTTP/1.0" 500 123
127.0.0.1 - james [10/Nov/2019:12:33:44 +0000] "POST /api/user HTTP/1.0" 500 656
127.0.0.1 - james [10/Nov/2019:12:33:44 +0000] "GET /report HTTP/1.0" 300 15
127.0.0.1 - frank [10/Nov/2019:12:33:45 +0000] "GET /api/user HTTP/1.0" 400 123
127.0.0.1 - frank [10/Nov/2019:12:33:45 +0000] "GET /report HTTP/1.0" 400 656
127.0.0.1 - frank [10/Nov/2019:12:33:46 +0000] "POST /report HTTP/1.0" 400 15
127.0.0.1 - james [10/Nov/2019:12:33:46 +0000] "POST /report HTTP/1.0" 500 656
127.0.0.1 - james [10/Nov/2019:12:33:47 +0000] "POST /api/user HTTP/1.0" 300 123
127.0.0.1 - mary [10/Nov/2019:12:33:47 +0000] "GET /report HTTP/1.0" 200 123
127.0.0.1 - james [10/Nov/2019:12:33:48 +0000] "POST /api/user HTTP/1.0" 500 656
127.0.0.1 - jill [10/Nov/2019:12:33:48 +0000] "GET /api/user HTTP/1.0" 400 123
127.0.0.1 - james [10/Nov/2019:12:33:49 +0000] "POST /report HTTP/1.0" 200 123
127.0.0.1 - mary [10/Nov/2019:12:33:49 +0000] "GET /api/user HTTP/1.0" 400 15
127.0.0.1 - frank [10/Nov/2019:12:33:50 +0000] "POST /api/user HTTP/1.0" 200 123
127.0.0.1 - jill [10/Nov/2019:12:33:50 +0000] "POST /report HTTP/1.0" 500 656
127.0.0.1 - james [10/Nov/2019:12:33:51 +0000] "POST /report HTTP/1.0" 200 123
127.0.0.1 - jill [10/Nov/2019:12:33:51 +0000] "GET /api/user HTTP/1.0" 300 15
127.0.0.1 - jill [10/Nov/2019:12:33:52 +0000] "POST /report HTTP/1.0" 300 123
127.0.0.1 - jill [10/Nov/2019:12:33:53 +0000] "POST /api/user HTTP/1.0" 500 656
127.0.0.1 - mary [10/Nov/2019:12:33:53 +0000] "POST /report HTTP/1.0" 200 123
127.0.0.1 - frank [10/Nov/2019:12:33:54 +0000] "POST /api/user HTTP/1.0" 500 123
127.0.0.1 - jill [10/Nov/2019:12:33:54 +0000] "GET /report HTTP/1.0" 300 15
127.0.0.1 - frank [10/Nov/2019:12:33:54 +0000] "GET /api/user HTTP/1.0" 300 656
127.0.0.1 - frank [10/Nov/2019:12:33:55 +0000] "GET /report HTTP/1.0" 200 15
127.0.0.1 - james [10/Nov/2019:12:33:56 +0000] "POST /api/user HTTP/1.0" 400 656
127.0.0.1 - jill [10/Nov/2019:12:33:56 +0000] "GET /report HTTP/1.0" 400 123
127.0.0.1 - frank [10/Nov/2019:12:33:57 +0000] "POST /report HTTP/1.0" 500 123
127.0.0.1 - jill [10/Nov/2019:12:33:58 +0000] "POST /report HTTP/1.0" 300 123
127.0.0.1 - frank [10/Nov/2019:12:33:58 +0000] "GET /api/user HTTP/1.0" 200 656
127.0.0.1 - jill [10/Nov/2019:12:33:58 +0000] "POST /report HTTP/1.0" 200 123
127.0.0.1 - mary [10/Nov/2019:12:33:59 +0000] "POST /api/user HTTP/1.0" 500 123
127.0.0.1 - mary [10/Nov/2019:12:33:59 +0000] "GET /api/user HTTP/1.0" 500 15
127.0.0.1 - james [10/Nov/2019:12:34:00 +0000] "POST /api/user HTTP/1.0" 500 123
127.0.0.1 - jill [10/Nov/2019:12:34:00 +0000] "POST /report HTTP/1.0" 300 123
127.0.0.1 - jill [10/Nov/2019:12:34:00 +0000] "GET /report HTTP/1.0" 500 656
127.0.0.1 - james [10/Nov/2019:12:34:01 +0000] "POST /api/user HTTP/1.0" 400 15
127.0.0.1 - frank [10/Nov/2019:12:34:02 +0000] "GET /report HTTP/1.0" 500 656
127.0.0.1 - mary [10/Nov/2019:12:34:02 +0000] "GET /api/user HTTP/1.0" 400 123
127.0.0.1 - james [10/Nov/2019:12:34:03 +0000] "GET /report HTTP/1.0" 500 15
127.0.0.1 - jill [10/Nov/2019:12:34:03 +0000] "POST /report HTTP/1.0" 400 656
127.0.0.1 - frank [10/Nov/2019:12:34:04 +0000] "GET /report HTTP/1.0" 200 15
127.0.0.1 - mary [10/Nov/2019:12:34:04 +0000] "GET /report HTTP/1.0" 300 15
127.0.0.1 - frank [10/Nov/2019:12:34:05 +0000] "GET /report HTTP/1.0" 300 656
127.0.0.1 - frank [10/Nov/2019:12:34:05 +0000] "GET /report HTTP/1.0" 200 15
127.0.0.1 - jill [10/Nov/2019:12:34:06 +0000] "GET /api/user HTTP/1.0" 300 15
127.0.0.1 - jill [10/Nov/2019:12:34:06 +0000] "POST /report HTTP/1.0" 400 656
127.0.0.1 - frank [10/Nov/2019:12:34:07 +0000] "POST /api/user HTTP/1.0" 200 656
127.0.0.1 - frank [10/Nov/2019:12:34:08 +0000] "GET /report HTTP/1.0" 200 656
127.0.0.1 - jill [10/Nov/2019:12:34:08 +0000] "GET /api/user HTTP/1.0" 500 15
127.0.0.1 - james [10/Nov/2019:12:34:08 +0000] "POST /report HTTP/1.0" 300 656
127.0.0.1 - mary [10/Nov/2019:12:34:08 +0000] "GET /report HTTP/1.0" 400 123
127.0.0.1 - mary [10/Nov/2019:12:34:09 +0000] "GET /report HTTP/1.0" 500 123
127.0.0.1 - jill [10/Nov/2019:12:34:09 +0000] "GET /api/user HTTP/1.0" 500 15
127.0.0.1 - frank [10/Nov/2019:12:34:09 +0000] "GET /api/user HTTP/1.0" 500 656
127.0.0.1 - james [10/Nov/2019:12:34:10 +0000] "GET /api/user HTTP/1.0" 500 15
127.0.0.1 - jill [10/Nov/2019:12:34:11 +0000] "POST /report HTTP/1.0" 500 123
127.0.0.1 - frank [10/Nov/2019:12:34:11 +0000] "GET /api/user HTTP/1.0" 400 656
127.0.0.1 - frank [10/Nov/2019:12:34:12 +0000] "GET /api/user HTTP/1.0" 200 15
127.0.0.1 - james [10/Nov/2019:12:34:12 +0000] "GET /api/user HTTP/1.0" 500 656
127.0.0.1 - jill [10/Nov/2019:12:34:12 +0000] "POST /api/user HTTP/1.0" 500 123
127.0.0.1 - james [10/Nov/2019:12:34:13 +0000] "GET /report HTTP/1.0" 400 656
127.0.0.1 - jill [10/Nov/2019:12:34:13 +0000] "GET /report HTTP/1.0" 400 123
127.0.0.1 - frank [10/Nov/2019:12:34:14 +0000] "GET /report HTTP/1.0" 500 656
127.0.0.1 - jill [10/Nov/2019:12:34:14 +0000] "GET /api/user HTTP/1.0" 400 656
127.0.0.1 - jill [10/Nov/2019:12:34:15 +0000] "POST /report HTTP/1.0" 500 15
127.0.0.1 - mary [10/Nov/2019:12:34:15 +0000] "GET /report HTTP/1.0" 300 123
127.0.0.1 - jill [10/Nov/2019:12:34:15 +0000] "GET /api/user HTTP/1.0" 400 656
127.0.0.1 - mary [10/Nov/2019:12:34:16 +0000] "POST /report HTTP/1.0" 300 15
127.0.0.1 - mary [10/Nov/2019:12:34:17 +0000] "GET /report HTTP/1.0" 300 123
127.0.0.1 - mary [10/Nov/2019:12:34:17 +0000] "POST /api/user HTTP/1.0" 400 15
127.0.0.1 - james [10/Nov/2019:12:34:18 +0000] "POST /api/user HTTP/1.0" 300 15
127.0.0.1 - jill [10/Nov/2019:12:34:18 +0000] "POST /report HTTP/1.0" 200 656
127.0.0.1 - jill [10/Nov/2019:12:34:19 +0000] "POST /api/user HTTP/1.0" 400 15
127.0.0.1 - jill [10/Nov/2019:12:34:19 +0000] "GET /report HTTP/1.0" 400 656
127.0.0.1 - jill [10/Nov/2019:12:34:20 +0000] "GET /api/user HTTP/1.0" 500 656
127.0.0.1 - jill [10/Nov/2019:12:34:20 +0000] "POST /api/user HTTP/1.0" 300 123
127.0.0.1 - james [10/Nov/2019:12:34:21 +0000] "POST /report HTTP/1.0" 200 15
127.0.0.1 - james [10/Nov/2019:12:34:21 +0000] "POST /report HTTP/1.0" 500 15
127.0.0.1 - jill [10/Nov/2019:12:34:21 +0000] "POST /api/user HTTP/1.0" 300 123
127.0.0.1 - james [10/Nov/2019:12:34:22 +0000] "GET /api/user HTTP/1.0" 400 123
127.0.0.1 - james [10/Nov/2019:12:34:22 +0000] "POST /report HTTP/1.0" 500 656
127.0.0.1 - frank [10/Nov/2019:12:34:23 +0000] "GET /api/user HTTP/1.0" 400 15
127.0.0.1 - jill [10/Nov/2019:12:34:23 +0000] "POST /api/user HTTP/1.0" 300 15
127.0.0.1 - frank [10/Nov/2019:12:34:24 +0000] "POST /report HTTP/1.0" 200 15
127.0.0.1 - jill [10/Nov/2019:12:34:25 +0000] "POST /api/user HTTP/1.0" 400 123
127.0.0.1 - jill [10/Nov/2019:12:34:25 +0000] "GET /api/user HTTP/1.0" 200 656
127.0.0.1 - james [10/Nov/2019:12:34:25 +0000] "GET /report HTTP/1.0" 200 15
127.0.0.1 - jill [10/Nov/2019:12:34:26 +0000] "POST /api/user HTTP/1.0" 200 15
127.0.0.1 - james [10/Nov/2019:12:34:26 +0000] "POST /report HTTP/1.0" 300 15
127.0.0.1 - frank [10/Nov/2019:12:34:27 +0000] "POST /report HTTP/1.0" 300 15
127.0.0.1 - jill [10/Nov/2019:12:34:27 +0000] "GET /report HTTP/1.0" 200 123
127.0.0.1 - mary [10/Nov/2019:12:34:27 +0000] "GET /api/user HTTP/1.0" 500 123
127.0.0.1 - mary [10/Nov/2019:12:34:28 +0000] "POST /report HTTP/1.0" 400 123
127.0.0.1 - james [10/Nov/2019:12:34:28 +0000] "GET /api/user HTTP/1.0" 300 123
127.0.0.1 - mary [10/Nov/2019:12:34:29 +0000] "GET /report HTTP/1.0" 200 123
127.0.0.1 - jill [10/Nov/2019:12:34:29 +0000] "GET /report HTTP/1.0" 500 656
127.0.0.1 - jill [10/Nov/2019:12:34:30 +0000] "GET /report HTTP/1.0" 200 123
127.0.0.1 - frank [10/Nov/2019:12:34:30 +0000] "GET /report HTTP/1.0" 300 123
127.0.0.1 - frank [10/Nov/2019:12:34:31 +0000] "GET /report HTTP/1.0" 200 123
127.0.0.1 - mary [10/Nov/2019:12:34:31 +0000] "GET /api/user HTTP/1.0" 300 123
127.0.0.1 - james [10/Nov/2019:12:34:32 +0000] "POST /api/user HTTP/1.0" 200 123
127.0.0.1 - frank [10/Nov/2019:12:34:32 +0000] "GET /api/user HTTP/1.0" 500 656
127.0.0.1 - james [10/Nov/2019:12:34:33 +0000] "GET /report HTTP/1.0" 500 656
127.0.0.1 - mary [10/Nov/2019:12:34:33 +0000] "POST /api/user HTTP/1.0" 200 123
127.0.0.1 - james [10/Nov/2019:12:34:34 +0000] "GET /api/user HTTP/1.0" 200 123
127.0.0.1 - james [10/Nov/2019:12:34:34 +0000] "POST /api/user HTTP/1.0" 400 656
127.0.0.1 - frank [10/Nov/2019:12:34:35 +0000] "GET /report HTTP/1.0" 200 15
127.0.0.1 - mary [10/Nov/2019:12:34:35 +0000] "GET /report HTTP/1.0" 300 15
127.0.0.1 - mary [10/Nov/2019:12:34:36 +0000] "POST /report HTTP/1.0" 400 656
127.0.0.1 - mary [10/Nov/2019:12:34:36 +0000] "POST /report HTTP/1.0" 500 656
127.0.0.1 - frank [10/Nov/2019:12:34:37 +0000] "GET /report HTTP/1.0" 300 123
127.0.0.1 - frank [10/Nov/2019:12:34:37 +0000] "GET /report HTTP/1.0" 400 123
127.0.0.1 - mary [10/Nov/2019:12:34:38 +0000] "POST /api/user HTTP/1.0" 200 656
127.0.0.1 - mary [10/Nov/2019:12:34:38 +0000] "POST /report HTTP/1.0" 500 656
127.0.0.1 - frank [10/Nov/2019:12:34:38 +0000] "GET /api/user HTTP/1.0" 300 656
127.0.0.1 - james [10/Nov/2019:12:34:39 +0000] "POST /report HTTP/1.0" 300 15
127.0.0.1 - frank [10/Nov/2019:12:34:39 +0000] "GET /report HTTP/1.0" 400 15
127.0.0.1 - mary [10/Nov/2019:12:34:40 +0000] "POST /api/user HTTP/1.0" 300 123
127.0.0.1 - jill [10/Nov/2019:12:34:41 +0000] "GET /api/user HTTP/1.0" 200 123
127.0.0.1 - james [10/Nov/2019:12:34:41 +0000] "POST /api/user HTTP/1.0" 300 15
127.0.0.1 - jill [10/Nov/2019:12:34:42 +0000] "GET /report HTTP/1.0" 500 15
127.0.0.1 - mary [10/Nov/2019:12:34:42 +0000] "POST /report HTTP/1.0" 200 656
127.0.0.1 - james [10/Nov/2019:12:34:42 +0000] "POST /report HTTP/1.0" 300 656
127.0.0.1 - james [10/Nov/2019:12:34:43 +0000] "POST /api/user HTTP/1.0" 400 656
127.0.0.1 - mary [10/Nov/2019:12:34:43 +0000] "GET /report HTTP/1.0" 200 15
127.0.0.1 - james [10/Nov/2019:12:34:44 +0000] "GET /api/user HTTP/1.0" 200 15
127.0.0.1 - frank [10/Nov/2019:12:34:44 +0000] "POST /report HTTP/1.0" 500 123
127.0.0.1 - frank [10/Nov/2019:12:34:45 +0000] "POST /report HTTP/1.0" 300 656
127.0.0.1 - frank [10/Nov/2019:12:34:45 +0000] "POST /report HTTP/1.0" 400 656
127.0.0.1 - james [10/Nov/2019:12:34:46 +0000] "POST /api/user HTTP/1.0" 300 15
127.0.0.1 - james [10/Nov/2019:12:37:39 +0000] "POST /report HTTP/1.0" 300 15
127.0.0.1 - frank [10/Nov/2019:12:37:39 +0000] "POST /report HTTP/1.0" 400 656
127.0.0.1 - frank [10/Nov/2019:12:37:40 +0000] "POST /report HTTP/1.0" 200 656
127.0.0.1 - james [10/Nov/2019:12:37:40 +0000] "GET /api/user HTTP/1.0" 500 15
127.0.0.1 - james [10/Nov/2019:12:37:41 +0000] "GET /api/user HTTP/1.0" 500 123
127.0.0.1 - frank [10/Nov/2019:12:37:41 +0000] "GET /api/user HTTP/1.0" 200 123
127.0.0.1 - mary [10/Nov/2019:12:37:41 +0000] "GET /report HTTP/1.0" 300 123
127.0.0.1 - james [10/Nov/2019:12:37:42 +0000] "POST /report HTTP/1.0" 200 656
127.0.0.1 - frank [10/Nov/2019:12:37:42 +0000] "GET /api/user HTTP/1.0" 400 656
127.0.0.1 - frank [10/Nov/2019:12:37:43 +0000] "POST /api/user HTTP/1.0" 300 15
127.0.0.1 - jill [10/Nov/2019:12:37:44 +0000] "POST /api/user HTTP/1.0" 200 15
127.0.0.1 - jill [10/Nov/2019:12:37:44 +0000] "POST /report HTTP/1.0" 300 15
127.0.0.1 - frank [10/Nov/2019:12:37:44 +0000] "POST /api/user HTTP/1.0" 300 15
127.0.0.1 - frank [10/Nov/2019:12:37:45 +0000] "GET /api/user HTTP/1.0" 400 15
127.0.0.1 - james [10/Nov/2019:12:38:43 +0000] "GET /report HTTP/1.0" 300 15
127.0.0.1 - james [10/Nov/2019:12:38:44 +0000] "POST /api/user HTTP/1.0" 500 123
127.0.0.1 - mary [10/Nov/2019:12:38:44 +0000] "POST /api/user HTTP/1.0" 500 15
127.0.0.1 - jill [10/Nov/2019:12:38:45 +0000] "POST /report HTTP/1.0" 300 656
127.0.0.1 - jill [10/Nov/2019:12:38:45 +0000] "GET /api/user HTTP/1.0" 200 123
127.0.0.1 - frank [10/Nov/2019:12:38:46 +0000] "POST /report HTTP/1.0" 500 656
127.0.0.1 - jill [10/Nov/2019:12:38:46 +0000] "GET /report HTTP/1.0" 200 123
127.0.0.1 - mary [10/Nov/2019:12:38:47 +0000] "GET /report HTTP/1.0" 300 123
127.0.0.1 - mary [10/Nov/2019:12:38:47 +0000] "GET /report HTTP/1.0" 200 15
127.0.0.1 - jill [10/Nov/2019:12:38:48 +0000] "POST /report HTTP/1.0" 300 656
127.0.0.1 - mary [10/Nov/2019:12:38:48 +0000] "GET /api/user HTTP/1.0" 400 656
127.0.0.1 - frank [10/Nov/2019:12:38:49 +0000] "POST /report HTTP/1.0" 300 656
127.0.0.1 - mary [10/Nov/2019:12:38:49 +0000] "GET /api/user HTTP/1.0" 400 15
127.0.0.1 - frank [10/Nov/2019:12:38:50 +0000] "POST /report HTTP/1.0" 300 656
127.0.0.1 - frank [10/Nov/2019:12:38:50 +0000] "GET /api/user HTTP/1.0" 300 656
127.0.0.1 - jill [10/Nov/2019:12:38:51 +0000] "POST /api/user HTTP/1.0" 300 123
127.0.0.1 - james [10/Nov/2019:12:38:51 +0000] "POST /api/user HTTP/1.0" 200 15
127.0.0.1 - mary [10/Nov/2019:12:38:52 +0000] "POST /report HTTP/1.0" 200 15
127.0.0.1 - mary [10/Nov/2019:12:38:52 +0000] "GET /api/user HTTP/1.0" 400 15
127.0.0.1 - frank [10/Nov/2019:12:38:53 +0000] "GET /api/user HTTP/1.0" 200 656
127.0.0.1 - jill [10/Nov/2019:12:38:53 +0000] "POST /report HTTP/1.0" 400 123
127.0.0.1 - frank [10/Nov/2019:12:38:53 +0000] "GET /api/user HTTP/1.0" 300 123
127.0.0.1 - james [10/Nov/2019:12:38:54 +0000] "GET /api/user HTTP/1.0" 400 123
127.0.0.1 - mary [10/Nov/2019:12:38:54 +0000] "GET /report HTTP/1.0" 400 656
127.0.0.1 - james [10/Nov/2019:12:38:54 +0000] "POST /report HTTP/1.0" 400 123
127.0.0.1 - mary [10/Nov/2019:12:38:55 +0000] "POST /api/user HTTP/1.0" 500 656
127.0.0.1 - james [10/Nov/2019:12:38:55 +0000] "GET /api/user HTTP/1.0" 300 123
127.0.0.1 - jill [10/Nov/2019:12:38:56 +0000] "POST /report HTTP/1.0" 400 15
127.0.0.1 - james [10/Nov/2019:12:38:56 +0000] "GET /report HTTP/1.0" 300 656
127.0.0.1 - frank [10/Nov/2019:12:38:57 +0000] "POST /api/user HTTP/1.0" 400 123
127.0.0.1 - frank [10/Nov/2019:12:38:57 +0000] "GET /api/user HTTP/1.0" 200 656
127.0.0.1 - mary [10/Nov/2019:12:38:58 +0000] "GET /report HTTP/1.0" 200 15
127.0.0.1 - frank [10/Nov/2019:12:38:58 +0000] "GET /api/user HTTP/1.0" 500 123
127.0.0.1 - mary [10/Nov/2019:12:38:59 +0000] "POST /api/user HTTP/1.0" 200 656
127.0.0.1 - jill [10/Nov/2019:12:38:59 +0000] "POST /api/user HTTP/1.0" 500 656
127.0.0.1 - jill [10/Nov/2019:12:39:00 +0000] "POST /api/user HTTP/1.0" 200 656
127.0.0.1 - frank [10/Nov/2019:12:39:00 +0000] "GET /report HTTP/1.0" 400 656
127.0.0.1 - james [10/Nov/2019:12:39:01 +0000] "GET /report HTTP/1.0" 200 15
127.0.0.1 - james [10/Nov/2019:12:39:01 +0000] "POST /report HTTP/1.0" 200 656
127.0.0.1 - james [10/Nov/2019:12:39:02 +0000] "GET /report HTTP/1.0" 500 15
127.0.0.1 - frank [10/Nov/2019:12:39:02 +0000] "POST /api/user HTTP/1.0" 500 123
127.0.0.1 - frank [10/Nov/2019:12:39:02 +0000] "GET /report HTTP/1.0" 200 656
127.0.0.1 - james [10/Nov/2019:12:39:03 +0000] "POST /report HTTP/1.0" 400 656
127.0.0.1 - frank [10/Nov/2019:12:39:04 +0000] "GET /api/user HTTP/1.0" 400 15
127.0.0.1 - james [10/Nov/2019:12:39:04 +0000] "POST /api/user HTTP/1.0" 400 15
127.0.0.1 - james [10/Nov/2019:12:39:04 +0000] "GET /api/user HTTP/1.0" 300 15
127.0.0.1 - mary [10/Nov/2019:12:39:05 +0000] "GET /api/user HTTP/1.0" 500 123
127.0.0.1 - frank [10/Nov/2019:12:39:05 +0000] "GET /api/user HTTP/1.0" 400 123
127.0.0.1 - frank [10/Nov/2019:12:42:01 +0000] "GET /api/user HTTP/1.0" 500 123
127.0.0.1 - mary [10/Nov/2019:12:42:02 +0000] "GET /api/user HTTP/1.0" 200 15
127.0.0.1 - james [10/Nov/2019:12:42:03 +0000] "POST /api/user HTTP/1.0" 500 123
127.0.0.1 - mary [10/Nov/2019:12:42:03 +0000] "GET /api/user HTTP/1.0" 400 15
127.0.0.1 - mary [10/Nov/2019:12:42:04 +0000] "GET /report HTTP/1.0" 200 15
127.0.0.1 - james [10/Nov/2019:12:42:04 +0000] "GET /api/user HTTP/1.0" 500 656
127.0.0.1 - james [10/Nov/2019:12:42:04 +0000] "GET /api/user HTTP/1.0" 200 15
127.0.0.1 - james [10/Nov/2019:12:42:05 +0000] "POST /report HTTP/1.0" 300 123
127.0.0.1 - frank [10/Nov/2019:12:42:05 +0000] "POST /api/user HTTP/1.0" 500 15
127.0.0.1 - james [10/Nov/2019:12:42:06 +0000] "POST /api/user HTTP/1.0" 300 123
127.0.0.1 - mary [10/Nov/2019:12:42:06 +0000] "GET /api/user HTTP/1.0" 500 15
127.0.0.1 - mary [10/Nov/2019:12:42:07 +0000] "GET /api/user HTTP/1.0" 200 123
127.0.0.1 - james [10/Nov/2019:12:42:07 +0000] "POST /api/user HTTP/1.0" 400 656
127.0.0.1 - frank [10/Nov/2019:12:42:08 +0000] "POST /api/user HTTP/1.0" 300 15
127.0.0.1 - frank [10/Nov/2019:12:42:08 +0000] "GET /api/user HTTP/1.0" 500 15
127.0.0.1 - james [10/Nov/2019:12:42:09 +0000] "POST /report HTTP/1.0" 500 656
127.0.0.1 - mary [10/Nov/2019:12:42:09 +0000] "GET /report HTTP/1.0" 400 656
127.0.0.1 - james [10/Nov/2019:12:42:10 +0000] "GET /api/user HTTP/1.0" 300 656
127.0.0.1 - jill [10/Nov/2019:12:42:10 +0000] "POST /api/user HTTP/1.0" 200 123
127.0.0.1 - james [10/Nov/2019:12:42:11 +0000] "POST /report HTTP/1.0" 200 656
127.0.0.1 - mary [10/Nov/2019:12:42:11 +0000] "GET /report HTTP/1.0" 400 656
127.0.0.1 - jill [10/Nov/2019:12:42:12 +0000] "POST /report HTTP/1.0" 500 15
127.0.0.1 - frank [10/Nov/2019:12:42:12 +0000] "GET /report HTTP/1.0" 200 656
127.0.0.1 - frank [10/Nov/2019:12:42:12 +0000] "POST /api/user HTTP/1.0" 200 123
127.0.0.1 - jill [10/Nov/2019:12:42:13 +0000] "POST /report HTTP/1.0" 400 15
127.0.0.1 - frank [10/Nov/2019:12:42:13 +0000] "POST /api/user HTTP/1.0" 200 656
127.0.0.1 - mary [10/Nov/2019:12:42:14 +0000] "POST /api/user HTTP/1.0" 300 15
127.0.0.1 - frank [10/Nov/2019:12:42:14 +0000] "POST /report HTTP/1.0" 400 123
127.0.0.1 - jill [10/Nov/2019:12:42:15 +0000] "POST /report HTTP/1.0" 500 15
127.0.0.1 - james [10/Nov/2019:12:42:15 +0000] "POST /api/user HTTP/1.0" 400 15
127.0.0.1 - jill [10/Nov/2019:12:42:16 +0000] "POST /report HTTP/1.0" 200 15
127.0.0.1 - frank [10/Nov/2019:12:42:16 +0000] "GET /report HTTP/1.0" 200 15
127.0.0.1 - mary [10/Nov/2019:12:42:16 +0000] "GET /report HTTP/1.0" 400 15
127.0.0.1 - frank [10/Nov/2019:12:42:17 +0000] "POST /api/user HTTP/1.0" 200 15
127.0.0.1 - jill [10/Nov/2019:12:42:18 +0000] "POST /report HTTP/1.0" 300 123
127.0.0.1 - frank [10/Nov/2019:12:42:18 +0000] "GET /api/user HTTP/1.0" 500 15
127.0.0.1 - mary [10/Nov/2019:12:42:19 +0000] "GET /api/user HTTP/1.0" 400 15
127.0.0.1 - james [10/Nov/2019:12:42:19 +0000] "POST /api/user HTTP/1.0" 300 123
127.0.0.1 - frank [10/Nov/2019:12:42:19 +0000] "GET /api/user HTTP/1.0" 400 656
127.0.0.1 - frank [10/Nov/2019:12:42:20 +0000] "GET /api/user HTTP/1.0" 300 656
127.0.0.1 - frank [10/Nov/2019:12:42:20 +0000] "POST /api/user HTTP/1.0" 300 123
127.0.0.1 - mary [10/Nov/2019:12:42:21 +0000] "GET /api/user HTTP/1.0" 400 656
127.0.0.1 - frank [10/Nov/2019:12:42:21 +0000] "POST /report HTTP/1.0" 400 123
127.0.0.1 - james [10/Nov/2019:12:42:22 +0000] "POST /report HTTP/1.0" 400 15
127.0.0.1 - jill [10/Nov/2019:12:42:22 +0000] "GET /api/user HTTP/1.0" 200 656
127.0.0.1 - mary [10/Nov/2019:12:42:23 +0000] "POST /report HTTP/1.0" 500 15
127.0.0.1 - frank [10/Nov/2019:12:42:23 +0000] "POST /report HTTP/1.0" 500 656
127.0.0.1 - frank [10/Nov/2019:12:42:23 +0000] "GET /api/user HTTP/1.0" 200 123
127.0.0.1 - jill [10/Nov/2019:12:42:24 +0000] "GET /api/user HTTP/1.0" 300 15
127.0.0.1 - james [10/Nov/2019:12:42:25 +0000] "POST /api/user HTTP/1.0" 400 15
127.0.0.1 - james [10/Nov/2019:12:42:25 +0000] "POST /report HTTP/1.0" 200 15
127.0.0.1 - james [10/Nov/2019:12:42:26 +0000] "GET /api/user HTTP/1.0" 400 15
127.0.0.1 - jill [10/Nov/2019:12:42:26 +0000] "GET /report HTTP/1.0" 500 656
127.0.0.1 - mary [10/Nov/2019:12:42:26 +0000] "GET /report HTTP/1.0" 400 656
127.0.0.1 - frank [10/Nov/2019:12:42:27 +0000] "POST /report HTTP/1.0" 300 15
127.0.0.1 - frank [10/Nov/2019:12:42:27 +0000] "GET /api/user HTTP/1.0" 200 656
127.0.0.1 - mary [10/Nov/2019:12:42:28 +0000] "GET /api/user HTTP/1.0" 300 123
127.0.0.1 - frank [10/Nov/2019:12:42:28 +0000] "GET /report HTTP/1.0" 200 15
127.0.0.1 - mary [10/Nov/2019:12:42:29 +0000] "GET /report HTTP/1.0" 500 656
127.0.0.1 - frank [10/Nov/2019:12:42:29 +0000] "POST /report HTTP/1.0" 300 15
127.0.0.1 - frank [10/Nov/2019:12:42:29 +0000] "GET /api/user HTTP/1.0" 300 15
127.0.0.1 - frank [10/Nov/2019:12:42:30 +0000] "POST /report HTTP/1.0" 500 656
127.0.0.1 - james [10/Nov/2019:12:42:30 +0000] "GET /api/user HTTP/1.0" 200 123
127.0.0.1 - mary [10/Nov/2019:12:42:31 +0000] "POST /api/user HTTP/1.0" 300 123
127.0.0.1 - frank [10/Nov/2019:12:42:31 +0000] "GET /report HTTP/1.0" 500 15
127.0.0.1 - james [10/Nov/2019:12:42:32 +0000] "POST /api/user HTTP/1.0" 200 123
127.0.0.1 - frank [10/Nov/2019:12:42:32 +0000] "POST /api/user HTTP/1.0" 400 15
127.0.0.1 - jill [10/Nov/2019:12:42:33 +0000] "POST /report HTTP/1.0" 300 15
127.0.0.1 - mary [10/Nov/2019:12:42:33 +0000] "GET /report HTTP/1.0" 200 123
127.0.0.1 - frank [10/Nov/2019:12:42:34 +0000] "POST /report HTTP/1.0" 400 15
127.0.0.1 - mary [10/Nov/2019:12:42:35 +0000] "GET /api/user HTTP/1.0" 500 15
127.0.0.1 - mary [10/Nov/2019:12:42:35 +0000] "GET /report HTTP/1.0" 300 123
127.0.0.1 - jill [10/Nov/2019:12:42:36 +0000] "GET /api/user HTTP/1.0" 300 123
127.0.0.1 - james [10/Nov/2019:12:42:36 +0000] "GET /report HTTP/1.0" 500 15
127.0.0.1 - james [10/Nov/2019:12:42:37 +0000] "GET /api/user HTTP/1.0" 200 15
127.0.0.1 - jill [10/Nov/2019:12:42:38 +0000] "POST /api/user HTTP/1.0" 300 656
127.0.0.1 - james [10/Nov/2019:12:42:38 +0000] "GET /api/user HTTP/1.0" 400 123
127.0.0.1 - james [10/Nov/2019:12:42:39 +0000] "POST /report HTTP/1.0" 200 15
127.0.0.1 - james [10/Nov/2019:12:42:39 +0000] "POST /api/user HTTP/1.0" 500 123
127.0.0.1 - frank [10/Nov/2019:12:42:40 +0000] "POST /report HTTP/1.0" 500 656
127.0.0.1 - mary [10/Nov/2019:12:42:40 +0000] "POST /api/user HTTP/1.0" 400 656
127.0.0.1 - jill [10/Nov/2019:12:42:41 +0000] "GET /api/user HTTP/1.0" 200 656
127.0.0.1 - mary [10/Nov/2019:12:42:41 +0000] "GET /report HTTP/1.0" 300 123
127.0.0.1 - mary [10/Nov/2019:12:42:42 +0000] "GET /report HTTP/1.0" 400 123
127.0.0.1 - frank [10/Nov/2019:12:42:42 +0000] "GET /report HTTP/1.0" 500 656
127.0.0.1 - mary [10/Nov/2019:12:42:43 +0000] "GET /report HTTP/1.0" 300 656
127.0.0.1 - jill [10/Nov/2019:12:42:43 +0000] "POST /report HTTP/1.0" 500 15
127.0.0.1 - frank [10/Nov/2019:12:42:44 +0000] "GET /api/user HTTP/1.0" 200 656
127.0.0.1 - jill [10/Nov/2019:12:42:44 +0000] "POST /report HTTP/1.0" 400 123
127.0.0.1 - mary [10/Nov/2019:12:42:45 +0000] "GET /report HTTP/1.0" 500 656
127.0.0.1 - jill [10/Nov/2019:12:42:45 +0000] "GET /report HTTP/1.0" 500 123
127.0.0.1 - frank [10/Nov/2019:12:42:45 +0000] "GET /report HTTP/1.0" 500 123
127.0.0.1 - jill [10/Nov/2019:12:42:46 +0000] "GET /report HTTP/1.0" 200 15
127.0.0.1 - mary [10/Nov/2019:12:42:47 +0000] "GET /report HTTP/1.0" 200 15
127.0.0.1 - james [10/Nov/2019:12:42:47 +0000] "POST /api/user HTTP/1.0" 400 656
127.0.0.1 - frank [10/Nov/2019:12:42:48 +0000] "POST /api/user HTTP/1.0" 200 656
127.0.0.1 - frank [10/Nov/2019:12:42:49 +0000] "GET /api/user HTTP/1.0" 300 15
127.0.0.1 - james [10/Nov/2019:12:42:49 +0000] "GET /report HTTP/1.0" 500 15
127.0.0.1 - james [10/Nov/2019:12:42:50 +0000] "POST /api/user HTTP/1.0" 300 656
127.0.0.1 - jill [10/Nov/2019:12:42:50 +0000] "GET /api/user HTTP/1.0" 400 15
127.0.0.1 - james [10/Nov/2019:12:42:50 +0000] "POST /report HTTP/1.0" 400 656
127.0.0.1 - mary [10/Nov/2019:12:42:51 +0000] "GET /report HTTP/1.0" 200 123
127.0.0.1 - mary [10/Nov/2019:12:42:51 +0000] "POST /api/user HTTP/1.0" 300 15
127.0.0.1 - jill [10/Nov/2019:12:42:52 +0000] "POST /report HTTP/1.0" 300 15
127.0.0.1 - mary [10/Nov/2019:12:42:54 +0000] "GET /api/user HTTP/1.0" 500 15
127.0.0.1 - jill [10/Nov/2019:12:42:54 +0000] "POST /api/user HTTP/1.0" 300 15
127.0.0.1 - mary [10/Nov/2019:12:42:55 +0000] "GET /report HTTP/1.0" 500 656
127.0.0.1 - jill [10/Nov/2019:12:42:55 +0000] "POST /api/user HTTP/1.0" 300 123
127.0.0.1 - jill [10/Nov/2019:12:42:55 +0000] "GET /report HTTP/1.0" 300 123
127.0.0.1 - mary [10/Nov/2019:12:42:56 +0000] "POST /report HTTP/1.0" 300 15
127.0.0.1 - jill [10/Nov/2019:12:42:56 +0000] "POST /report HTTP/1.0" 300 123
127.0.0.1 - frank [10/Nov/2019:12:42:57 +0000] "POST /report HTTP/1.0" 200 123
127.0.0.1 - frank [10/Nov/2019:12:42:58 +0000] "POST /report HTTP/1.0" 200 123
127.0.0.1 - james [10/Nov/2019:12:42:58 +0000] "POST /report HTTP/1.0" 200 123
127.0.0.1 - mary [10/Nov/2019:12:42:58 +0000] "POST /api/user HTTP/1.0" 400 15
127.0.0.1 - jill [10/Nov/2019:12:42:58 +0000] "GET /api/user HTTP/1.0" 400 656
127.0.0.1 - frank [10/Nov/2019:12:42:59 +0000] "GET /report HTTP/1.0" 500 15
127.0.0.1 - james [10/Nov/2019:12:42:59 +0000] "POST /report HTTP/1.0" 200 15
127.0.0.1 - james [10/Nov/2019:12:43:00 +0000] "GET /api/user HTTP/1.0" 300 656
127.0.0.1 - frank [10/Nov/2019:12:43:00 +0000] "GET /report HTTP/1.0" 200 15
127.0.0.1 - jill [10/Nov/2019:12:43:00 +0000] "GET /api/user HTTP/1.0" 200 123
127.0.0.1 - frank [10/Nov/2019:12:43:01 +0000] "GET /report HTTP/1.0" 200 656
127.0.0.1 - frank [10/Nov/2019:12:43:01 +0000] "POST /report HTTP/1.0" 200 656
127.0.0.1 - jill [10/Nov/2019:12:43:02 +0000] "POST /api/user HTTP/1.0" 400 15
127.0.0.1 - james [10/Nov/2019:12:43:02 +0000] "GET /report HTTP/1.0" 500 123
127.0.0.1 - mary [10/Nov/2019:12:43:03 +0000] "GET /api/user HTTP/1.0" 500 15
127.0.0.1 - jill [10/Nov/2019:12:43:03 +0000] "GET /report HTTP/1.0" 400 15
127.0.0.1 - mary [10/Nov/2019:12:43:04 +0000] "GET /api/user HTTP/1.0" 200 123
127.0.0.1 - james [10/Nov/2019:12:43:04 +0000] "POST /api/user HTTP/1.0" 400 15
127.0.0.1 - james [10/Nov/2019:12:43:05 +0000] "GET /api/user HTTP/1.0" 500 123
127.0.0.1 - james [10/Nov/2019:12:43:05 +0000] "POST /api/user HTTP/1.0" 400 123
127.0.0.1 - frank [10/Nov/2019:12:43:06 +0000] "POST /api/user HTTP/1.0" 400 656
127.0.0.1 - frank [10/Nov/2019:12:43:07 +0000] "GET /report HTTP/1.0" 400 15
127.0.0.1 - mary [10/Nov/2019:12:43:07 +0000] "POST /report HTTP/1.0" 400 123
127.0.0.1 - frank [10/Nov/2019:12:43:08 +0000] "POST /report HTTP/1.0" 300 656
127.0.0.1 - frank [10/Nov/2019:12:43:08 +0000] "GET /api/user HTTP/1.0" 400 15
127.0.0.1 - jill [10/Nov/2019:12:43:09 +0000] "POST /api/user HTTP/1.0" 200 656
127.0.0.1 - james [10/Nov/2019:12:43:09 +0000] "GET /api/user HTTP/1.0" 400 15
127.0.0.1 - james [10/Nov/2019:12:43:10 +0000] "GET /api/user HTTP/1.0" 500 656
127.0.0.1 - mary [10/Nov/2019:12:43:10 +0000] "POST /report HTTP/1.0" 500 123
127.0.0.1 - mary [10/Nov/2019:12:43:11 +0000] "GET /api/user HTTP/1.0" 300 123
127.0.0.1 - jill [10/Nov/2019:12:43:12 +0000] "GET /api/user HTTP/1.0" 400 15
127.0.0.1 - james [10/Nov/2019:12:43:12 +0000] "POST /report HTTP/1.0" 400 15
127.0.0.1 - mary [10/Nov/2019:12:43:13 +0000] "GET /api/user HTTP/1.0" 200 123
127.0.0.1 - mary [10/Nov/2019:12:43:13 +0000] "GET /report HTTP/1.0" 300 656
127.0.0.1 - frank [10/Nov/2019:12:43:14 +0000] "POST /report HTTP/1.0" 300 656
127.0.0.1 - jill [10/Nov/2019:12:43:15 +0000] "GET /api/user HTTP/1.0" 500 656
127.0.0.1 - jill [10/Nov/2019:12:43:15 +0000] "POST /api/user HTTP/1.0" 500 656
127.0.0.1 - frank [10/Nov/2019:12:43:16 +0000] "GET /report HTTP/1.0" 400 15
127.0.0.1 - mary [10/Nov/2019:12:43:16 +0000] "POST /api/user HTTP/1.0" 400 15
127.0.0.1 - jill [10/Nov/2019:12:43:17 +0000] "GET /api/user HTTP/1.0" 500 656
127.0.0.1 - jill [10/Nov/2019:12:43:17 +0000] "POST /report HTTP/1.0" 500 656
127.0.0.1 - mary [10/Nov/2019:12:43:18 +0000] "POST /api/user HTTP/1.0" 500 123
127.0.0.1 - james [10/Nov/2019:12:43:19 +0000] "POST /report HTTP/1.0" 300 123
127.0.0.1 - james [10/Nov/2019:12:43:19 +0000] "GET /api/user HTTP/1.0" 500 656
127.0.0.1 - jill [10/Nov/2019:12:43:19 +0000] "POST /report HTTP/1.0" 200 123
127.0.0.1 - mary [10/Nov/2019:12:43:20 +0000] "GET /report HTTP/1.0" 400 656
127.0.0.1 - jill [10/Nov/2019:12:43:21 +0000] "GET /api/user HTTP/1.0" 300 15
127.0.0.1 - frank [10/Nov/2019:12:43:21 +0000] "POST /api/user HTTP/1.0" 300 656
127.0.0.1 - jill [10/Nov/2019:12:43:22 +0000] "POST /report HTTP/1.0" 400 656
127.0.0.1 - james [10/Nov/2019:12:43:22 +0000] "POST /report HTTP/1.0" 300 656
127.0.0.1 - jill [10/Nov/2019:12:43:23 +0000] "GET /report HTTP/1.0" 500 656
127.0.0.1 - james [10/Nov/2019:12:43:23 +0000] "POST /api/user HTTP/1.0" 300 123
127.0.0.1 - james [10/Nov/2019:12:43:23 +0000] "GET /api/user HTTP/1.0" 400 123
127.0.0.1 - frank [10/Nov/2019:12:43:24 +0000] "GET /api/user HTTP/1.0" 500 15
127.0.0.1 - frank [10/Nov/2019:12:43:24 +0000] "GET /api/user HTTP/1.0" 200 15
127.0.0.1 - jill [10/Nov/2019:12:43:25 +0000] "POST /api/user HTTP/1.0" 400 656
127.0.0.1 - mary [10/Nov/2019:12:43:25 +0000] "GET /api/user HTTP/1.0" 400 123
127.0.0.1 - mary [10/Nov/2019:12:43:26 +0000] "POST /report HTTP/1.0" 400 123
127.0.0.1 - frank [10/Nov/2019:12:43:26 +0000] "GET /api/user HTTP/1.0" 200 15
127.0.0.1 - james [10/Nov/2019:12:43:27 +0000] "GET /report HTTP/1.0" 300 15
127.0.0.1 - james [10/Nov/2019:12:43:27 +0000] "GET /api/user HTTP/1.0" 200 15
127.0.0.1 - frank [10/Nov/2019:12:43:28 +0000] "POST /api/user HTTP/1.0" 300 123
127.0.0.1 - frank [10/Nov/2019:12:43:28 +0000] "POST /api/user HTTP/1.0" 300 656
127.0.0.1 - frank [10/Nov/2019:12:43:29 +0000] "POST /api/user HTTP/1.0" 500 123
127.0.0.1 - james [10/Nov/2019:12:43:29 +0000] "GET /report HTTP/1.0" 500 123
127.0.0.1 - frank [10/Nov/2019:12:43:30 +0000] "GET /api/user HTTP/1.0" 400 15
127.0.0.1 - james [10/Nov/2019:12:43:30 +0000] "POST /api/user HTTP/1.0" 400 123
127.0.0.1 - james [10/Nov/2019:12:43:31 +0000] "GET /api/user HTTP/1.0" 300 15
127.0.0.1 - jill [10/Nov/2019:12:43:32 +0000] "POST /report HTTP/1.0" 400 123
127.0.0.1 - mary [10/Nov/2019:12:43:32 +0000] "POST /api/user HTTP/1.0" 500 123
127.0.0.1 - james [10/Nov/2019:12:43:32 +0000] "POST /api/user HTTP/1.0" 500 656
127.0.0.1 - mary [10/Nov/2019:12:43:33 +0000] "GET /api/user HTTP/1.0" 500 123
127.0.0.1 - james [10/Nov/2019:12:43:33 +0000] "POST /api/user HTTP/1.0" 500 15
127.0.0.1 - jill [10/Nov/2019:12:43:34 +0000] "POST /report HTTP/1.0" 300 123
127.0.0.1 - jill [10/Nov/2019:12:43:34 +0000] "GET /api/user HTTP/1.0" 300 123
127.0.0.1 - jill [10/Nov/2019:12:43:35 +0000] "GET /api/user HTTP/1.0" 300 15
127.0.0.1 - jill [10/Nov/2019:12:43:35 +0000] "GET /api/user HTTP/1.0" 500 15
127.0.0.1 - james [10/Nov/2019:12:43:36 +0000] "GET /report HTTP/1.0" 400 15
127.0.0.1 - frank [10/Nov/2019:12:43:36 +0000] "POST /report HTTP/1.0" 500 656
127.0.0.1 - james [10/Nov/2019:12:43:37 +0000] "POST /api/user HTTP/1.0" 200 15
127.0.0.1 - frank [10/Nov/2019:12:43:37 +0000] "POST /report HTTP/1.0" 500 15
127.0.0.1 - james [10/Nov/2019:12:43:38 +0000] "POST /report HTTP/1.0" 200 123
127.0.0.1 - frank [10/Nov/2019:12:43:38 +0000] "GET /report HTTP/1.0" 400 123
127.0.0.1 - jill [10/Nov/2019:12:43:39 +0000] "POST /api/user HTTP/1.0" 200 15
127.0.0.1 - mary [10/Nov/2019:12:43:39 +0000] "POST /report HTTP/1.0" 200 15
127.0.0.1 - frank [10/Nov/2019:12:43:40 +0000] "POST /report HTTP/1.0" 400 15
127.0.0.1 - frank [10/Nov/2019:12:43:40 +0000] "POST /api/user HTTP/1.0" 500 123
127.0.0.1 - frank [10/Nov/2019:12:43:41 +0000] "GET /api/user HTTP/1.0" 300 15
127.0.0.1 - mary [10/Nov/2019:12:43:41 +0000] "POST /api/user HTTP/1.0" 500 656
127.0.0.1 - frank [10/Nov/2019:12:43:42 +0000] "POST /report HTTP/1.0" 400 123
127.0.0.1 - jill [10/Nov/2019:12:43:42 +0000] "POST /report HTTP/1.0" 300 123
127.0.0.1 - mary [10/Nov/2019:12:43:43 +0000] "GET /report HTTP/1.0" 500 15
127.0.0.1 - mary [10/Nov/2019:12:43:44 +0000] "GET /report HTTP/1.0" 300 15
127.0.0.1 - frank [10/Nov/2019:12:43:44 +0000] "GET /api/user HTTP/1.0" 400 15
127.0.0.1 - jill [10/Nov/2019:12:43:44 +0000] "POST /report HTTP/1.0" 500 15
127.0.0.1 - jill [10/Nov/2019:12:43:45 +0000] "POST /report HTTP/1.0" 500 656
127.0.0.1 - jill [10/Nov/2019:12:43:45 +0000] "GET /report HTTP/1.0" 500 656
127.0.0.1 - mary [10/Nov/2019:12:43:45 +0000] "POST /api/user HTTP/1.0" 400 123
127.0.0.1 - mary [10/Nov/2019:12:43:46 +0000] "POST /report HTTP/1.0" 300 656
127.0.0.1 - jill [10/Nov/2019:12:43:46 +0000] "POST /api/user HTTP/1.0" 500 15
127.0.0.1 - jill [10/Nov/2019:12:43:47 +0000] "GET /api/user HTTP/1.0" 400 123
127.0.0.1 - james [10/Nov/2019:12:43:47 +0000] "POST /report HTTP/1.0" 300 656
127.0.0.1 - james [10/Nov/2019:12:43:48 +0000] "POST /api/user HTTP/1.0" 400 656
127.0.0.1 - frank [10/Nov/2019:12:43:48 +0000] "GET /api/user HTTP/1.0" 500 656
127.0.0.1 - mary [10/Nov/2019:12:43:49 +0000] "GET /report HTTP/1.0" 500 15
127.0.0.1 - mary [10/Nov/2019:12:43:50 +0000] "GET /report HTTP/1.0" 400 15
127.0.0.1 - frank [10/Nov/2019:12:43:50 +0000] "POST /api/user HTTP/1.0" 500 15
127.0.0.1 - frank [10/Nov/2019:12:43:51 +0000] "POST /report HTTP/1.0" 500 15
127.0.0.1 - frank [10/Nov/2019:12:43:51 +0000] "GET /api/user HTTP/1.0" 200 656
127.0.0.1 - frank [10/Nov/2019:12:43:52 +0000] "POST /api/user HTTP/1.0" 400 656
127.0.0.1 - james [10/Nov/2019:12:43:52 +0000] "POST /report HTTP/1.0" 500 15
127.0.0.1 - mary [10/Nov/2019:12:43:53 +0000] "POST /api/user HTTP/1.0" 200 15
127.0.0.1 - james [10/Nov/2019:12:43:53 +0000] "POST /api/user HTTP/1.0" 200 123
127.0.0.1 - mary [10/Nov/2019:12:43:54 +0000] "GET /report HTTP/1.0" 400 656
127.0.0.1 - frank [10/Nov/2019:12:43:54 +0000] "POST /report HTTP/1.0" 200 15
127.0.0.1 - jill [10/Nov/2019:12:43:55 +0000] "GET /api/user HTTP/1.0" 400 15
127.0.0.1 - frank [10/Nov/2019:12:43:55 +0000] "GET /report HTTP/1.0" 400 123
127.0.0.1 - mary [10/Nov/2019:12:43:55 +0000] "GET /api/user HTTP/1.0" 300 656
127.0.0.1 - jill [10/Nov/2019:12:43:56 +0000] "GET /report HTTP/1.0" 400 15
127.0.0.1 - jill [10/Nov/2019:12:43:56 +0000] "GET /report HTTP/1.0" 200 123
127.0.0.1 - frank [10/Nov/2019:12:43:57 +0000] "GET /report HTTP/1.0" 200 15
127.0.0.1 - frank [10/Nov/2019:12:43:57 +0000] "GET /api/user HTTP/1.0" 500 15
127.0.0.1 - jill [10/Nov/2019:12:43:58 +0000] "GET /report HTTP/1.0" 500 656
127.0.0.1 - mary [10/Nov/2019:12:43:58 +0000] "GET /report HTTP/1.0" 300 15
127.0.0.1 - jill [10/Nov/2019:12:43:58 +0000] "GET /report HTTP/1.0" 200 15
127.0.0.1 - frank [10/Nov/2019:12:43:59 +0000] "POST /report HTTP/1.0" 500 123
127.0.0.1 - james [10/Nov/2019:12:44:00 +0000] "POST /api/user HTTP/1.0" 300 123
127.0.0.1 - jill [10/Nov/2019:12:44:00 +0000] "POST /api/user HTTP/1.0" 400 123
127.0.0.1 - james [10/Nov/2019:12:44:01 +0000] "POST /report HTTP/1.0" 500 656
127.0.0.1 - james [10/Nov/2019:12:44:01 +0000] "GET /report HTTP/1.0" 200 656
127.0.0.1 - jill [10/Nov/2019:12:44:02 +0000] "GET /report HTTP/1.0" 500 656
127.0.0.1 - jill [10/Nov/2019:12:44:02 +0000] "POST /api/user HTTP/1.0" 400 123
127.0.0.1 - mary [10/Nov/2019:12:44:02 +0000] "POST /report HTTP/1.0" 200 123
127.0.0.1 - jill [10/Nov/2019:12:44:03 +0000] "GET /api/user HTTP/1.0" 200 15
127.0.0.1 - james [10/Nov/2019:12:44:03 +0000] "POST /report HTTP/1.0" 200 123
127.0.0.1 - frank [10/Nov/2019:12:44:04 +0000] "POST /api/user HTTP/1.0" 400 123
127.0.0.1 - james [10/Nov/2019:12:44:04 +0000] "POST /report HTTP/1.0" 400 656
127.0.0.1 - mary [10/Nov/2019:12:44:05 +0000] "GET /report HTTP/1.0" 200 656
127.0.0.1 - jill [10/Nov/2019:12:44:05 +0000] "GET /api/user HTTP/1.0" 300 15
127.0.0.1 - jill [10/Nov/2019:12:44:06 +0000] "POST /api/user HTTP/1.0" 400 123
127.0.0.1 - james [10/Nov/2019:12:44:06 +0000] "POST /api/user HTTP/1.0" 200 15
127.0.0.1 - james [10/Nov/2019:12:44:07 +0000] "POST /api/user HTTP/1.0" 300 123
127.0.0.1 - frank [10/Nov/2019:12:44:07 +0000] "GET /api/user HTTP/1.0" 200 15
127.0.0.1 - frank [10/Nov/2019:12:44:08 +0000] "GET /report HTTP/1.0" 500 656
127.0.0.1 - jill [10/Nov/2019:12:44:08 +0000] "POST /report HTTP/1.0" 200 656
127.0.0.1 - jill [10/Nov/2019:12:44:09 +0000] "GET /report HTTP/1.0" 200 123
127.0.0.1 - frank [10/Nov/2019:12:44:09 +0000] "GET /report HTTP/1.0" 500 656
127.0.0.1 - frank [10/Nov/2019:12:44:10 +0000] "POST /api/user HTTP/1.0" 500 123
127.0.0.1 - james [10/Nov/2019:12:44:10 +0000] "POST /report HTTP/1.0" 300 15
127.0.0.1 - jill [10/Nov/2019:12:44:11 +0000] "POST /api/user HTTP/1.0" 200 123
127.0.0.1 - james [10/Nov/2019:12:44:12 +0000] "GET /api/user HTTP/1.0" 300 123
127.0.0.1 - frank [10/Nov/2019:12:44:12 +0000] "POST /api/user HTTP/1.0" 400 15
127.0.0.1 - mary [10/Nov/2019:12:44:13 +0000] "POST /report HTTP/1.0" 500 15
127.0.0.1 - mary [10/Nov/2019:12:44:13 +0000] "GET /report HTTP/1.0" 400 123
127.0.0.1 - mary [10/Nov/2019:12:44:14 +0000] "POST /api/user HTTP/1.0" 500 15
127.0.0.1 - mary [10/Nov/2019:12:44:14 +0000] "POST /api/user HTTP/1.0" 300 15
127.0.0.1 - james [10/Nov/2019:12:44:15 +0000] "POST /report HTTP/1.0" 300 123
127.0.0.1 - mary [10/Nov/2019:12:44:15 +0000] "POST /report HTTP/1.0" 300 123
127.0.0.1 - jill [10/Nov/2019:12:44:16 +0000] "GET /report HTTP/1.0" 500 123
127.0.0.1 - mary [10/Nov/2019:12:44:16 +0000] "GET /report HTTP/1.0" 500 123
127.0.0.1 - mary [10/Nov/2019:12:44:16 +0000] "GET /report HTTP/1.0" 300 15
127.0.0.1 - mary [10/Nov/2019:12:44:17 +0000] "GET /api/user HTTP/1.0" 300 656
127.0.0.1 - frank [10/Nov/2019:12:46:14 +0000] "GET /report HTTP/1.0" 500 123
127.0.0.1 - frank [10/Nov/2019:12:46:15 +0000] "GET /report HTTP/1.0" 500 123
127.0.0.1 - mary [10/Nov/2019:12:46:15 +0000] "GET /api/user HTTP/1.0" 300 123
127.0.0.1 - james [10/Nov/2019:12:46:16 +0000] "POST /api/user HTTP/1.0" 500 15
127.0.0.1 - james [10/Nov/2019:12:46:17 +0000] "GET /api/user HTTP/1.0" 400 656
127.0.0.1 - mary [10/Nov/2019:12:46:17 +0000] "POST /api/user HTTP/1.0" 400 15
127.0.0.1 - james [10/Nov/2019:12:46:18 +0000] "GET /report HTTP/1.0" 300 123
127.0.0.1 - frank [10/Nov/2019:12:46:18 +0000] "GET /api/user HTTP/1.0" 400 656
127.0.0.1 - james [10/Nov/2019:12:46:19 +0000] "POST /api/user HTTP/1.0" 300 15
127.0.0.1 - jill [10/Nov/2019:12:46:19 +0000] "POST /report HTTP/1.0" 200 123
127.0.0.1 - jill [10/Nov/2019:12:46:19 +0000] "POST /api/user HTTP/1.0" 500 656
127.0.0.1 - frank [10/Nov/2019:12:46:20 +0000] "GET /report HTTP/1.0" 400 15
127.0.0.1 - mary [10/Nov/2019:12:46:21 +0000] "GET /report HTTP/1.0" 300 656
127.0.0.1 - frank [10/Nov/2019:12:46:21 +0000] "POST /report HTTP/1.0" 400 656
127.0.0.1 - frank [10/Nov/2019:12:46:22 +0000] "GET /api/user HTTP/1.0" 200 15
127.0.0.1 - mary [10/Nov/2019:12:46:22 +0000] "GET /api/user HTTP/1.0" 300 656
127.0.0.1 - frank [10/Nov/2019:12:46:22 +0000] "POST /api/user HTTP/1.0" 400 656
127.0.0.1 - jill [10/Nov/2019:12:46:23 +0000] "GET /api/user HTTP/1.0" 500 123
127.0.0.1 - james [10/Nov/2019:12:46:23 +0000] "POST /report HTTP/1.0" 300 123
127.0.0.1 - james [10/Nov/2019:12:46:24 +0000] "POST /api/user HTTP/1.0" 500 15
127.0.0.1 - mary [10/Nov/2019:12:46:24 +0000] "POST /report HTTP/1.0" 500 123
127.0.0.1 - jill [10/Nov/2019:12:46:25 +0000] "POST /report HTTP/1.0" 500 123
127.0.0.1 - james [10/Nov/2019:12:46:25 +0000] "GET /api/user HTTP/1.0" 300 123
127.0.0.1 - james [10/Nov/2019:12:46:26 +0000] "GET /api/user HTTP/1.0" 500 123
127.0.0.1 - james [10/Nov/2019:12:46:26 +0000] "GET /report HTTP/1.0" 300 15
127.0.0.1 - frank [10/Nov/2019:12:46:26 +0000] "GET /api/user HTTP/1.0" 400 15
127.0.0.1 - mary [10/Nov/2019:12:46:27 +0000] "POST /report HTTP/1.0" 200 15
127.0.0.1 - frank [10/Nov/2019:12:46:27 +0000] "GET /report HTTP/1.0" 400 123
127.0.0.1 - mary [10/Nov/2019:12:46:28 +0000] "GET /report HTTP/1.0" 300 15
127.0.0.1 - jill [10/Nov/2019:12:46:28 +0000] "POST /api/user HTTP/1.0" 500 123
127.0.0.1 - jill [10/Nov/2019:12:46:29 +0000] "GET /api/user HTTP/1.0" 200 656
127.0.0.1 - mary [10/Nov/2019:12:46:29 +0000] "POST /api/user HTTP/1.0" 300 656
127.0.0.1 - mary [10/Nov/2019:12:46:30 +0000] "POST /api/user HTTP/1.0" 500 656
127.0.0.1 - jill [10/Nov/2019:12:46:30 +0000] "POST /report HTTP/1.0" 500 123
127.0.0.1 - james [10/Nov/2019:12:46:31 +0000] "GET /report HTTP/1.0" 300 656
127.0.0.1 - frank [10/Nov/2019:12:46:31 +0000] "GET /report HTTP/1.0" 200 656
127.0.0.1 - jill [10/Nov/2019:12:46:31 +0000] "POST /api/user HTTP/1.0" 400 656
127.0.0.1 - jill [10/Nov/2019:12:46:32 +0000] "GET /report HTTP/1.0" 200 656
127.0.0.1 - frank [10/Nov/2019:12:46:33 +0000] "POST /report HTTP/1.0" 400 15
127.0.0.1 - mary [10/Nov/2019:12:46:33 +0000] "GET /api/user HTTP/1.0" 300 123
127.0.0.1 - mary [10/Nov/2019:12:46:33 +0000] "GET /api/user HTTP/1.0" 400 15
127.0.0.1 - james [10/Nov/2019:12:46:34 +0000] "POST /report HTTP/1.0" 200 15
127.0.0.1 - frank [10/Nov/2019:12:46:34 +0000] "GET /report HTTP/1.0" 300 123
127.0.0.1 - jill [10/Nov/2019:12:46:35 +0000] "GET /report HTTP/1.0" 400 656
127.0.0.1 - mary [10/Nov/2019:12:46:35 +0000] "GET /report HTTP/1.0" 500 15
127.0.0.1 - frank [10/Nov/2019:12:46:36 +0000] "GET /api/user HTTP/1.0" 300 656
127.0.0.1 - jill [10/Nov/2019:12:46:36 +0000] "POST /api/user HTTP/1.0" 400 15
127.0.0.1 - mary [10/Nov/2019:12:46:37 +0000] "POST /api/user HTTP/1.0" 200 15
127.0.0.1 - james [10/Nov/2019:12:46:38 +0000] "GET /api/user HTTP/1.0" 300 656
127.0.0.1 - jill [10/Nov/2019:12:46:38 +0000] "POST /report HTTP/1.0" 500 123
127.0.0.1 - jill [10/Nov/2019:12:46:39 +0000] "POST /report HTTP/1.0" 300 656
127.0.0.1 - james [10/Nov/2019:12:46:39 +0000] "GET /api/user HTTP/1.0" 200 123
127.0.0.1 - frank [10/Nov/2019:12:46:40 +0000] "GET /api/user HTTP/1.0" 300 123
127.0.0.1 - jill [10/Nov/2019:12:46:40 +0000] "GET /report HTTP/1.0" 400 15
127.0.0.1 - mary [10/Nov/2019:12:46:41 +0000] "POST /api/user HTTP/1.0" 200 15
127.0.0.1 - jill [10/Nov/2019:12:46:41 +0000] "GET /api/user HTTP/1.0" 200 656
127.0.0.1 - james [10/Nov/2019:12:46:42 +0000] "POST /report HTTP/1.0" 400 656
127.0.0.1 - james [10/Nov/2019:12:46:42 +0000] "GET /report HTTP/1.0" 500 656
127.0.0.1 - frank [10/Nov/2019:12:46:43 +0000] "POST /report HTTP/1.0" 500 15
127.0.0.1 - jill [10/Nov/2019:12:46:43 +0000] "GET /api/user HTTP/1.0" 400 656
127.0.0.1 - james [10/Nov/2019:12:46:44 +0000] "GET /report HTTP/1.0" 200 15
127.0.0.1 - mary [10/Nov/2019:12:46:44 +0000] "POST /api/user HTTP/1.0" 200 656
127.0.0.1 - james [10/Nov/2019:12:46:45 +0000] "POST /api/user HTTP/1.0" 200 15
127.0.0.1 - mary [10/Nov/2019:12:46:45 +0000] "GET /report HTTP/1.0" 200 123
127.0.0.1 - frank [10/Nov/2019:12:46:46 +0000] "POST /api/user HTTP/1.0" 200 656
127.0.0.1 - jill [10/Nov/2019:12:46:46 +0000] "POST /report HTTP/1.0" 500 15
127.0.0.1 - james [10/Nov/2019:12:46:47 +0000] "POST /api/user HTTP/1.0" 400 15
127.0.0.1 - mary [10/Nov/2019:12:46:47 +0000] "POST /report HTTP/1.0" 200 15
127.0.0.1 - mary [10/Nov/2019:12:46:48 +0000] "POST /report HTTP/1.0" 500 123
127.0.0.1 - frank [10/Nov/2019:12:46:49 +0000] "POST /api/user HTTP/1.0" 500 123
127.0.0.1 - james [10/Nov/2019:12:46:49 +0000] "GET /api/user HTTP/1.0" 300 123
127.0.0.1 - frank [10/Nov/2019:12:46:50 +0000] "POST /report HTTP/1.0" 200 656
127.0.0.1 - jill [10/Nov/2019:12:46:50 +0000] "GET /api/user HTTP/1.0" 500 123
127.0.0.1 - james [10/Nov/2019:12:46:51 +0000] "POST /api/user HTTP/1.0" 200 123
127.0.0.1 - james [10/Nov/2019:12:46:51 +0000] "GET /api/user HTTP/1.0" 300 656
127.0.0.1 - jill [10/Nov/2019:12:46:51 +0000] "POST /report HTTP/1.0" 200 15
127.0.0.1 - frank [10/Nov/2019:12:46:51 +0000] "POST /api/user HTTP/1.0" 300 656
127.0.0.1 - frank [10/Nov/2019:12:46:52 +0000] "POST /report HTTP/1.0" 500 15
127.0.0.1 - jill [10/Nov/2019:12:46:52 +0000] "POST /report HTTP/1.0" 300 656
127.0.0.1 - jill [10/Nov/2019:12:46:53 +0000] "POST /api/user HTTP/1.0" 200 656
127.0.0.1 - jill [10/Nov/2019:12:46:53 +0000] "POST /api/user HTTP/1.0" 500 123
127.0.0.1 - mary [10/Nov/2019:12:46:54 +0000] "GET /api/user HTTP/1.0" 200 15
127.0.0.1 - james [10/Nov/2019:12:46:54 +0000] "POST /api/user HTTP/1.0" 200 15
127.0.0.1 - frank [10/Nov/2019:12:46:55 +0000] "POST /api/user HTTP/1.0" 200 123
127.0.0.1 - james [10/Nov/2019:12:46:55 +0000] "POST /report HTTP/1.0" 300 656
127.0.0.1 - james [10/Nov/2019:12:46:56 +0000] "POST /report HTTP/1.0" 200 656
127.0.0.1 - jill [10/Nov/2019:12:46:56 +0000] "GET /api/user HTTP/1.0" 300 123
127.0.0.1 - frank [10/Nov/2019:12:46:56 +0000] "POST /api/user HTTP/1.0" 300 15
127.0.0.1 - frank [10/Nov/2019:12:46:56 +0000] "POST /report HTTP/1.0" 200 656
127.0.0.1 - frank [10/Nov/2019:12:46:57 +0000] "GET /api/user HTTP/1.0" 300 123
127.0.0.1 - james [10/Nov/2019:12:46:58 +0000] "POST /api/user HTTP/1.0" 300 656
127.0.0.1 - james [10/Nov/2019:12:46:58 +0000] "GET /api/user HTTP/1.0" 300 123
127.0.0.1 - james [10/Nov/2019:12:46:59 +0000] "POST /api/user HTTP/1.0" 400 15
127.0.0.1 - mary [10/Nov/2019:12:46:59 +0000] "GET /report HTTP/1.0" 200 15
127.0.0.1 - mary [10/Nov/2019:12:47:00 +0000] "GET /api/user HTTP/1.0" 200 656
127.0.0.1 - james [10/Nov/2019:12:47:00 +0000] "GET /report HTTP/1.0" 300 15
127.0.0.1 - jill [10/Nov/2019:12:47:01 +0000] "POST /api/user HTTP/1.0" 200 15
127.0.0.1 - mary [10/Nov/2019:12:47:01 +0000] "POST /report HTTP/1.0" 400 123
127.0.0.1 - james [10/Nov/2019:12:47:02 +0000] "GET /report HTTP/1.0" 400 656
127.0.0.1 - frank [10/Nov/2019:12:47:02 +0000] "POST /report HTTP/1.0" 300 123
127.0.0.1 - frank [10/Nov/2019:12:47:03 +0000] "POST /api/user HTTP/1.0" 300 656
127.0.0.1 - james [10/Nov/2019:12:47:03 +0000] "GET /report HTTP/1.0" 400 656
127.0.0.1 - jill [10/Nov/2019:12:47:04 +0000] "POST /report HTTP/1.0" 200 15
127.0.0.1 - mary [10/Nov/2019:12:47:04 +0000] "GET /report HTTP/1.0" 500 123
127.0.0.1 - frank [10/Nov/2019:12:47:05 +0000] "GET /api/user HTTP/1.0" 400 15
127.0.0.1 - frank [10/Nov/2019:12:47:05 +0000] "POST /api/user HTTP/1.0" 200 123
127.0.0.1 - frank [10/Nov/2019:12:47:05 +0000] "POST /api/user HTTP/1.0" 500 656
127.0.0.1 - frank [10/Nov/2019:12:47:06 +0000] "GET /report HTTP/1.0" 400 123
127.0.0.1 - mary [10/Nov/2019:12:47:06 +0000] "GET /api/user HTTP/1.0" 400 656
127.0.0.1 - james [10/Nov/2019:12:47:07 +0000] "GET /report HTTP/1.0" 400 656
127.0.0.1 - jill [10/Nov/2019:12:47:07 +0000] "GET /report HTTP/1.0" 200 123
127.0.0.1 - james [10/Nov/2019:12:47:07 +0000] "POST /api/user HTTP/1.0" 500 123
127.0.0.1 - mary [10/Nov/2019:12:47:08 +0000] "GET /api/user HTTP/1.0" 400 15
127.0.0.1 - james [10/Nov/2019:12:47:09 +0000] "GET /report HTTP/1.0" 400 656
127.0.0.1 - frank [10/Nov/2019:12:47:09 +0000] "POST /report HTTP/1.0" 200 656
127.0.0.1 - frank [10/Nov/2019:12:47:10 +0000] "GET /api/user HTTP/1.0" 400 656
127.0.0.1 - james [10/Nov/2019:12:47:10 +0000] "POST /report HTTP/1.0" 500 656
127.0.0.1 - james [10/Nov/2019:12:47:11 +0000] "GET /api/user HTTP/1.0" 300 656
127.0.0.1 - jill [10/Nov/2019:12:47:11 +0000] "POST /report HTTP/1.0" 500 15
127.0.0.1 - mary [10/Nov/2019:12:47:12 +0000] "POST /report HTTP/1.0" 400 656
127.0.0.1 - james [10/Nov/2019:12:47:12 +0000] "POST /api/user HTTP/1.0" 400 656
127.0.0.1 - frank [10/Nov/2019:12:47:13 +0000] "GET /api/user HTTP/1.0" 500 123
127.0.0.1 - frank [10/Nov/2019:12:47:14 +0000] "GET /report HTTP/1.0" 400 656
127.0.0.1 - jill [10/Nov/2019:12:47:14 +0000] "POST /api/user HTTP/1.0" 500 15
127.0.0.1 - james [10/Nov/2019:12:47:14 +0000] "GET /api/user HTTP/1.0" 400 123
127.0.0.1 - jill [10/Nov/2019:12:47:15 +0000] "POST /report HTTP/1.0" 400 656
127.0.0.1 - mary [10/Nov/2019:12:47:15 +0000] "GET /report HTTP/1.0" 300 656
127.0.0.1 - frank [10/Nov/2019:12:47:15 +0000] "GET /api/user HTTP/1.0" 500 656
127.0.0.1 - james [10/Nov/2019:12:47:16 +0000] "POST /api/user HTTP/1.0" 300 123
127.0.0.1 - frank [10/Nov/2019:12:47:17 +0000] "POST /api/user HTTP/1.0" 400 123
127.0.0.1 - jill [10/Nov/2019:12:47:17 +0000] "GET /api/user HTTP/1.0" 200 15
127.0.0.1 - frank [10/Nov/2019:12:47:17 +0000] "POST /api/user HTTP/1.0" 500 656
127.0.0.1 - frank [10/Nov/2019:12:47:18 +0000] "GET /api/user HTTP/1.0" 500 656
127.0.0.1 - james [10/Nov/2019:12:47:18 +0000] "GET /api/user HTTP/1.0" 300 656
127.0.0.1 - jill [10/Nov/2019:12:47:19 +0000] "POST /report HTTP/1.0" 200 656
127.0.0.1 - james [10/Nov/2019:12:47:20 +0000] "POST /api/user HTTP/1.0" 200 15
127.0.0.1 - james [10/Nov/2019:12:47:20 +0000] "GET /api/user HTTP/1.0" 300 15
127.0.0.1 - jill [10/Nov/2019:12:47:21 +0000] "GET /api/user HTTP/1.0" 200 15
127.0.0.1 - mary [10/Nov/2019:12:47:22 +0000] "GET /report HTTP/1.0" 400 656
127.0.0.1 - jill [10/Nov/2019:12:47:22 +0000] "GET /report HTTP/1.0" 400 123
127.0.0.1 - mary [10/Nov/2019:12:47:23 +0000] "GET /report HTTP/1.0" 200 123
127.0.0.1 - jill [10/Nov/2019:12:47:23 +0000] "POST /api/user HTTP/1.0" 400 123
127.0.0.1 - mary [10/Nov/2019:12:47:24 +0000] "POST /report HTTP/1.0" 400 656
127.0.0.1 - frank [10/Nov/2019:12:47:24 +0000] "POST /api/user HTTP/1.0" 300 656
127.0.0.1 - jill [10/Nov/2019:12:47:25 +0000] "GET /report HTTP/1.0" 500 15
127.0.0.1 - james [10/Nov/2019:12:47:25 +0000] "GET /report HTTP/1.0" 300 123
127.0.0.1 - james [10/Nov/2019:12:47:26 +0000] "GET /api/user HTTP/1.0" 400 123
127.0.0.1 - mary [10/Nov/2019:12:47:26 +0000] "POST /report HTTP/1.0" 300 15
127.0.0.1 - james [10/Nov/2019:12:47:27 +0000] "GET /report HTTP/1.0" 500 656
127.0.0.1 - jill [10/Nov/2019:12:47:27 +0000] "POST /api/user HTTP/1.0" 200 15
127.0.0.1 - mary [10/Nov/2019:12:47:27 +0000] "GET /report HTTP/1.0" 400 123
127.0.0.1 - frank [10/Nov/2019:12:47:28 +0000] "GET /report HTTP/1.0" 200 15
127.0.0.1 - mary [10/Nov/2019:12:47:28 +0000] "POST /api/user HTTP/1.0" 500 15
127.0.0.1 - jill [10/Nov/2019:12:47:28 +0000] "POST /api/user HTTP/1.0" 400 123
127.0.0.1 - james [10/Nov/2019:12:47:29 +0000] "GET /report HTTP/1.0" 300 656
127.0.0.1 - jill [10/Nov/2019:12:47:30 +0000] "POST /api/user HTTP/1.0" 500 15
127.0.0.1 - jill [10/Nov/2019:12:47:30 +0000] "POST /report HTTP/1.0" 500 123
127.0.0.1 - jill [10/Nov/2019:12:47:30 +0000] "GET /report HTTP/1.0" 400 123
127.0.0.1 - frank [10/Nov/2019:12:47:31 +0000] "POST /api/user HTTP/1.0" 300 656
127.0.0.1 - mary [10/Nov/2019:12:47:31 +0000] "POST /api/user HTTP/1.0" 300 123
127.0.0.1 - james [10/Nov/2019:12:47:32 +0000] "GET /report HTTP/1.0" 300 15
127.0.0.1 - mary [10/Nov/2019:12:47:32 +0000] "POST /api/user HTTP/1.0" 200 15
127.0.0.1 - mary [10/Nov/2019:12:47:33 +0000] "GET /api/user HTTP/1.0" 200 656
127.0.0.1 - frank [10/Nov/2019:12:47:34 +0000] "POST /api/user HTTP/1.0" 300 15
127.0.0.1 - mary [10/Nov/2019:12:47:34 +0000] "POST /report HTTP/1.0" 200 123
127.0.0.1 - frank [10/Nov/2019:12:47:35 +0000] "POST /report HTTP/1.0" 200 15
127.0.0.1 - james [10/Nov/2019:12:47:35 +0000] "POST /api/user HTTP/1.0" 400 123
127.0.0.1 - frank [10/Nov/2019:12:47:36 +0000] "POST /report HTTP/1.0" 400 15
127.0.0.1 - james [10/Nov/2019:12:47:36 +0000] "GET /report HTTP/1.0" 200 15
127.0.0.1 - jill [10/Nov/2019:12:47:36 +0000] "POST /api/user HTTP/1.0" 300 123
127.0.0.1 - james [10/Nov/2019:12:48:04 +0000] "POST /api/user HTTP/1.0" 400 656
127.0.0.1 - mary [10/Nov/2019:12:48:05 +0000] "GET /api/user HTTP/1.0" 400 123
127.0.0.1 - james [10/Nov/2019:12:48:05 +0000] "POST /api/user HTTP/1.0" 200 123
127.0.0.1 - jill [10/Nov/2019:12:48:06 +0000] "POST /api/user HTTP/1.0" 200 15
127.0.0.1 - mary [10/Nov/2019:12:48:06 +0000] "POST /api/user HTTP/1.0" 400 15
127.0.0.1 - james [10/Nov/2019:12:48:06 +0000] "GET /report HTTP/1.0" 500 15
127.0.0.1 - frank [10/Nov/2019:12:48:07 +0000] "GET /api/user HTTP/1.0" 500 123
127.0.0.1 - jill [10/Nov/2019:12:48:08 +0000] "GET /report HTTP/1.0" 200 656
127.0.0.1 - james [10/Nov/2019:12:48:08 +0000] "POST /api/user HTTP/1.0" 400 123
127.0.0.1 - frank [10/Nov/2019:12:48:08 +0000] "POST /api/user HTTP/1.0" 300 123
127.0.0.1 - james [10/Nov/2019:12:48:09 +0000] "GET /api/user HTTP/1.0" 500 123
127.0.0.1 - james [10/Nov/2019:12:48:10 +0000] "GET /api/user HTTP/1.0" 500 656
127.0.0.1 - james [10/Nov/2019:12:48:10 +0000] "POST /report HTTP/1.0" 200 123
127.0.0.1 - jill [10/Nov/2019:12:48:10 +0000] "POST /report HTTP/1.0" 200 123
127.0.0.1 - mary [10/Nov/2019:12:48:11 +0000] "GET /report HTTP/1.0" 200 15
127.0.0.1 - frank [10/Nov/2019:12:48:11 +0000] "GET /api/user HTTP/1.0" 400 123
127.0.0.1 - jill [10/Nov/2019:12:48:12 +0000] "GET /report HTTP/1.0" 400 123
127.0.0.1 - jill [10/Nov/2019:12:48:13 +0000] "POST /report HTTP/1.0" 300 123
127.0.0.1 - mary [10/Nov/2019:12:48:13 +0000] "POST /api/user HTTP/1.0" 300 123
127.0.0.1 - frank [10/Nov/2019:12:48:14 +0000] "POST /api/user HTTP/1.0" 300 15
127.0.0.1 - frank [10/Nov/2019:12:48:14 +0000] "GET /report HTTP/1.0" 400 656
127.0.0.1 - mary [10/Nov/2019:12:48:15 +0000] "GET /report HTTP/1.0" 300 123
127.0.0.1 - james [10/Nov/2019:12:48:15 +0000] "POST /api/user HTTP/1.0" 200 15
127.0.0.1 - james [10/Nov/2019:12:48:15 +0000] "GET /report HTTP/1.0" 500 15
127.0.0.1 - james [10/Nov/2019:12:48:16 +0000] "GET /api/user HTTP/1.0" 200 15
127.0.0.1 - jill [10/Nov/2019:12:48:16 +0000] "GET /report HTTP/1.0" 500 123
127.0.0.1 - jill [10/Nov/2019:12:48:17 +0000] "GET /api/user HTTP/1.0" 400 123
127.0.0.1 - mary [10/Nov/2019:12:48:18 +0000] "GET /api/user HTTP/1.0" 500 123
127.0.0.1 - jill [10/Nov/2019:12:48:18 +0000] "GET /api/user HTTP/1.0" 200 123
127.0.0.1 - james [10/Nov/2019:12:48:19 +0000] "POST /api/user HTTP/1.0" 200 15
127.0.0.1 - mary [10/Nov/2019:12:48:20 +0000] "GET /report HTTP/1.0" 300 123
127.0.0.1 - frank [10/Nov/2019:12:48:20 +0000] "GET /report HTTP/1.0" 400 656
127.0.0.1 - jill [10/Nov/2019:12:48:21 +0000] "GET /api/user HTTP/1.0" 400 15
127.0.0.1 - james [10/Nov/2019:12:48:21 +0000] "GET /report HTTP/1.0" 500 656
127.0.0.1 - jill [10/Nov/2019:12:48:22 +0000] "GET /api/user HTTP/1.0" 300 123
127.0.0.1 - james [10/Nov/2019:12:48:22 +0000] "GET /api/user HTTP/1.0" 200 656
127.0.0.1 - frank [10/Nov/2019:12:48:23 +0000] "GET /report HTTP/1.0" 300 123
127.0.0.1 - james [10/Nov/2019:12:48:24 +0000] "GET /report HTTP/1.0" 200 123
127.0.0.1 - james [10/Nov/2019:12:48:24 +0000] "POST /api/user HTTP/1.0" 500 123
127.0.0.1 - james [10/Nov/2019:12:48:25 +0000] "POST /report HTTP/1.0" 500 656
127.0.0.1 - james [10/Nov/2019:12:48:25 +0000] "GET /report HTTP/1.0" 500 15
127.0.0.1 - james [10/Nov/2019:12:48:26 +0000] "GET /api/user HTTP/1.0" 200 656
127.0.0.1 - frank [10/Nov/2019:12:48:26 +0000] "GET /api/user HTTP/1.0" 300 123
127.0.0.1 - jill [10/Nov/2019:12:48:27 +0000] "GET /api/user HTTP/1.0" 500 656
127.0.0.1 - james [10/Nov/2019:12:48:57 +0000] "GET /report HTTP/1.0" 200 123
127.0.0.1 - james [10/Nov/2019:12:48:58 +0000] "POST /api/user HTTP/1.0" 500 15
127.0.0.1 - jill [10/Nov/2019:12:48:58 +0000] "POST /api/user HTTP/1.0" 300 656
127.0.0.1 - frank [10/Nov/2019:12:48:59 +0000] "GET /api/user HTTP/1.0" 500 123
127.0.0.1 - jill [10/Nov/2019:12:48:59 +0000] "GET /api/user HTTP/1.0" 200 656
127.0.0.1 - james [10/Nov/2019:12:49:00 +0000] "POST /report HTTP/1.0" 300 15
127.0.0.1 - jill [10/Nov/2019:12:49:00 +0000] "POST /api/user HTTP/1.0" 300 15
127.0.0.1 - jill [10/Nov/2019:12:49:01 +0000] "GET /report HTTP/1.0" 200 656
127.0.0.1 - mary [10/Nov/2019:12:49:01 +0000] "POST /report HTTP/1.0" 200 123
127.0.0.1 - james [10/Nov/2019:12:49:02 +0000] "GET /report HTTP/1.0" 200 15
127.0.0.1 - frank [10/Nov/2019:12:49:02 +0000] "GET /api/user HTTP/1.0" 300 123
127.0.0.1 - jill [10/Nov/2019:12:49:02 +0000] "POST /report HTTP/1.0" 500 15
127.0.0.1 - james [10/Nov/2019:12:49:03 +0000] "POST /api/user HTTP/1.0" 200 15
127.0.0.1 - mary [10/Nov/2019:12:49:03 +0000] "GET /api/user HTTP/1.0" 300 123
127.0.0.1 - jill [10/Nov/2019:12:49:04 +0000] "GET /api/user HTTP/1.0" 300 656
127.0.0.1 - mary [10/Nov/2019:12:49:04 +0000] "POST /report HTTP/1.0" 500 15
127.0.0.1 - james [10/Nov/2019:12:49:04 +0000] "POST /api/user HTTP/1.0" 400 15
127.0.0.1 - mary [10/Nov/2019:12:49:05 +0000] "POST /report HTTP/1.0" 300 123
127.0.0.1 - mary [10/Nov/2019:12:49:05 +0000] "POST /api/user HTTP/1.0" 400 123
127.0.0.1 - frank [10/Nov/2019:12:49:06 +0000] "GET /report HTTP/1.0" 300 123
127.0.0.1 - mary [10/Nov/2019:12:49:07 +0000] "POST /api/user HTTP/1.0" 300 123
127.0.0.1 - james [10/Nov/2019:12:49:07 +0000] "GET /report HTTP/1.0" 300 15
127.0.0.1 - mary [10/Nov/2019:12:49:07 +0000] "GET /api/user HTTP/1.0" 500 123
127.0.0.1 - mary [10/Nov/2019:12:49:08 +0000] "POST /report HTTP/1.0" 300 656
127.0.0.1 - mary [10/Nov/2019:12:49:08 +0000] "GET /report HTTP/1.0" 500 123
127.0.0.1 - mary [10/Nov/2019:12:49:09 +0000] "POST /api/user HTTP/1.0" 400 123
127.0.0.1 - jill [10/Nov/2019:12:49:09 +0000] "GET /report HTTP/1.0" 400 123
127.0.0.1 - frank [10/Nov/2019:12:49:10 +0000] "POST /report HTTP/1.0" 300 656
127.0.0.1 - jill [10/Nov/2019:12:49:10 +0000] "POST /report HTTP/1.0" 400 15
127.0.0.1 - james [10/Nov/2019:12:49:14 +0000] "POST /api/user HTTP/1.0" 500 656
127.0.0.1 - frank [10/Nov/2019:12:49:15 +0000] "GET /report HTTP/1.0" 200 123
127.0.0.1 - jill [10/Nov/2019:12:49:15 +0000] "POST /report HTTP/1.0" 400 123
127.0.0.1 - mary [10/Nov/2019:12:49:15 +0000] "GET /api/user HTTP/1.0" 300 123
127.0.0.1 - frank [10/Nov/2019:12:49:16 +0000] "GET /report HTTP/1.0" 200 123
127.0.0.1 - jill [10/Nov/2019:12:49:16 +0000] "GET /api/user HTTP/1.0" 300 123
127.0.0.1 - mary [10/Nov/2019:12:49:17 +0000] "POST /api/user HTTP/1.0" 400 123
127.0.0.1 - jill [10/Nov/2019:12:49:18 +0000] "GET /report HTTP/1.0" 300 656
127.0.0.1 - jill [10/Nov/2019:12:49:18 +0000] "GET /report HTTP/1.0" 300 656
127.0.0.1 - jill [10/Nov/2019:12:49:19 +0000] "GET /report HTTP/1.0" 500 123
127.0.0.1 - frank [10/Nov/2019:12:49:19 +0000] "POST /api/user HTTP/1.0" 300 656
127.0.0.1 - frank [10/Nov/2019:12:49:20 +0000] "GET /api/user HTTP/1.0" 500 15
127.0.0.1 - james [10/Nov/2019:12:49:20 +0000] "POST /report HTTP/1.0" 200 15
127.0.0.1 - jill [10/Nov/2019:12:49:21 +0000] "GET /report HTTP/1.0" 300 15
127.0.0.1 - jill [10/Nov/2019:12:49:21 +0000] "POST /report HTTP/1.0" 500 656
127.0.0.1 - jill [10/Nov/2019:12:49:21 +0000] "POST /api/user HTTP/1.0" 200 15
127.0.0.1 - james [10/Nov/2019:12:49:23 +0000] "GET /report HTTP/1.0" 300 15
127.0.0.1 - mary [10/Nov/2019:12:49:24 +0000] "POST /api/user HTTP/1.0" 500 15
127.0.0.1 - mary [10/Nov/2019:12:49:24 +0000] "GET /report HTTP/1.0" 400 15
127.0.0.1 - jill [10/Nov/2019:12:49:25 +0000] "POST /api/user HTTP/1.0" 500 15
127.0.0.1 - frank [10/Nov/2019:12:49:25 +0000] "GET /api/user HTTP/1.0" 400 123
127.0.0.1 - mary [10/Nov/2019:12:49:26 +0000] "GET /report HTTP/1.0" 200 123
127.0.0.1 - james [10/Nov/2019:12:49:26 +0000] "GET /report HTTP/1.0" 200 123
127.0.0.1 - mary [10/Nov/2019:12:49:27 +0000] "GET /api/user HTTP/1.0" 300 123
127.0.0.1 - james [10/Nov/2019:12:49:27 +0000] "GET /report HTTP/1.0" 500 123
127.0.0.1 - frank [10/Nov/2019:12:49:28 +0000] "GET /api/user HTTP/1.0" 300 15
127.0.0.1 - frank [10/Nov/2019:12:49:28 +0000] "GET /api/user HTTP/1.0" 300 656
127.0.0.1 - james [10/Nov/2019:12:49:29 +0000] "GET /report HTTP/1.0" 200 656
127.0.0.1 - frank [10/Nov/2019:12:49:29 +0000] "GET /report HTTP/1.0" 300 656
127.0.0.1 - frank [10/Nov/2019:12:49:30 +0000] "GET /api/user HTTP/1.0" 300 15
127.0.0.1 - james [10/Nov/2019:12:49:30 +0000] "POST /report HTTP/1.0" 200 656
127.0.0.1 - jill [10/Nov/2019:12:49:30 +0000] "POST /report HTTP/1.0" 500 15
127.0.0.1 - mary [10/Nov/2019:12:49:31 +0000] "GET /report HTTP/1.0" 400 15
127.0.0.1 - jill [10/Nov/2019:12:49:32 +0000] "POST /report HTTP/1.0" 500 15
127.0.0.1 - james [10/Nov/2019:12:49:32 +0000] "POST /api/user HTTP/1.0" 500 15
127.0.0.1 - mary [10/Nov/2019:12:49:33 +0000] "POST /report HTTP/1.0" 300 123
127.0.0.1 - mary [10/Nov/2019:12:49:33 +0000] "GET /report HTTP/1.0" 400 123
127.0.0.1 - jill [10/Nov/2019:12:49:34 +0000] "POST /report HTTP/1.0" 200 123
127.0.0.1 - james [10/Nov/2019:12:49:34 +0000] "GET /report HTTP/1.0" 300 656
127.0.0.1 - jill [10/Nov/2019:12:49:35 +0000] "POST /api/user HTTP/1.0" 500 656
127.0.0.1 - mary [10/Nov/2019:12:49:35 +0000] "GET /api/user HTTP/1.0" 400 123
127.0.0.1 - frank [10/Nov/2019:12:49:36 +0000] "POST /report HTTP/1.0" 500 656
127.0.0.1 - james [10/Nov/2019:12:49:36 +0000] "POST /api/user HTTP/1.0" 400 656
127.0.0.1 - james [10/Nov/2019:12:49:37 +0000] "GET /report HTTP/1.0" 400 15
127.0.0.1 - jill [10/Nov/2019:12:49:37 +0000] "POST /report HTTP/1.0" 300 656
127.0.0.1 - frank [10/Nov/2019:12:49:38 +0000] "GET /api/user HTTP/1.0" 500 15
127.0.0.1 - mary [10/Nov/2019:12:49:38 +0000] "POST /report HTTP/1.0" 500 123
127.0.0.1 - frank [10/Nov/2019:12:49:39 +0000] "GET /api/user HTTP/1.0" 400 123
127.0.0.1 - mary [10/Nov/2019:12:49:39 +0000] "GET /api/user HTTP/1.0" 300 123
127.0.0.1 - james [10/Nov/2019:12:49:40 +0000] "GET /api/user HTTP/1.0" 400 656
127.0.0.1 - mary [10/Nov/2019:12:49:40 +0000] "GET /report HTTP/1.0" 500 656
127.0.0.1 - james [10/Nov/2019:12:49:41 +0000] "POST /api/user HTTP/1.0" 400 656
127.0.0.1 - james [10/Nov/2019:12:49:41 +0000] "GET /report HTTP/1.0" 200 656
127.0.0.1 - mary [10/Nov/2019:12:49:42 +0000] "GET /report HTTP/1.0" 300 123
127.0.0.1 - james [10/Nov/2019:12:49:43 +0000] "POST /report HTTP/1.0" 400 123
127.0.0.1 - mary [10/Nov/2019:12:49:43 +0000] "GET /api/user HTTP/1.0" 500 15
127.0.0.1 - jill [10/Nov/2019:12:49:44 +0000] "GET /report HTTP/1.0" 300 656
127.0.0.1 - frank [10/Nov/2019:12:49:44 +0000] "POST /report HTTP/1.0" 500 656
127.0.0.1 - mary [10/Nov/2019:12:49:45 +0000] "POST /api/user HTTP/1.0" 500 15
127.0.0.1 - jill [10/Nov/2019:12:49:45 +0000] "GET /report HTTP/1.0" 300 123
127.0.0.1 - frank [10/Nov/2019:12:49:46 +0000] "POST /report HTTP/1.0" 400 15
127.0.0.1 - james [10/Nov/2019:12:49:46 +0000] "GET /api/user HTTP/1.0" 400 123
127.0.0.1 - jill [10/Nov/2019:12:49:46 +0000] "GET /api/user HTTP/1.0" 400 656
127.0.0.1 - jill [10/Nov/2019:12:49:47 +0000] "POST /report HTTP/1.0" 300 656
127.0.0.1 - frank [10/Nov/2019:12:49:47 +0000] "GET /report HTTP/1.0" 300 656
127.0.0.1 - james [10/Nov/2019:12:49:48 +0000] "POST /report HTTP/1.0" 400 123
127.0.0.1 - frank [10/Nov/2019:12:49:48 +0000] "GET /api/user HTTP/1.0" 400 656
127.0.0.1 - frank [10/Nov/2019:12:49:49 +0000] "POST /api/user HTTP/1.0" 200 656
127.0.0.1 - frank [10/Nov/2019:12:49:49 +0000] "POST /report HTTP/1.0" 400 15
127.0.0.1 - mary [10/Nov/2019:12:49:50 +0000] "GET /api/user HTTP/1.0" 300 15
127.0.0.1 - frank [10/Nov/2019:12:49:51 +0000] "POST /api/user HTTP/1.0" 400 15
127.0.0.1 - james [10/Nov/2019:12:49:51 +0000] "GET /api/user HTTP/1.0" 500 15
127.0.0.1 - jill [10/Nov/2019:12:49:52 +0000] "GET /api/user HTTP/1.0" 400 15
127.0.0.1 - jill [10/Nov/2019:12:49:52 +0000] "GET /report HTTP/1.0" 200 123
127.0.0.1 - mary [10/Nov/2019:12:49:53 +0000] "POST /report HTTP/1.0" 500 656
127.0.0.1 - james [10/Nov/2019:12:49:53 +0000] "POST /report HTTP/1.0" 500 123
127.0.0.1 - james [10/Nov/2019:12:49:54 +0000] "GET /api/user HTTP/1.0" 200 656
127.0.0.1 - james [10/Nov/2019:12:49:54 +0000] "POST /api/user HTTP/1.0" 300 656
127.0.0.1 - frank [10/Nov/2019:12:49:55 +0000] "POST /report HTTP/1.0" 500 656
127.0.0.1 - james [10/Nov/2019:12:49:56 +0000] "GET /report HTTP/1.0" 500 656
127.0.0.1 - mary [10/Nov/2019:12:49:56 +0000] "POST /api/user HTTP/1.0" 300 15
127.0.0.1 - mary [10/Nov/2019:12:49:57 +0000] "POST /report HTTP/1.0" 500 656
127.0.0.1 - mary [10/Nov/2019:12:49:57 +0000] "POST /report HTTP/1.0" 300 15
127.0.0.1 - mary [10/Nov/2019:12:49:58 +0000] "POST /api/user HTTP/1.0" 400 15
127.0.0.1 - james [10/Nov/2019:12:49:58 +0000] "POST /report HTTP/1.0" 400 15
127.0.0.1 - jill [10/Nov/2019:12:49:59 +0000] "POST /api/user HTTP/1.0" 500 15
127.0.0.1 - mary [10/Nov/2019:12:49:59 +0000] "POST /api/user HTTP/1.0" 200 15
127.0.0.1 - james [10/Nov/2019:12:50:00 +0000] "GET /report HTTP/1.0" 300 656
127.0.0.1 - frank [10/Nov/2019:12:50:00 +0000] "POST /report HTTP/1.0" 300 656
127.0.0.1 - mary [10/Nov/2019:12:50:01 +0000] "POST /api/user HTTP/1.0" 300 656
127.0.0.1 - jill [10/Nov/2019:12:50:01 +0000] "GET /api/user HTTP/1.0" 200 15
127.0.0.1 - jill [10/Nov/2019:12:50:02 +0000] "GET /api/user HTTP/1.0" 500 123
127.0.0.1 - mary [10/Nov/2019:12:50:02 +0000] "GET /api/user HTTP/1.0" 400 123
127.0.0.1 - mary [10/Nov/2019:12:50:03 +0000] "POST /report HTTP/1.0" 300 656
127.0.0.1 - james [10/Nov/2019:12:50:03 +0000] "GET /report HTTP/1.0" 200 123
127.0.0.1 - james [10/Nov/2019:12:50:04 +0000] "GET /report HTTP/1.0" 200 123
127.0.0.1 - frank [10/Nov/2019:12:50:05 +0000] "GET /report HTTP/1.0" 500 123
127.0.0.1 - james [10/Nov/2019:12:50:05 +0000] "GET /report HTTP/1.0" 500 123
127.0.0.1 - mary [10/Nov/2019:12:50:06 +0000] "GET /api/user HTTP/1.0" 500 123
127.0.0.1 - james [10/Nov/2019:12:50:06 +0000] "POST /api/user HTTP/1.0" 500 123
127.0.0.1 - frank [10/Nov/2019:12:50:06 +0000] "POST /report HTTP/1.0" 200 15
127.0.0.1 - frank [10/Nov/2019:12:50:07 +0000] "GET /api/user HTTP/1.0" 500 15
127.0.0.1 - mary [10/Nov/2019:12:50:08 +0000] "GET /api/user HTTP/1.0" 200 656
127.0.0.1 - mary [10/Nov/2019:12:50:08 +0000] "POST /report HTTP/1.0" 400 656
127.0.0.1 - james [10/Nov/2019:12:50:09 +0000] "POST /report HTTP/1.0" 300 123
127.0.0.1 - james [10/Nov/2019:12:50:09 +0000] "POST /api/user HTTP/1.0" 200 123
127.0.0.1 - james [10/Nov/2019:12:50:10 +0000] "POST /api/user HTTP/1.0" 500 123
127.0.0.1 - james [10/Nov/2019:12:50:11 +0000] "POST /report HTTP/1.0" 300 656
127.0.0.1 - mary [10/Nov/2019:12:50:11 +0000] "GET /api/user HTTP/1.0" 500 656
127.0.0.1 - frank [10/Nov/2019:12:50:12 +0000] "GET /report HTTP/1.0" 500 656
127.0.0.1 - mary [10/Nov/2019:12:50:12 +0000] "GET /report HTTP/1.0" 500 15
127.0.0.1 - jill [10/Nov/2019:12:50:13 +0000] "GET /report HTTP/1.0" 400 656
127.0.0.1 - james [10/Nov/2019:12:50:13 +0000] "GET /report HTTP/1.0" 200 15
127.0.0.1 - frank [10/Nov/2019:12:50:14 +0000] "GET /api/user HTTP/1.0" 200 656
127.0.0.1 - frank [10/Nov/2019:12:50:14 +0000] "GET /api/user HTTP/1.0" 300 15
127.0.0.1 - james [10/Nov/2019:12:50:15 +0000] "GET /report HTTP/1.0" 400 656
127.0.0.1 - frank [10/Nov/2019:12:50:15 +0000] "GET /api/user HTTP/1.0" 500 15
127.0.0.1 - mary [10/Nov/2019:12:50:16 +0000] "POST /api/user HTTP/1.0" 200 123
127.0.0.1 - james [10/Nov/2019:12:50:16 +0000] "GET /report HTTP/1.0" 200 15
127.0.0.1 - mary [10/Nov/2019:12:50:17 +0000] "POST /report HTTP/1.0" 500 656
127.0.0.1 - jill [10/Nov/2019:12:50:17 +0000] "GET /report HTTP/1.0" 500 15
127.0.0.1 - mary [10/Nov/2019:12:50:18 +0000] "GET /report HTTP/1.0" 300 123
127.0.0.1 - james [10/Nov/2019:12:50:18 +0000] "POST /api/user HTTP/1.0" 500 123
127.0.0.1 - jill [10/Nov/2019:12:50:18 +0000] "POST /api/user HTTP/1.0" 300 15
127.0.0.1 - james [10/Nov/2019:12:50:19 +0000] "GET /report HTTP/1.0" 300 656
127.0.0.1 - frank [10/Nov/2019:12:50:19 +0000] "POST /report HTTP/1.0" 400 656
127.0.0.1 - james [10/Nov/2019:12:50:20 +0000] "GET /report HTTP/1.0" 500 15
127.0.0.1 - frank [10/Nov/2019:12:50:20 +0000] "POST /api/user HTTP/1.0" 200 656
127.0.0.1 - frank [10/Nov/2019:12:50:21 +0000] "GET /report HTTP/1.0" 300 656
127.0.0.1 - james [10/Nov/2019:12:50:21 +0000] "POST /api/user HTTP/1.0" 500 15
127.0.0.1 - mary [10/Nov/2019:12:50:21 +0000] "POST /api/user HTTP/1.0" 200 656
127.0.0.1 - james [10/Nov/2019:12:50:22 +0000] "POST /report HTTP/1.0" 500 15
127.0.0.1 - james [10/Nov/2019:12:50:22 +0000] "GET /report HTTP/1.0" 200 15
127.0.0.1 - mary [10/Nov/2019:12:50:23 +0000] "GET /api/user HTTP/1.0" 200 656
127.0.0.1 - james [10/Nov/2019:12:50:23 +0000] "GET /api/user HTTP/1.0" 500 656
127.0.0.1 - james [10/Nov/2019:12:50:23 +0000] "GET /api/user HTTP/1.0" 500 123
127.0.0.1 - mary [10/Nov/2019:12:50:24 +0000] "POST /api/user HTTP/1.0" 500 656
127.0.0.1 - frank [10/Nov/2019:12:50:24 +0000] "GET /report HTTP/1.0" 300 656
127.0.0.1 - james [10/Nov/2019:12:50:25 +0000] "GET /report HTTP/1.0" 400 15
127.0.0.1 - frank [10/Nov/2019:12:50:25 +0000] "POST /api/user HTTP/1.0" 500 656
127.0.0.1 - james [10/Nov/2019:12:50:26 +0000] "GET /report HTTP/1.0" 300 15
127.0.0.1 - james [10/Nov/2019:12:50:26 +0000] "GET /report HTTP/1.0" 200 123
127.0.0.1 - jill [10/Nov/2019:12:50:26 +0000] "POST /api/user HTTP/1.0" 200 123
127.0.0.1 - mary [10/Nov/2019:12:50:27 +0000] "GET /api/user HTTP/1.0" 400 123
127.0.0.1 - frank [10/Nov/2019:12:50:28 +0000] "POST /report HTTP/1.0" 300 656
127.0.0.1 - james [10/Nov/2019:12:50:28 +0000] "GET /report HTTP/1.0" 300 656
127.0.0.1 - frank [10/Nov/2019:12:50:29 +0000] "GET /report HTTP/1.0" 400 656
127.0.0.1 - mary [10/Nov/2019:12:50:29 +0000] "GET /api/user HTTP/1.0" 500 656
127.0.0.1 - frank [10/Nov/2019:12:50:29 +0000] "GET /api/user HTTP/1.0" 500 123
127.0.0.1 - frank [10/Nov/2019:12:50:30 +0000] "GET /report HTTP/1.0" 500 656
127.0.0.1 - james [10/Nov/2019:12:50:31 +0000] "GET /api/user HTTP/1.0" 500 123
127.0.0.1 - james [10/Nov/2019:12:50:31 +0000] "POST /report HTTP/1.0" 500 656
127.0.0.1 - mary [10/Nov/2019:12:50:32 +0000] "GET /report HTTP/1.0" 300 15
127.0.0.1 - frank [10/Nov/2019:12:50:32 +0000] "GET /report HTTP/1.0" 400 15
127.0.0.1 - jill [10/Nov/2019:12:50:33 +0000] "POST /report HTTP/1.0" 300 15
127.0.0.1 - jill [10/Nov/2019:12:50:33 +0000] "GET /report HTTP/1.0" 500 123
127.0.0.1 - frank [10/Nov/2019:12:50:34 +0000] "POST /report HTTP/1.0" 500 15
127.0.0.1 - frank [10/Nov/2019:12:50:34 +0000] "GET /api/user HTTP/1.0" 300 15
127.0.0.1 - james [10/Nov/2019:12:50:34 +0000] "POST /api/user HTTP/1.0" 200 656
127.0.0.1 - james [10/Nov/2019:12:50:35 +0000] "POST /api/user HTTP/1.0" 300 15
127.0.0.1 - james [10/Nov/2019:12:50:35 +0000] "GET /api/user HTTP/1.0" 400 15
127.0.0.1 - frank [10/Nov/2019:12:50:36 +0000] "GET /api/user HTTP/1.0" 500 15
127.0.0.1 - mary [10/Nov/2019:12:50:36 +0000] "POST /api/user HTTP/1.0" 200 15
127.0.0.1 - mary [10/Nov/2019:12:50:36 +0000] "POST /report HTTP/1.0" 200 656
127.0.0.1 - jill [10/Nov/2019:12:50:37 +0000] "POST /report HTTP/1.0" 300 123
127.0.0.1 - mary [10/Nov/2019:12:50:37 +0000] "GET /api/user HTTP/1.0" 400 15
127.0.0.1 - jill [10/Nov/2019:12:50:38 +0000] "POST /report HTTP/1.0" 500 123
127.0.0.1 - james [10/Nov/2019:12:50:39 +0000] "POST /api/user HTTP/1.0" 300 123
127.0.0.1 - frank [10/Nov/2019:12:50:39 +0000] "GET /api/user HTTP/1.0" 400 123
127.0.0.1 - frank [10/Nov/2019:12:50:40 +0000] "POST /api/user HTTP/1.0" 400 656
127.0.0.1 - frank [10/Nov/2019:12:50:40 +0000] "GET /report HTTP/1.0" 400 656
127.0.0.1 - mary [10/Nov/2019:12:50:41 +0000] "GET /api/user HTTP/1.0" 400 15
127.0.0.1 - james [10/Nov/2019:12:50:41 +0000] "POST /report HTTP/1.0" 400 123
127.0.0.1 - mary [10/Nov/2019:12:50:42 +0000] "POST /api/user HTTP/1.0" 400 15
127.0.0.1 - james [10/Nov/2019:12:50:42 +0000] "GET /api/user HTTP/1.0" 500 15
